    Checking scale v0.1.0 (/app)
warning: variable does not need to be mutable
  --> tests/integration/ui_stats.rs:26:13
   |
26 | ...   let mut resources = ColonyResources { food: 42.0, ..Default::defau...
   |           ----^^^^^^^^^
   |           |
   |           help: remove this `mut`
   |
   = note: `#[warn(unused_mut)]` (part of `#[warn(unused)]`) on by default

warning: variable does not need to be mutable
  --> tests/integration/hauling_flow.rs:22:13
   |
22 | ...   let mut resources = ColonyResources { tools: 0.0, ..Default::defau...
   |           ----^^^^^^^^^
   |           |
   |           help: remove this `mut`

warning: variable does not need to be mutable
   --> tests/integration/subspace_pen_pals.rs:116:9
    |
116 |     let mut resources = ColonyResources { knowledge: 100.0, ..Default::...
    |         ----^^^^^^^^^
    |         |
    |         help: remove this `mut`

warning: `scale` (test "integration") generated 3 warnings (run `cargo clippy --fix --test "integration" -p scale` to apply 3 suggestions)
warning: variable does not need to be mutable
   --> src/layer1/social/pen_pals.rs:234:13
    |
234 | ...   let mut resources = ColonyResources { knowledge: 100.0, ..Default...
    |           ----^^^^^^^^^
    |           |
    |           help: remove this `mut`
    |
    = note: `#[warn(unused_mut)]` (part of `#[warn(unused)]`) on by default

warning: variable does not need to be mutable
   --> src/layer1/spoilage.rs:136:13
    |
136 | ...   let mut resources = ColonyResources { food: 1000.0, ..Default::de...
    |           ----^^^^^^^^^
    |           |
    |           help: remove this `mut`

warning: variable does not need to be mutable
   --> src/layer1/spoilage.rs:174:13
    |
174 | ...   let mut resources = ColonyResources { rations: 1000.0, ..Default:...
    |           ----^^^^^^^^^
    |           |
    |           help: remove this `mut`

warning: variable does not need to be mutable
   --> src/layer1/spoilage.rs:191:13
    |
191 | ...   let mut resources = ColonyResources { food: 1000.0, ..Default::de...
    |           ----^^^^^^^^^
    |           |
    |           help: remove this `mut`

warning: variable does not need to be mutable
   --> src/layer1/spoilage.rs:195:13
    |
195 | ...   let mut vermin = VerminState { severity: 50.0, ..Default::default...
    |           ----^^^^^^
    |           |
    |           help: remove this `mut`

warning: variable does not need to be mutable
   --> src/layer1/tech/mod.rs:561:13
    |
561 | ...   let mut state = TechState { total_capacity: 100.0, ..Default::def...
    |           ----^^^^^
    |           |
    |           help: remove this `mut`

warning: variable does not need to be mutable
   --> src/layer1/utility_ai_population.rs:706:13
    |
706 | ...   let mut resources = ColonyResources { wood: 0.0, ..Default::defau...
    |           ----^^^^^^^^^
    |           |
    |           help: remove this `mut`

warning: variable does not need to be mutable
   --> src/layer1/utility_types.rs:647:13
    |
647 | ...   let mut weights = UtilityWeights { availability_weight: 0.5, ..De...
    |           ----^^^^^^^
    |           |
    |           help: remove this `mut`

warning: variable does not need to be mutable
   --> src/layer1/eureka.rs:199:13
    |
199 | ...   let mut tech_state = TechState { total_capacity: 100.0, ..Default...
    |           ----^^^^^^^^^^
    |           |
    |           help: remove this `mut`

warning: variable does not need to be mutable
  --> src/layer1/retrograde_tests.rs:54:13
   |
54 | ...   let mut resources = ColonyResources { max_knowledge: 1000.0, ..Def...
   |           ----^^^^^^^^^
   |           |
   |           help: remove this `mut`

warning: variable does not need to be mutable
  --> src/layer1/retrograde_tests.rs:92:13
   |
92 | ...   let mut resources = ColonyResources { max_knowledge: 1000.0, ..Def...
   |           ----^^^^^^^^^
   |           |
   |           help: remove this `mut`

warning: variable does not need to be mutable
   --> src/layer1/retrograde_tests.rs:129:13
    |
129 | ...   let mut resources = ColonyResources { max_knowledge: 1000.0, ..De...
    |           ----^^^^^^^^^
    |           |
    |           help: remove this `mut`

warning: variable does not need to be mutable
   --> src/layer1/retrograde_tests.rs:167:13
    |
167 | ...   let mut resources = ColonyResources { max_knowledge: 1000.0, ..De...
    |           ----^^^^^^^^^
    |           |
    |           help: remove this `mut`

warning: variable does not need to be mutable
   --> src/layer1/private_stash.rs:154:13
    |
154 | ...   let mut resources = ColonyResources { food: 100.0, ..Default::def...
    |           ----^^^^^^^^^
    |           |
    |           help: remove this `mut`

warning: variable does not need to be mutable
   --> src/layer1/private_stash.rs:216:13
    |
216 | ...   let mut resources = ColonyResources { metal: 50.0, ..Default::def...
    |           ----^^^^^^^^^
    |           |
    |           help: remove this `mut`

warning: variable does not need to be mutable
   --> src/layer1/private_stash.rs:298:13
    |
298 |         let mut res = ColonyResources { food: 5.0, ..Default::default() };
    |             ----^^^
    |             |
    |             help: remove this `mut`

warning: variable does not need to be mutable
   --> src/layer1/private_stash.rs:338:13
    |
338 | ...   let mut res = ColonyResources { food: 20.0, ..Default::default() };
    |           ----^^^
    |           |
    |           help: remove this `mut`

warning: variable does not need to be mutable
   --> src/layer1/memetic.rs:103:13
    |
103 | ...   let mut tech_state = TechState { total_capacity: 1000.0, ..Defaul...
    |           ----^^^^^^^^^^
    |           |
    |           help: remove this `mut`

warning: variable does not need to be mutable
  --> src/layer1/improvised_tools_tests.rs:13:13
   |
13 | ...   let mut resources = ColonyResources { tools: 10.0, ..Default::defa...
   |           ----^^^^^^^^^
   |           |
   |           help: remove this `mut`

warning: variable does not need to be mutable
  --> src/layer1/nature/atmosphere_tides_tests.rs:28:13
   |
28 |         let mut time = SimulationTime { tick: 250, ..Default::default() };
   |             ----^^^^
   |             |
   |             help: remove this `mut`

warning: variable does not need to be mutable
  --> src/layer1/nature/atmosphere_tides_tests.rs:41:13
   |
41 |         let mut time = SimulationTime { tick: 750, ..Default::default() };
   |             ----^^^^
   |             |
   |             help: remove this `mut`

warning: this assertion is always `true`
   --> src/layer1/tech/harmonic_mining_tests.rs:103:13
    |
103 |             assert!(true);
    |             ^^^^^^^^^^^^^
    |
    = help: remove the assertion
    = help: for further information visit https://rust-lang.github.io/rust-clippy/rust-1.94.0/index.html#assertions_on_constants
    = note: `#[warn(clippy::assertions_on_constants)]` on by default

warning: `scale` (lib test) generated 22 warnings (run `cargo clippy --fix --lib -p scale --tests` to apply 21 suggestions)
    Finished `dev` profile [unoptimized + debuginfo] target(s) in 27.41s
