    Updating crates.io index
    Blocking waiting for file lock on package cache
     Locking 492 packages to latest compatible versions
      Adding bevy v0.15.3 (available: v0.18.1)
      Adding bevy_app v0.15.3 (available: v0.18.1)
      Adding bevy_ecs v0.15.4 (available: v0.18.1)
      Adding bevy_reflect v0.15.3 (available: v0.18.1)
      Adding bevy_tasks v0.15.3 (available: v0.18.1)
      Adding bevy_time v0.15.3 (available: v0.18.1)
      Adding bevy_utils v0.15.3 (available: v0.18.1)
      Adding criterion v0.5.1 (available: v0.8.2)
      Adding generic-array v0.14.7 (available: v0.14.9)
      Adding mockall v0.13.1 (available: v0.14.0)
      Adding petgraph v0.6.5 (available: v0.8.3)
      Adding pollster v0.3.0 (available: v0.4.0)
      Adding rand v0.8.6 (available: v0.10.1)
      Adding rand_distr v0.4.3 (available: v0.6.0)
      Adding ratatui-hypertile v0.1.0 (available: v0.3.1)
      Adding ratatui-hypertile-extras v0.1.0 (available: v0.3.1)
      Adding strum v0.26.3 (available: v0.28.0)
      Adding strum_macros v0.26.4 (available: v0.28.0)
      Adding termwiz v0.23.0 (available: v0.23.3)
      Adding uuid v1.12.1 (available: v1.23.1)
      Adding wezterm-blob-leases v0.1.0 (available: v0.1.1)
      Adding wgpu v24.0.5 (available: v29.0.1)
    Blocking waiting for file lock on package cache
 Downloading crates ...
  Downloaded accesskit v0.17.1
  Downloaded anstyle-query v1.1.5
  Downloaded colorchoice v1.0.5
  Downloaded adler2 v2.0.1
  Downloaded criterion-plot v0.5.0
  Downloaded line-clipping v0.3.7
  Downloaded heck v0.5.0
  Downloaded memoffset v0.9.1
  Downloaded log v0.4.29
  Downloaded rand_xorshift v0.3.0
  Downloaded rand_distr v0.4.3
  Downloaded static_assertions v1.1.0
  Downloaded signal-hook v0.3.18
  Downloaded tiny-keccak v2.0.2
  Downloaded wyz v0.5.1
  Downloaded zmij v1.0.21
  Downloaded wezterm-input-types v0.1.0
  Downloaded zune-core v0.5.1
  Downloaded tiff v0.11.3
  Downloaded tracing v0.1.44
  Downloaded termwiz v0.23.0
  Downloaded wezterm-bidi v0.2.3
  Downloaded typenum v1.20.0
  Downloaded wgpu-types v24.0.0
  Downloaded wgpu-core v24.0.5
  Downloaded ratatui-widgets v0.3.0
  Downloaded wgpu-core v23.0.1
  Downloaded wgpu v24.0.5
  Downloaded ratatui-core v0.1.0
  Downloaded web-sys v0.3.95
  Downloaded regex v1.12.3
  Downloaded zerocopy-derive v0.8.48
  Downloaded wgpu v23.0.1
  Downloaded serde v1.0.228
  Downloaded winnow v0.7.15
  Downloaded regex-syntax v0.8.10
  Downloaded rustix v1.1.4
  Downloaded rayon-core v1.13.0
  Downloaded regex-automata v0.4.14
  Downloaded typewit v1.15.2
  Downloaded syn v2.0.117
  Downloaded syn v1.0.109
  Downloaded unicode-width v0.2.2
  Downloaded wgpu-hal v23.0.1
  Downloaded rayon v1.12.0
  Downloaded ratatui-hypertile v0.1.0
  Downloaded zerocopy v0.8.48
  Downloaded wgpu-hal v24.0.4
  Downloaded zune-jpeg v0.5.15
  Downloaded unicode-segmentation v1.13.2
  Downloaded unicode-width v0.1.14
  Downloaded pxfm v0.1.29
  Downloaded tracing-subscriber v0.3.23
  Downloaded time v0.3.47
  Downloaded portable-atomic v1.13.1
  Downloaded plotters v0.3.7
  Downloaded petgraph v0.6.5
  Downloaded rand v0.8.6
  Downloaded png v0.18.1
  Downloaded pest_meta v2.8.6
  Downloaded vtparse v0.6.2
  Downloaded uuid v1.12.1
  Downloaded unicode-truncate v2.0.1
  Downloaded toml_edit v0.22.27
  Downloaded serde_json v1.0.149
  Downloaded naga v24.0.0
  Downloaded walkdir v2.5.0
  Downloaded version_check v0.9.5
  Downloaded utf8parse v0.2.2
  Downloaded unicode-xid v0.2.6
  Downloaded unicode-ident v1.0.24
  Downloaded ucd-trie v0.1.7
  Downloaded pest v2.8.6
  Downloaded nom v7.1.3
  Downloaded nix v0.28.0
  Downloaded wgpu-types v23.0.0
  Downloaded wezterm-dynamic-derive v0.1.1
  Downloaded wezterm-dynamic v0.2.1
  Downloaded wasm-bindgen-macro v0.2.118
  Downloaded wasm-bindgen v0.2.118
  Downloaded noise v0.9.0
  Downloaded nix v0.29.0
  Downloaded naga_oil v0.16.0
  Downloaded naga v23.1.0
  Downloaded wezterm-color-types v0.3.0
  Downloaded wezterm-blob-leases v0.1.0
  Downloaded weezl v0.1.12
  Downloaded wasm-bindgen-shared v0.2.118
  Downloaded wasm-bindgen-macro-support v0.2.118
  Downloaded wasm-bindgen-futures v0.4.68
  Downloaded typeid v1.0.3
  Downloaded tracing-log v0.2.0
  Downloaded tracing-core v0.1.36
  Downloaded tracing-attributes v0.1.31
  Downloaded toml_datetime v0.6.11
  Downloaded tinyvec_macros v0.1.1
  Downloaded tinyvec v1.11.0
  Downloaded tinytemplate v1.2.1
  Downloaded thiserror-impl v2.0.18
  Downloaded thiserror-impl v1.0.69
  Downloaded thiserror v2.0.18
  Downloaded termtree v0.5.1
  Downloaded termios v0.3.3
  Downloaded nix v0.31.2
  Downloaded moxcms v0.8.1
  Downloaded time-core v0.1.8
  Downloaded thread_local v1.1.9
  Downloaded thiserror v1.0.69
  Downloaded terminfo v0.9.0
  Downloaded termcolor v1.4.1
  Downloaded tap v1.0.1
  Downloaded strum_macros v0.27.2
  Downloaded strum_macros v0.26.4
  Downloaded strum v0.27.2
  Downloaded strum v0.26.3
  Downloaded strsim v0.11.1
  Downloaded signal-hook-registry v1.4.8
  Downloaded serde_core v1.0.228
  Downloaded ron v0.8.1
  Downloaded ratatui v0.30.0
  Downloaded mio v1.2.0
  Downloaded miniz_oxide v0.8.9
  Downloaded deltae v0.3.2
  Downloaded sharded-slab v0.1.7
  Downloaded sha2 v0.10.9
  Downloaded serde_derive v1.0.228
  Downloaded semver v1.0.28
  Downloaded scopeguard v1.2.0
  Downloaded same-file v1.0.6
  Downloaded ryu v1.0.23
  Downloaded rustversion v1.0.22
  Downloaded rustc_version v0.4.1
  Downloaded rustc-hash v1.1.0
  Downloaded renderdoc-sys v1.1.0
  Downloaded raw-window-handle v0.6.2
  Downloaded ratzilla v0.3.0
  Downloaded ratatui-termwiz v0.1.0
  Downloaded ratatui-macros v0.7.0
  Downloaded ratatui-hypertile-extras v0.1.0
  Downloaded ratatui-crossterm v0.1.0
  Downloaded radium v0.7.0
  Downloaded quote v1.0.45
  Downloaded quick-error v2.0.1
  Downloaded profiling v1.0.17
  Downloaded proc-macro2 v1.0.106
  Downloaded predicates-tree v1.0.13
  Downloaded predicates-core v1.0.10
  Downloaded predicates v3.1.4
  Downloaded ppv-lite86 v0.2.21
  Downloaded powerfmt v0.2.0
  Downloaded pollster v0.3.0
  Downloaded plotters-backend v0.3.7
  Downloaded pkg-config v0.3.33
  Downloaded pin-project-lite v0.2.17
  Downloaded phf_macros v0.11.3
  Downloaded phf_generator v0.11.3
  Downloaded linux-raw-sys v0.12.1
  Downloaded jiff v0.2.24
  Downloaded glam v0.29.3
  Downloaded stackfuture v0.3.1
  Downloaded spirv v0.3.0+sdk-1.3.268.0
  Downloaded smol_str v0.2.2
  Downloaded smallvec v1.15.1
  Downloaded slab v0.4.12
  Downloaded siphasher v1.0.2
  Downloaded siphasher v0.3.11
  Downloaded simd-adler32 v0.3.9
  Downloaded signal-hook-mio v0.2.5
  Downloaded shlex v1.3.0
  Downloaded pp-rs v0.2.1
  Downloaded plotters-svg v0.3.7
  Downloaded piper v0.2.5
  Downloaded phf_shared v0.11.3
  Downloaded phf_codegen v0.11.3
  Downloaded phf v0.11.3
  Downloaded memchr v2.8.0
  Downloaded image v0.25.10
  Downloaded hashbrown v0.16.1
  Downloaded glow v0.14.2
  Downloaded futures-util v0.3.32
  Downloaded rand_core v0.6.4
  Downloaded parking_lot_core v0.9.12
  Downloaded parking_lot v0.12.5
  Downloaded parking v2.2.1
  Downloaded ordered-float v4.6.0
  Downloaded oorandom v11.1.5
  Downloaded num-traits v0.2.19
  Downloaded nu-ansi-term v0.50.3
  Downloaded nonmax v0.5.5
  Downloaded minimal-lexical v0.2.1
  Downloaded js-sys v0.3.95
  Downloaded itertools v0.14.0
  Downloaded itertools v0.13.0
  Downloaded itertools v0.10.5
  Downloaded indexmap v2.14.0
  Downloaded image-webp v0.2.4
  Downloaded hashbrown v0.17.0
  Downloaded hashbrown v0.15.5
  Downloaded hashbrown v0.14.5
  Downloaded glow v0.16.0
  Downloaded getrandom v0.3.4
  Downloaded flate2 v1.1.9
  Downloaded finl_unicode v1.4.0
  Downloaded fancy-regex v0.11.0
  Downloaded euclid v0.22.14
  Downloaded derive_more-impl v2.1.1
  Downloaded derive_more-impl v1.0.0
  Downloaded derive_more v2.1.1
  Downloaded derive_more v1.0.0
  Downloaded darling_core v0.23.0
  Downloaded crossterm v0.29.0
  Downloaded crossbeam-channel v0.5.15
  Downloaded rand_chacha v0.3.1
  Downloaded pest_generator v2.8.6
  Downloaded pest_derive v2.8.6
  Downloaded once_cell v1.21.4
  Downloaded offset-allocator v0.2.0
  Downloaded num_threads v0.1.7
  Downloaded num-derive v0.4.2
  Downloaded num-conv v0.2.1
  Downloaded mockall_derive v0.13.1
  Downloaded mockall v0.13.1
  Downloaded libc v0.2.186
  Downloaded kasuari v0.4.12
  Downloaded half v2.7.1
  Downloaded gpu-alloc v0.6.0
  Downloaded getrandom v0.2.17
  Downloaded futures-lite v2.6.1
  Downloaded fragile v2.1.0
  Downloaded foldhash v0.1.5
  Downloaded find-msvc-tools v0.1.9
  Downloaded fdeflate v0.3.7
  Downloaded fastrand v2.4.1
  Downloaded event-listener v5.4.1
  Downloaded equivalent v1.0.2
  Downloaded env_logger v0.11.10
  Downloaded encase v0.10.0
  Downloaded either v1.15.0
  Downloaded digest v0.10.7
  Downloaded deranged v0.5.8
  Downloaded data-encoding v2.11.0
  Downloaded darling v0.23.0
  Downloaded csscolorparser v0.6.2
  Downloaded crunchy v0.2.4
  Downloaded criterion v0.5.1
  Downloaded console_error_panic_hook v0.1.7
  Downloaded bevy_ecs v0.15.4
  Downloaded bevy v0.15.3
  Downloaded beamterm-data v0.10.0
  Downloaded ash v0.38.0+1.3.281
  Downloaded libm v0.2.16
  Downloaded khronos-egl v6.0.0
  Downloaded jobserver v0.1.34
  Downloaded is-terminal v0.4.17
  Downloaded indoc v2.0.7
  Downloaded hexf-parse v0.2.1
  Downloaded hexasphere v15.1.0
  Downloaded hex v0.4.3
  Downloaded gpu-descriptor-types v0.2.0
  Downloaded gpu-descriptor v0.3.2
  Downloaded generic-array v0.14.7
  Downloaded futures-task v0.3.32
  Downloaded funty v2.0.0
  Downloaded foldhash v0.2.0
  Downloaded fnv v1.0.7
  Downloaded fixedbitset v0.5.7
  Downloaded fixedbitset v0.4.2
  Downloaded filedescriptor v0.8.3
  Downloaded fax_derive v0.2.0
  Downloaded fax v0.2.6
  Downloaded event-listener v2.5.3
  Downloaded erased-serde v0.4.10
  Downloaded encase_derive_impl v0.10.0
  Downloaded encase_derive v0.10.0
  Downloaded downcast-rs v1.2.1
  Downloaded darling_macro v0.23.0
  Downloaded clap_builder v4.6.0
  Downloaded blake3 v1.8.5
  Downloaded bitvec v1.0.1
  Downloaded bevy_render v0.15.3
  Downloaded bevy_reflect v0.15.3
  Downloaded bevy_math v0.15.3
  Downloaded bevy_asset v0.15.3
  Downloaded memmem v0.1.1
  Downloaded matchers v0.2.0
  Downloaded mac_address v1.1.8
  Downloaded lru v0.16.4
  Downloaded lock_api v0.4.14
  Downloaded litrs v1.0.0
  Downloaded libloading v0.8.9
  Downloaded lab v0.11.0
  Downloaded itoa v1.0.18
  Downloaded is_terminal_polyfill v1.70.2
  Downloaded instability v0.3.12
  Downloaded ident_case v1.0.1
  Downloaded gpu-alloc-types v0.3.0
  Downloaded futures-io v0.3.32
  Downloaded futures-core v0.3.32
  Downloaded errno v0.3.14
  Downloaded env_filter v1.0.1
  Downloaded downcast v0.11.0
  Downloaded disqualified v1.0.0
  Downloaded ctrlc v3.5.2
  Downloaded crypto-common v0.1.7
  Downloaded crossbeam-utils v0.8.21
  Downloaded crossbeam-epoch v0.9.18
  Downloaded const_soft_float v0.1.4
  Downloaded const_panic v0.2.15
  Downloaded compact_str v0.9.0
  Downloaded comfy-table v7.2.2
  Downloaded cc v1.2.61
  Downloaded bytemuck v1.25.0
  Downloaded bumpalo v3.20.2
  Downloaded bevy_reflect_derive v0.15.3
  Downloaded bevy_mesh v0.15.3
  Downloaded bevy_internal v0.15.3
  Downloaded bevy_input v0.15.3
  Downloaded bevy_image v0.15.3
  Downloaded bevy_color v0.15.4
  Downloaded beamterm-renderer v0.10.0
  Downloaded base64 v0.21.7
  Downloaded async-task v4.7.1
  Downloaded async-executor v1.14.0
  Downloaded assert_type_match v0.1.1
  Downloaded aho-corasick v1.1.4
  Downloaded event-listener-strategy v0.5.4
  Downloaded document-features v0.2.12
  Downloaded crossbeam-deque v0.8.6
  Downloaded cpufeatures v0.3.0
  Downloaded cpufeatures v0.2.17
  Downloaded convert_case v0.10.0
  Downloaded codespan-reporting v0.11.1
  Downloaded clap_derive v4.6.1
  Downloaded clap v4.6.1
  Downloaded ciborium v0.2.2
  Downloaded bytemuck_derive v1.10.2
  Downloaded bitflags v2.11.1
  Downloaded bitflags v1.3.2
  Downloaded bit-vec v0.6.3
  Downloaded bevy_window v0.15.3
  Downloaded bevy_utils v0.15.3
  Downloaded bevy_transform v0.15.3
  Downloaded bevy_time v0.15.3
  Downloaded bevy_tasks v0.15.3
  Downloaded bevy_mikktspace v0.15.3
  Downloaded bevy_log v0.15.3
  Downloaded bevy_hierarchy v0.15.3
  Downloaded bevy_ecs_macros v0.15.3
  Downloaded bevy_core v0.15.3
  Downloaded bevy_asset_macros v0.15.3
  Downloaded bevy_app v0.15.3
  Downloaded autocfg v1.5.0
  Downloaded atomicow v1.2.0
  Downloaded async-lock v3.4.2
  Downloaded async-fs v2.2.0
  Downloaded async-channel v2.5.0
  Downloaded async-broadcast v0.5.1
  Downloaded arrayvec v0.7.6
  Downloaded lazy_static v1.5.0
  Downloaded crc32fast v1.5.0
  Downloaded constgebra v0.1.4
  Downloaded constant_time_eq v0.4.2
  Downloaded const-random-macro v0.1.16
  Downloaded concurrent-queue v2.5.0
  Downloaded clap_lex v1.1.0
  Downloaded ciborium-io v0.2.2
  Downloaded cfg_aliases v0.1.1
  Downloaded cfg-if v1.0.4
  Downloaded castaway v0.2.4
  Downloaded cast v0.3.0
  Downloaded byteorder-lite v0.1.0
  Downloaded blocking v1.6.2
  Downloaded bit-vec v0.8.0
  Downloaded bit-set v0.8.0
  Downloaded bit-set v0.5.3
  Downloaded bevy_render_macros v0.15.3
  Downloaded bevy_macro_utils v0.15.3
  Downloaded bevy_encase_derive v0.15.3
  Downloaded bevy_diagnostic v0.15.3
  Downloaded bevy_derive v0.15.3
  Downloaded bevy_a11y v0.15.3
  Downloaded atomic v0.6.1
  Downloaded assert_approx_eq v1.1.0
  Downloaded anyhow v1.0.102
  Downloaded allocator-api2 v0.2.21
  Downloaded ahash v0.8.12
  Downloaded const-random v0.1.18
  Downloaded const-fnv1a-hash v1.1.0
  Downloaded ciborium-ll v0.2.2
  Downloaded cfg_aliases v0.2.1
  Downloaded block-buffer v0.10.4
  Downloaded anstyle-parse v1.0.0
  Downloaded anstyle v1.0.14
  Downloaded anstream v1.0.0
  Downloaded anes v0.1.6
  Downloaded bevy_utils_proc_macros v0.15.3
  Downloaded bevy_ptr v0.15.3
  Downloaded atomic-waker v1.1.2
  Downloaded arrayref v0.3.9
    Blocking waiting for file lock on package cache
   Compiling proc-macro2 v1.0.106
   Compiling unicode-ident v1.0.24
   Compiling quote v1.0.45
    Checking cfg-if v1.0.4
   Compiling serde_core v1.0.228
   Compiling libc v0.2.186
    Checking once_cell v1.21.4
   Compiling zerocopy v0.8.48
    Checking pin-project-lite v0.2.17
    Checking equivalent v1.0.2
   Compiling rustversion v1.0.22
   Compiling cfg_aliases v0.2.1
    Checking allocator-api2 v0.2.21
    Checking smallvec v1.15.1
   Compiling crossbeam-utils v0.8.21
   Compiling serde v1.0.228
    Checking futures-core v0.3.32
    Checking log v0.4.29
   Compiling crunchy v0.2.4
   Compiling tiny-keccak v2.0.2
    Checking either v1.15.0
    Checking slab v0.4.12
   Compiling hashbrown v0.17.0
   Compiling heck v0.5.0
   Compiling getrandom v0.3.4
   Compiling version_check v0.9.5
   Compiling toml_datetime v0.6.11
   Compiling autocfg v1.5.0
   Compiling libm v0.2.16
   Compiling winnow v0.7.15
   Compiling syn v2.0.117
   Compiling indexmap v2.14.0
   Compiling ahash v0.8.12
   Compiling getrandom v0.2.17
   Compiling num-traits v0.2.19
    Checking tracing-core v0.1.36
   Compiling const-random-macro v0.1.16
    Checking rand_core v0.6.4
    Checking parking v2.2.1
    Checking const-random v0.1.18
    Checking concurrent-queue v2.5.0
    Checking bitflags v2.11.1
   Compiling thiserror v2.0.18
   Compiling typeid v1.0.3
    Checking tracing v0.1.44
    Checking thread_local v1.1.9
    Checking arrayvec v0.7.6
   Compiling erased-serde v0.4.10
   Compiling unicode-xid v0.2.6
    Checking event-listener v5.4.1
   Compiling uuid v1.12.1
    Checking fastrand v2.4.1
    Checking futures-io v0.3.32
    Checking memchr v2.8.0
    Checking itoa v1.0.18
    Checking futures-lite v2.6.1
    Checking event-listener-strategy v0.5.4
   Compiling nix v0.31.2
    Checking disqualified v1.0.0
    Checking downcast-rs v1.2.1
   Compiling wasm-bindgen-shared v0.2.118
    Checking bevy_ptr v0.15.3
    Checking async-task v4.7.1
   Compiling parking_lot_core v0.9.12
    Checking async-channel v2.5.0
    Checking static_assertions v1.1.0
    Checking scopeguard v1.2.0
    Checking fixedbitset v0.4.2
    Checking lock_api v0.4.14
    Checking petgraph v0.6.5
   Compiling toml_edit v0.22.27
    Checking async-executor v1.14.0
    Checking castaway v0.2.4
   Compiling strsim v0.11.1
    Checking nonmax v0.5.5
    Checking bevy_tasks v0.15.3
    Checking foldhash v0.2.0
   Compiling ident_case v1.0.1
    Checking ryu v1.0.23
    Checking fixedbitset v0.5.7
    Checking hashbrown v0.16.1
    Checking ctrlc v3.5.2
    Checking compact_str v0.9.0
    Checking parking_lot v0.12.5
    Checking aho-corasick v1.1.4
    Checking errno v0.3.14
   Compiling signal-hook v0.3.18
    Checking regex-syntax v0.8.10
   Compiling litrs v1.0.0
   Compiling unicode-segmentation v1.13.2
    Checking unicode-width v0.2.2
   Compiling document-features v0.2.12
   Compiling darling_core v0.23.0
   Compiling convert_case v0.10.0
    Checking signal-hook-registry v1.4.8
   Compiling bevy_macro_utils v0.15.3
    Checking regex-automata v0.4.14
    Checking itertools v0.14.0
   Compiling instability v0.3.12
   Compiling bumpalo v3.20.2
    Checking simd-adler32 v0.3.9
   Compiling rustix v1.1.4
   Compiling indoc v2.0.7
   Compiling wasm-bindgen-macro-support v0.2.118
    Checking lru v0.16.4
    Checking mio v1.2.0
   Compiling wasm-bindgen v0.2.118
    Checking powerfmt v0.2.0
    Checking linux-raw-sys v0.12.1
    Checking adler2 v2.0.1
    Checking unicode-truncate v2.0.1
    Checking miniz_oxide v0.8.9
    Checking deranged v0.5.8
    Checking signal-hook-mio v0.2.5
    Checking num_threads v0.1.7
    Checking anstyle v1.0.14
   Compiling zerocopy-derive v0.8.48
   Compiling serde_derive v1.0.228
   Compiling bytemuck_derive v1.10.2
   Compiling thiserror-impl v2.0.18
   Compiling derive_more-impl v1.0.0
   Compiling bevy_utils_proc_macros v0.15.3
    Checking bytemuck v1.25.0
   Compiling assert_type_match v0.1.1
   Compiling bevy_reflect_derive v0.15.3
   Compiling bevy_ecs_macros v0.15.3
   Compiling bevy_derive v0.15.3
   Compiling darling_macro v0.23.0
   Compiling strum_macros v0.27.2
   Compiling darling v0.23.0
    Checking kasuari v0.4.12
   Compiling derive_more-impl v2.1.1
   Compiling wasm-bindgen-macro v0.2.118
    Checking time-core v0.1.8
    Checking derive_more v2.1.1
    Checking num-conv v0.2.1
    Checking time v0.3.47
    Checking crossterm v0.29.0
    Checking line-clipping v0.3.7
    Checking futures-task v0.3.32
    Checking smol_str v0.2.2
   Compiling crc32fast v1.5.0
    Checking utf8parse v0.2.2
    Checking derive_more v1.0.0
   Compiling zmij v1.0.21
    Checking anstyle-parse v1.0.0
    Checking futures-util v0.3.32
   Compiling strum_macros v0.26.4
    Checking itertools v0.13.0
   Compiling naga v24.0.0
    Checking libloading v0.8.9
    Checking anstyle-query v1.1.5
    Checking colorchoice v1.0.5
    Checking is_terminal_polyfill v1.70.2
    Checking foldhash v0.1.5
    Checking strum v0.27.2
    Checking bit-vec v0.8.0
   Compiling khronos-egl v6.0.0
    Checking lazy_static v1.5.0
    Checking ratatui-core v0.1.0
    Checking unicode-width v0.1.14
   Compiling ash v0.38.0+1.3.281
    Checking termcolor v1.4.1
   Compiling serde_json v1.0.149
    Checking bit-set v0.8.0
    Checking codespan-reporting v0.11.1
    Checking sharded-slab v0.1.7
    Checking hashbrown v0.15.5
    Checking anstream v1.0.0
    Checking ratatui-widgets v0.3.0
    Checking ratatui-crossterm v0.1.0
    Checking matchers v0.2.0
    Checking gpu-alloc-types v0.3.0
    Checking spirv v0.3.0+sdk-1.3.268.0
    Checking gpu-descriptor-types v0.2.0
    Checking tracing-log v0.2.0
    Checking ppv-lite86 v0.2.21
    Checking half v2.7.1
    Checking crossbeam-channel v0.5.15
    Checking hashbrown v0.14.5
    Checking js-sys v0.3.95
    Checking strum v0.26.3
    Checking rand_chacha v0.3.1
   Compiling wgpu-hal v24.0.4
    Checking rustc-hash v1.1.0
    Checking nu-ansi-term v0.50.3
    Checking hexf-parse v0.2.1
   Compiling radium v0.7.0
    Checking rand v0.8.6
    Checking gpu-alloc v0.6.0
    Checking tracing-subscriber v0.3.23
    Checking gpu-descriptor v0.3.2
    Checking ratatui-macros v0.7.0
    Checking ratatui v0.30.0
    Checking flate2 v1.1.9
    Checking bevy_utils v0.15.3
    Checking glam v0.29.3
    Checking rand_distr v0.4.3
    Checking regex v1.12.3
   Compiling fax_derive v0.2.0
    Checking ordered-float v4.6.0
    Checking wgpu-types v24.0.0
   Compiling wgpu-core v24.0.5
    Checking profiling v1.0.17
    Checking renderdoc-sys v1.1.0
    Checking tap v1.0.1
    Checking zune-core v0.5.1
    Checking clap_lex v1.1.0
    Checking const-fnv1a-hash v1.1.0
    Checking raw-window-handle v0.6.2
    Checking glow v0.16.0
    Checking quick-error v2.0.1
    Checking clap_builder v4.6.0
    Checking zune-jpeg v0.5.15
    Checking wyz v0.5.1
    Checking fax v0.2.6
    Checking console_error_panic_hook v0.1.7
    Checking beamterm-data v0.10.0
   Compiling clap_derive v4.6.1
    Checking fdeflate v0.3.7
   Compiling wgpu v24.0.5
    Checking funty v2.0.0
    Checking weezl v0.1.12
    Checking pxfm v0.1.29
   Compiling anyhow v1.0.102
    Checking byteorder-lite v0.1.0
    Checking bitvec v1.0.1
    Checking image-webp v0.2.4
    Checking bevy_reflect v0.15.3
    Checking clap v4.6.1
    Checking tiff v0.11.3
    Checking png v0.18.1
    Checking env_filter v1.0.1
    Checking ratatui-hypertile v0.1.0
    Checking rand_xorshift v0.3.0
    Checking jiff v0.2.24
    Checking ratatui-hypertile-extras v0.1.0
    Checking noise v0.9.0
    Checking moxcms v0.8.1
    Checking comfy-table v7.2.2
    Checking crossbeam-epoch v0.9.18
    Checking pollster v0.3.0
    Checking web-sys v0.3.95
    Checking wasm-bindgen-futures v0.4.68
   Compiling rayon-core v1.13.0
    Checking crossbeam-deque v0.8.6
    Checking predicates-core v1.0.10
    Checking ciborium-io v0.2.2
   Compiling mockall_derive v0.13.1
    Checking plotters-backend v0.3.7
    Checking ciborium-ll v0.2.2
    Checking plotters-svg v0.3.7
    Checking itertools v0.10.5
    Checking cast v0.3.0
    Checking same-file v1.0.6
    Checking termtree v0.5.1
    Checking walkdir v2.5.0
    Checking predicates-tree v1.0.13
    Checking rayon v1.12.0
    Checking plotters v0.3.7
    Checking criterion-plot v0.5.0
    Checking ciborium v0.2.2
    Checking env_logger v0.11.10
    Checking predicates v3.1.4
    Checking tinytemplate v1.2.1
    Checking is-terminal v0.4.17
    Checking fragile v2.1.0
    Checking downcast v0.11.0
    Checking oorandom v11.1.5
    Checking anes v0.1.6
    Checking assert_approx_eq v1.1.0
    Checking criterion v0.5.1
    Checking image v0.25.10
    Checking bevy_ecs v0.15.4
    Checking bevy_math v0.15.3
    Checking mockall v0.13.1
    Checking beamterm-renderer v0.10.0
    Checking ratzilla v0.3.0
    Checking bevy_app v0.15.3
    Checking bevy_core v0.15.3
    Checking bevy_time v0.15.3
    Checking bevy_log v0.15.3
    Checking bevy_hierarchy v0.15.3
    Checking bevy_input v0.15.3
    Checking bevy_diagnostic v0.15.3
    Checking bevy_transform v0.15.3
    Checking bevy_internal v0.15.3
    Checking bevy v0.15.3
    Checking scale v0.1.0 (/app)
    Finished `dev` profile [unoptimized + debuginfo] target(s) in 2m 57s
