532-
606-
499-
721-
638-
58-
--
70-            .add_system(SystemStage::PreUpdate, set_to_ten_system)
--
90-            .add_system(SystemStage::Update, increment_system)
--
109-            .add_system_ordered(SystemStage::Update, set_to_ten_system, 0)
--
150-            .add_system_ordered(SystemStage::Update, increment_system, 0)
--
173-- System execution: stages run in order, systems within stage ordered
--
393-
--
570-
532-
631-
1218-
352:*Builder: Should the "10 tile range" be a constant shared with Mining?*
353-*Architect: Yes, refining range checks should use a shared constant in `layer1::constants`.*
352:*Builder: Add questions here.*
353-*Architect: No outstanding questions.*
268:*Builder: Should Waste decay naturally?*
269-*Architect: No, Industrial Waste is persistent and must be hauled to a Landfill.*
259:*Builder: Should Art also emit Beauty?*
260-*Architect: Yes, Art emits Beauty via Spec 044 logic.*
303:*Builder: How fast should a "year" be?*
304-*Architect: `TICKS_PER_YEAR` is set to 1000 for aging.*
184:- *Builder: Should `Dawn` and `Dusk` be configurable separately?*
185-    *Architect: For MVP, assume a global 12-hour shift cycle (e.g., 6 AM to 6 PM). Separate configuration can be a later UI refinement.*
--
187:- *Builder: Does this apply to Construction tasks?*
188-    *Architect: No, Construction tasks are ad-hoc. Shifts only apply to assigned building workplaces.*
245:- *Builder: Should pops consume their stash?*
246-*Architect: Yes, if a pop is hungry and normal food is unavailable, they should eat from their stash first.*
--
248:- *Builder: Does this affect "Total" counts in UI?*
249-*Architect: No, stashed items are hidden from the global inventory count to simulate the "lost" resources.*
256:*Builder: Should Purity also affect the amount of Stone?*
257-*Architect: No, Resource Purity affects the Ore/Waste ratio, not overall Stone amount.*
211:- *Builder: Does `DeferMaintenance` stop manual repairs?*
212-*Architect: Yes, while deferred, the building ignores repair designations until the debt resolves or fails.*
240:- *Builder: How much fuel does a generator consume?*
241-*Architect: Balance it so a standard generator uses 1 fuel unit per 100 ticks of operation.*
303:*Builder: How to visualize Overload?*
304-*Architect: In the TUI, overloaded buildings can flash red or display a specific "Overload" glyph. In a graphical renderer, they could spark or smoke.*
280:*Builder: Should Blackout disable Batteries too?*
281-*Architect: Yes, Blackout disconnects all power sources from the grid, including batteries, forcing the entire base offline.*
385:*Builder: How much waste creates a "mess"?*
386-*Architect: Each shot should spawn 1 "Clutter" item at the impact tile, requiring a Janitor task to clear.*
252:*Builder: How do we handle "Gossip" hobby mechanically?*
253-*Architect: The 'Gossip' hobby is a solo action that reduces stress and triggers the spread of Rumors (Spec 055).*
235:-   *Builder: Should multiple Command Centers provide redundancy?*
236-*Architect: Yes, as long as one is powered and staffed, global UI elements remain active.*
--
238:-   *Builder: Does the Command Center need to be staffed?*
239-*Architect: Yes, it requires Admin pops to function, adding a labor cost to the global view.*
279:-   *Builder: Should societies compete with each other?*
280-*Architect: Yes, members of rival societies should experience friction (negative relationship modifiers) and potentially sabotage each other.*
--
282:-   *Builder: Can a Pop belong to multiple societies?*
283-*Architect: No, exclusivity forces harder choices and cleaner faction boundaries.*
303:*Builder: Should surgery require a Doctor pop to be present?*
304-*Architect: Yes, applying augmentations requires a pop with the Medical skill to perform the action.*
245:-   *Builder: Do artifacts block movement?*
246-*Architect: Yes, artifacts act as solid obstacles similar to walls or large machines.*
--
248:-   *Builder: Can we move artifacts?*
249-*Architect: No, artifacts are permanent fixtures of the map. You must build around them.*
232:-   *Builder: Do ships have individual fuel?*
233-    *Architect: Yes, each ship has its own fuel capacity and consumption rate based on class and modules.*
--
235:-   *Builder: Can I split a fleet?*
236-    *Architect: Yes, fleets can be split or merged at any friendly node or in deep space if they meet.*
183:- *Builder: How do I calculate loot?*
184-*Architect: For now, grant a percentage (e.g. 10-20%) of the destroyed ship\'s construction cost in raw materials, plus a small chance for a "Salvage Data" item.*
339:- *Builder: Should we allow cloning of Pops?*
340-- *Architect: No, Gene Banks only clone flora/fauna.*
245:- *Builder: Should "Mystery Meals" stack?*
246-- *Architect: Mystery Meals stack only by exact ingredient.*
198:- *Builder: Should currents drift over time?*
199-*Architect: Yes, currents should slowly shift direction over years or seasons.*
253:- *Builder: Should Magnetic Storm affect Battery discharge rate?*
254-*Architect: No, it just completely disables electronics. Modifying discharge rates adds unnecessary complexity to the energy simulation.*
247:*Builder: Should withdrawal kill the pop or just incapacitate them?*
248-*Architect: Chemical withdrawal incapacitates pops and causes high stress.*
249:*Builder: Do we need a dedicated "Chemical Plant" building or just use "Lab"?*
250-*Architect: Use the existing Lab building.*
199:- *Builder: Should debris eventually form a ring system if it gets high enough?*
200-- *Architect: Yes, Orbital Debris forms visual rings.*
201:- *Builder: Does debris affect incoming trade ships?*
202-- *Architect: Yes, Orbital Debris damages trade ships.*
224:- *Builder: Should the collector take damage during the storm?*
225-*Architect: No, the Auroral Collector is purpose-built to withstand magnetic storms. However, surrounding normal electronics will still suffer damage.*
265:*Builder: Should impact destroy Pops?*
266-*Architect: Yes, direct hits from orbital debris or crossfire are lethal to unshielded pops.*
260:- *Builder: Should "Synthetic" (Rations) cause decay of natural biomes?*
261-- *Architect: Yes, Synthetic rations atrophy natural Gut Biomes.*
222:- *Builder: Should Agents have specific needs (Luxury food)?*
223-- *Architect: Yes, Safehouse Agents need Luxury Food.*
224:- *Builder: Can we hold multiple agents in one zone?*
225-- *Architect: Max 1 Agent per valid bed.*
205:*Builder: Should "Scrap" be better than "Stone"?*
206-*Architect: Scrap and Stone tools both have 0.75 efficiency for MVP.*
187:- *Builder: Should barnacles fall off if the fleet moves fast enough?*
188-- *Architect: No, Space Barnacles persist and do not detach at high fleet speeds.*
275:- *Builder: Should Showers require Power?*
276-*Architect: Keep showers power-free (gravity-fed) for the MVP.*
277:- *Builder: Does Filth affect Room Quality?*
278-- *Architect: Yes, Filth temporarily reduces Room Quality.*
185:- *Builder: Does corrosion affect units (Pops)?*
186-*Architect: Only if they are unarmored or outdoors without protective gear. It should act as a slow health drain over time.*
230:- *Builder: Should clones be born as adults?*
231-- *Architect: Yes, Clone Vats spawn adult clones.*
232:- *Builder: Do they have parents?*
233-- *Architect: No, they have empty family trees.*
257:- *Builder: What happens if there are no factions?*
258-*Architect: If no factions exist, standard independent pops will nominate themselves based on high Charisma or Social standing. If the population is too small (e.g., under 10), campaigns do not trigger.*
271:- *Builder: Should Echoes block movement?*
272-*Architect: No, Echoes are purely visual and social phenomena. Pops can walk through them, though they might get a "chilled" or "uneasy" mood modifier.*
--
274:- *Builder: Can we harvest Echoes?*
275-*Architect: Not natively, but specific high-tier research (e.g., "Ecto-Containment") might allow converting them into data or energy.*
254:*Builder: Does drift affect non-security interactions?*
255-*Architect: Not initially. For MVP, it strictly applies to locks and access terminals.*
240:*Builder: Can twins be separated by Layer?*
241-*Architect: Yes, the entanglement ignores physical distance and simulation layers.*
139:*Builder: Does bloat affect life support?*
140-*Architect: Yes, it introduces latency in automated life support systems (e.g. slower venting, delayed oxygen generation), but it does not completely disable them unless a system shutdown is forced.*
221:- *Builder: Does residue stack?*
222-*Architect: No, the most recent building demolished on that tile overwrites previous residue to prevent excessive memory usage.*
184:- *Builder: Does deleting a prerequisite tech lock the advanced tech?*
185-*Architect: No, you retain the advanced tech, but you cannot build the prerequisite tech anymore. This creates a "black box" situation where you use tech you no longer fully understand.*
187:*Builder: Does a person standing in the room count as "not empty"?*
188-*Architect: Pops themselves do not count as clutter. The room is considered empty as long as no items, furniture, or structures are present.*
166:*Builder: Does digging a hole reduce stress?*
167-*Architect: Normal mining increases stress slightly. You need specialized "Relief Drilling" designations to lower it.*
147:*Builder: Does vandalism destroy the building?*
148-*Architect: No, it simply adds a `Vandalized` component that negates or inverts its beauty/morale effects. It requires a janitorial or repair task to clean.*
193:- *Builder: How does the Mimic spawn?*
194-*Architect: A Mimic replaces an existing pop when they are alone in a dark or remote area. The original pop is quietly "absorbed" and the Mimic takes their identity.*
244:- *Builder: Does the pod require power?*
245-*Architect: Yes, it is a high-power building. If power fails mid-sleep, the pop wakes up with no XP gain and severe "Mental Fog".*
--
247:- *Builder: Can children use it?*
248-*Architect: No, only adults can use the HypnoPod. Attempting to use it on children causes irreversible brain damage (creates a trauma trait).*
176:*Builder: Can you stack placebos?*
177-*Architect: No, a pop can only have one active Placebo effect at a time. Issuing another resets the timer but increases the risk of the "Betrayal" event triggering.*
165:*Builder: Can I date a Hive Mind?*
166-*Architect: Yes, but it results in profound psychological changes (large Ethics shifts towards Collectivism) rather than typical romance.*
163:*Builder: Does glass block sound?*
164-*Architect: Glass attenuates sound significantly but is not a perfect vacuum seal against noise like a Vacuum Gap is. It reduces noise by ~80%.*
175:*Builder: Should tenure degrade if they stop working the job?*
176-*Architect: For MVP, no. It is cumulative. Future refactors could add atrophy.*
138:*Builder: Do they move?*
139-*Architect: Yes, random walk towards higher density (gradient descent).*
