    Updating crates.io index
     Locking 492 packages to latest compatible versions
      Adding bevy v0.15.3 (available: v0.18.1)
      Adding bevy_app v0.15.3 (available: v0.18.1)
      Adding bevy_ecs v0.15.4 (available: v0.18.1)
      Adding bevy_reflect v0.15.3 (available: v0.18.1)
      Adding bevy_tasks v0.15.3 (available: v0.18.1)
      Adding bevy_time v0.15.3 (available: v0.18.1)
      Adding bevy_utils v0.15.3 (available: v0.18.1)
      Adding criterion v0.5.1 (available: v0.8.2)
      Adding generic-array v0.14.7 (available: v0.14.9)
      Adding mockall v0.13.1 (available: v0.14.0)
      Adding petgraph v0.6.5 (available: v0.8.3)
      Adding pollster v0.3.0 (available: v0.4.0)
      Adding rand v0.8.6 (available: v0.10.1)
      Adding rand_distr v0.4.3 (available: v0.6.0)
      Adding ratatui-hypertile v0.1.0 (available: v0.3.1)
      Adding ratatui-hypertile-extras v0.1.0 (available: v0.3.1)
      Adding strum v0.26.3 (available: v0.28.0)
      Adding strum_macros v0.26.4 (available: v0.28.0)
      Adding termwiz v0.23.0 (available: v0.23.3)
      Adding uuid v1.12.1 (available: v1.23.1)
      Adding wezterm-blob-leases v0.1.0 (available: v0.1.1)
      Adding wgpu v24.0.5 (available: v29.0.1)
 Downloading crates ...
  Downloaded anes v0.1.6
  Downloaded anstyle v1.0.14
  Downloaded accesskit v0.17.1
  Downloaded adler2 v2.0.1
  Downloaded cpufeatures v0.3.0
  Downloaded colorchoice v1.0.5
  Downloaded crossbeam-epoch v0.9.18
  Downloaded const-random-macro v0.1.16
  Downloaded crossbeam-deque v0.8.6
  Downloaded constgebra v0.1.4
  Downloaded clap_lex v1.1.0
  Downloaded lazy_static v1.5.0
  Downloaded crc32fast v1.5.0
  Downloaded mac_address v1.1.8
  Downloaded memoffset v0.9.1
  Downloaded mockall_derive v0.13.1
  Downloaded parking v2.2.1
  Downloaded ratatui-crossterm v0.1.0
  Downloaded ratatui-macros v0.7.0
  Downloaded rand_core v0.6.4
  Downloaded rustc_version v0.4.1
  Downloaded termtree v0.5.1
  Downloaded thread_local v1.1.9
  Downloaded wezterm-dynamic-derive v0.1.1
  Downloaded wezterm-input-types v0.1.0
  Downloaded zune-core v0.5.1
  Downloaded zmij v1.0.21
  Downloaded wgpu-types v23.0.0
  Downloaded syn v1.0.109
  Downloaded time v0.3.47
  Downloaded unicode-segmentation v1.13.2
  Downloaded unicode-width v0.2.2
  Downloaded serde v1.0.228
  Downloaded tracing v0.1.44
  Downloaded wgpu-hal v24.0.4
  Downloaded unicode-width v0.1.14
  Downloaded zerocopy-derive v0.8.48
  Downloaded rustix v1.1.4
  Downloaded wgpu-types v24.0.0
  Downloaded zune-jpeg v0.5.15
  Downloaded regex-automata v0.4.14
  Downloaded winnow v0.7.15
  Downloaded wgpu v24.0.5
  Downloaded tiff v0.11.3
  Downloaded zerocopy v0.8.48
  Downloaded termwiz v0.23.0
  Downloaded wgpu-core v24.0.5
  Downloaded wgpu-core v23.0.1
  Downloaded toml_edit v0.22.27
  Downloaded ratatui-widgets v0.3.0
  Downloaded regex-syntax v0.8.10
  Downloaded typewit v1.15.2
  Downloaded typenum v1.20.0
  Downloaded tracing-subscriber v0.3.23
  Downloaded wgpu-hal v23.0.1
  Downloaded regex v1.12.3
  Downloaded web-sys v0.3.95
  Downloaded syn v2.0.117
  Downloaded wgpu v23.0.1
  Downloaded wezterm-bidi v0.2.3
  Downloaded rayon-core v1.13.0
  Downloaded rayon v1.12.0
  Downloaded pxfm v0.1.29
  Downloaded rand v0.8.6
  Downloaded portable-atomic v1.13.1
  Downloaded png v0.18.1
  Downloaded wyz v0.5.1
  Downloaded utf8parse v0.2.2
  Downloaded unicode-truncate v2.0.1
  Downloaded tracing-attributes v0.1.31
  Downloaded serde_json v1.0.149
  Downloaded weezl v0.1.12
  Downloaded wasm-bindgen-macro-support v0.2.118
  Downloaded wasm-bindgen v0.2.118
  Downloaded version_check v0.9.5
  Downloaded uuid v1.12.1
  Downloaded unicode-xid v0.2.6
  Downloaded unicode-ident v1.0.24
  Downloaded ucd-trie v0.1.7
  Downloaded typeid v1.0.3
  Downloaded tracing-log v0.2.0
  Downloaded tracing-core v0.1.36
  Downloaded toml_datetime v0.6.11
  Downloaded tinyvec_macros v0.1.1
  Downloaded tinyvec v1.11.0
  Downloaded tinytemplate v1.2.1
  Downloaded tiny-keccak v2.0.2
  Downloaded time-core v0.1.8
  Downloaded ratatui-hypertile v0.1.0
  Downloaded wezterm-dynamic v0.2.1
  Downloaded wezterm-color-types v0.3.0
  Downloaded wezterm-blob-leases v0.1.0
  Downloaded wasm-bindgen-shared v0.2.118
  Downloaded wasm-bindgen-macro v0.2.118
  Downloaded wasm-bindgen-futures v0.4.68
  Downloaded walkdir v2.5.0
  Downloaded vtparse v0.6.2
  Downloaded petgraph v0.6.5
  Downloaded deltae v0.3.2
  Downloaded thiserror-impl v2.0.18
  Downloaded thiserror-impl v1.0.69
  Downloaded thiserror v2.0.18
  Downloaded thiserror v1.0.69
  Downloaded siphasher v1.0.2
  Downloaded simd-adler32 v0.3.9
  Downloaded signal-hook-registry v1.4.8
  Downloaded signal-hook-mio v0.2.5
  Downloaded signal-hook v0.3.18
  Downloaded shlex v1.3.0
  Downloaded sharded-slab v0.1.7
  Downloaded sha2 v0.10.9
  Downloaded ratatui-core v0.1.0
  Downloaded pest v2.8.6
  Downloaded termios v0.3.3
  Downloaded terminfo v0.9.0
  Downloaded termcolor v1.4.1
  Downloaded tap v1.0.1
  Downloaded strum_macros v0.27.2
  Downloaded strum_macros v0.26.4
  Downloaded strum v0.27.2
  Downloaded strum v0.26.3
  Downloaded strsim v0.11.1
  Downloaded static_assertions v1.1.0
  Downloaded stackfuture v0.3.1
  Downloaded spirv v0.3.0+sdk-1.3.268.0
  Downloaded smol_str v0.2.2
  Downloaded smallvec v1.15.1
  Downloaded slab v0.4.12
  Downloaded siphasher v0.3.11
  Downloaded serde_derive v1.0.228
  Downloaded serde_core v1.0.228
  Downloaded semver v1.0.28
  Downloaded scopeguard v1.2.0
  Downloaded same-file v1.0.6
  Downloaded ryu v1.0.23
  Downloaded rustversion v1.0.22
  Downloaded rustc-hash v1.1.0
  Downloaded ron v0.8.1
  Downloaded renderdoc-sys v1.1.0
  Downloaded raw-window-handle v0.6.2
  Downloaded ratzilla v0.3.0
  Downloaded ratatui v0.30.0
  Downloaded rand_distr v0.4.3
  Downloaded nom v7.1.3
  Downloaded noise v0.9.0
  Downloaded nix v0.31.2
  Downloaded linux-raw-sys v0.12.1
  Downloaded jiff v0.2.24
  Downloaded ratatui-termwiz v0.1.0
  Downloaded radium v0.7.0
  Downloaded quote v1.0.45
  Downloaded quick-error v2.0.1
  Downloaded profiling v1.0.17
  Downloaded proc-macro2 v1.0.106
  Downloaded predicates-core v1.0.10
  Downloaded ppv-lite86 v0.2.21
  Downloaded pp-rs v0.2.1
  Downloaded powerfmt v0.2.0
  Downloaded pollster v0.3.0
  Downloaded plotters-backend v0.3.7
  Downloaded naga v24.0.0
  Downloaded naga v23.1.0
  Downloaded glam v0.29.3
  Downloaded rand_chacha v0.3.1
  Downloaded predicates-tree v1.0.13
  Downloaded predicates v3.1.4
  Downloaded plotters-svg v0.3.7
  Downloaded plotters v0.3.7
  Downloaded nix v0.29.0
  Downloaded nix v0.28.0
  Downloaded moxcms v0.8.1
  Downloaded mio v1.2.0
  Downloaded libm v0.2.16
  Downloaded itertools v0.14.0
  Downloaded itertools v0.13.0
  Downloaded image v0.25.10
  Downloaded hashbrown v0.17.0
  Downloaded glow v0.16.0
  Downloaded glow v0.14.2
  Downloaded futures-util v0.3.32
  Downloaded ratatui-hypertile-extras v0.1.0
  Downloaded pkg-config v0.3.33
  Downloaded piper v0.2.5
  Downloaded pin-project-lite v0.2.17
  Downloaded phf_shared v0.11.3
  Downloaded phf_macros v0.11.3
  Downloaded phf_generator v0.11.3
  Downloaded phf_codegen v0.11.3
  Downloaded phf v0.11.3
  Downloaded pest_meta v2.8.6
  Downloaded parking_lot v0.12.5
  Downloaded ordered-float v4.6.0
  Downloaded num_threads v0.1.7
  Downloaded naga_oil v0.16.0
  Downloaded miniz_oxide v0.8.9
  Downloaded libc v0.2.186
  Downloaded js-sys v0.3.95
  Downloaded itertools v0.10.5
  Downloaded indexmap v2.14.0
  Downloaded image-webp v0.2.4
  Downloaded hashbrown v0.16.1
  Downloaded hashbrown v0.15.5
  Downloaded hashbrown v0.14.5
  Downloaded flate2 v1.1.9
  Downloaded finl_unicode v1.4.0
  Downloaded fancy-regex v0.11.0
  Downloaded euclid v0.22.14
  Downloaded derive_more-impl v2.1.1
  Downloaded derive_more-impl v1.0.0
  Downloaded derive_more v2.1.1
  Downloaded derive_more v1.0.0
  Downloaded darling_core v0.23.0
  Downloaded crossterm v0.29.0
  Downloaded crossbeam-channel v0.5.15
  Downloaded rand_xorshift v0.3.0
  Downloaded pest_generator v2.8.6
  Downloaded pest_derive v2.8.6
  Downloaded parking_lot_core v0.9.12
  Downloaded oorandom v11.1.5
  Downloaded once_cell v1.21.4
  Downloaded offset-allocator v0.2.0
  Downloaded num-traits v0.2.19
  Downloaded num-derive v0.4.2
  Downloaded num-conv v0.2.1
  Downloaded minimal-lexical v0.2.1
  Downloaded memchr v2.8.0
  Downloaded half v2.7.1
  Downloaded getrandom v0.3.4
  Downloaded getrandom v0.2.17
  Downloaded futures-lite v2.6.1
  Downloaded find-msvc-tools v0.1.9
  Downloaded fastrand v2.4.1
  Downloaded event-listener v5.4.1
  Downloaded erased-serde v0.4.10
  Downloaded encase_derive_impl v0.10.0
  Downloaded encase v0.10.0
  Downloaded digest v0.10.7
  Downloaded deranged v0.5.8
  Downloaded data-encoding v2.11.0
  Downloaded darling v0.23.0
  Downloaded crossbeam-utils v0.8.21
  Downloaded criterion v0.5.1
  Downloaded console_error_panic_hook v0.1.7
  Downloaded bevy_ecs v0.15.4
  Downloaded bevy v0.15.3
  Downloaded beamterm-data v0.10.0
  Downloaded ash v0.38.0+1.3.281
  Downloaded nu-ansi-term v0.50.3
  Downloaded nonmax v0.5.5
  Downloaded matchers v0.2.0
  Downloaded khronos-egl v6.0.0
  Downloaded kasuari v0.4.12
  Downloaded jobserver v0.1.34
  Downloaded indoc v2.0.7
  Downloaded hexf-parse v0.2.1
  Downloaded hexasphere v15.1.0
  Downloaded hex v0.4.3
  Downloaded gpu-alloc v0.6.0
  Downloaded generic-array v0.14.7
  Downloaded fragile v2.1.0
  Downloaded foldhash v0.2.0
  Downloaded fixedbitset v0.5.7
  Downloaded fixedbitset v0.4.2
  Downloaded fdeflate v0.3.7
  Downloaded fax v0.2.6
  Downloaded event-listener-strategy v0.5.4
  Downloaded event-listener v2.5.3
  Downloaded env_logger v0.11.10
  Downloaded either v1.15.0
  Downloaded downcast v0.11.0
  Downloaded disqualified v1.0.0
  Downloaded darling_macro v0.23.0
  Downloaded ctrlc v3.5.2
  Downloaded csscolorparser v0.6.2
  Downloaded crypto-common v0.1.7
  Downloaded blake3 v1.8.5
  Downloaded bitvec v1.0.1
  Downloaded bevy_render v0.15.3
  Downloaded bevy_reflect v0.15.3
  Downloaded mockall v0.13.1
  Downloaded lab v0.11.0
  Downloaded itoa v1.0.18
  Downloaded is-terminal v0.4.17
  Downloaded instability v0.3.12
  Downloaded ident_case v1.0.1
  Downloaded gpu-descriptor-types v0.2.0
  Downloaded futures-task v0.3.32
  Downloaded futures-io v0.3.32
  Downloaded futures-core v0.3.32
  Downloaded foldhash v0.1.5
  Downloaded filedescriptor v0.8.3
  Downloaded fax_derive v0.2.0
  Downloaded env_filter v1.0.1
  Downloaded encase_derive v0.10.0
  Downloaded downcast-rs v1.2.1
  Downloaded document-features v0.2.12
  Downloaded crunchy v0.2.4
  Downloaded clap_builder v4.6.0
  Downloaded clap v4.6.1
  Downloaded cc v1.2.61
  Downloaded bevy_math v0.15.3
  Downloaded bevy_color v0.15.4
  Downloaded bevy_asset v0.15.3
  Downloaded base64 v0.21.7
  Downloaded aho-corasick v1.1.4
  Downloaded memmem v0.1.1
  Downloaded log v0.4.29
  Downloaded lock_api v0.4.14
  Downloaded litrs v1.0.0
  Downloaded gpu-descriptor v0.3.2
  Downloaded const_soft_float v0.1.4
  Downloaded const_panic v0.2.15
  Downloaded compact_str v0.9.0
  Downloaded comfy-table v7.2.2
  Downloaded bytemuck v1.25.0
  Downloaded bumpalo v3.20.2
  Downloaded bevy_window v0.15.3
  Downloaded bevy_transform v0.15.3
  Downloaded bevy_reflect_derive v0.15.3
  Downloaded bevy_mesh v0.15.3
  Downloaded bevy_internal v0.15.3
  Downloaded bevy_input v0.15.3
  Downloaded bevy_image v0.15.3
  Downloaded bevy_app v0.15.3
  Downloaded beamterm-renderer v0.10.0
  Downloaded async-lock v3.4.2
  Downloaded anyhow v1.0.102
  Downloaded lru v0.16.4
  Downloaded line-clipping v0.3.7
  Downloaded libloading v0.8.9
  Downloaded is_terminal_polyfill v1.70.2
  Downloaded heck v0.5.0
  Downloaded funty v2.0.0
  Downloaded fnv v1.0.7
  Downloaded errno v0.3.14
  Downloaded equivalent v1.0.2
  Downloaded criterion-plot v0.5.0
  Downloaded convert_case v0.10.0
  Downloaded constant_time_eq v0.4.2
  Downloaded codespan-reporting v0.11.1
  Downloaded clap_derive v4.6.1
  Downloaded ciborium v0.2.2
  Downloaded bitflags v2.11.1
  Downloaded bit-vec v0.8.0
  Downloaded bevy_utils v0.15.3
  Downloaded bevy_time v0.15.3
  Downloaded bevy_mikktspace v0.15.3
  Downloaded bevy_ecs_macros v0.15.3
  Downloaded bevy_diagnostic v0.15.3
  Downloaded bevy_core v0.15.3
  Downloaded async-task v4.7.1
  Downloaded async-fs v2.2.0
  Downloaded async-executor v1.14.0
  Downloaded arrayvec v0.7.6
  Downloaded bevy_tasks v0.15.3
  Downloaded bevy_log v0.15.3
  Downloaded autocfg v1.5.0
  Downloaded async-channel v2.5.0
  Downloaded async-broadcast v0.5.1
  Downloaded assert_type_match v0.1.1
  Downloaded anstream v1.0.0
  Downloaded allocator-api2 v0.2.21
  Downloaded ahash v0.8.12
  Downloaded gpu-alloc-types v0.3.0
  Downloaded cpufeatures v0.2.17
  Downloaded concurrent-queue v2.5.0
  Downloaded ciborium-ll v0.2.2
  Downloaded cfg_aliases v0.2.1
  Downloaded bytemuck_derive v1.10.2
  Downloaded blocking v1.6.2
  Downloaded bitflags v1.3.2
  Downloaded bit-vec v0.6.3
  Downloaded bevy_macro_utils v0.15.3
  Downloaded bevy_hierarchy v0.15.3
  Downloaded bevy_asset_macros v0.15.3
  Downloaded atomicow v1.2.0
  Downloaded assert_approx_eq v1.1.0
  Downloaded cast v0.3.0
  Downloaded bit-set v0.5.3
  Downloaded bevy_encase_derive v0.15.3
  Downloaded bevy_a11y v0.15.3
  Downloaded bevy_ptr v0.15.3
  Downloaded const-fnv1a-hash v1.1.0
  Downloaded block-buffer v0.10.4
  Downloaded bit-set v0.8.0
  Downloaded bevy_utils_proc_macros v0.15.3
  Downloaded bevy_derive v0.15.3
  Downloaded atomic-waker v1.1.2
  Downloaded atomic v0.6.1
  Downloaded const-random v0.1.18
  Downloaded cfg-if v1.0.4
  Downloaded bevy_render_macros v0.15.3
  Downloaded ciborium-io v0.2.2
  Downloaded cfg_aliases v0.1.1
  Downloaded castaway v0.2.4
  Downloaded byteorder-lite v0.1.0
  Downloaded arrayref v0.3.9
  Downloaded anstyle-parse v1.0.0
  Downloaded anstyle-query v1.1.5
   Compiling unicode-ident v1.0.24
   Compiling proc-macro2 v1.0.106
   Compiling quote v1.0.45
   Compiling cfg-if v1.0.4
   Compiling serde_core v1.0.228
   Compiling libc v0.2.186
   Compiling equivalent v1.0.2
   Compiling once_cell v1.21.4
   Compiling zerocopy v0.8.48
   Compiling pin-project-lite v0.2.17
   Compiling rustversion v1.0.22
   Compiling cfg_aliases v0.2.1
   Compiling allocator-api2 v0.2.21
   Compiling smallvec v1.15.1
   Compiling crossbeam-utils v0.8.21
   Compiling hashbrown v0.17.0
   Compiling serde v1.0.228
   Compiling indexmap v2.14.0
   Compiling futures-core v0.3.32
   Compiling log v0.4.29
   Compiling crunchy v0.2.4
   Compiling either v1.15.0
   Compiling tiny-keccak v2.0.2
   Compiling slab v0.4.12
   Compiling heck v0.5.0
   Compiling unicode-xid v0.2.6
   Compiling getrandom v0.3.4
   Compiling version_check v0.9.5
   Compiling autocfg v1.5.0
   Compiling winnow v0.7.15
   Compiling libm v0.2.16
   Compiling syn v2.0.117
   Compiling toml_datetime v0.6.11
   Compiling num-traits v0.2.19
   Compiling getrandom v0.2.17
   Compiling ahash v0.8.12
   Compiling tracing-core v0.1.36
   Compiling parking v2.2.1
   Compiling const-random-macro v0.1.16
   Compiling rand_core v0.6.4
   Compiling concurrent-queue v2.5.0
   Compiling const-random v0.1.18
   Compiling thiserror v2.0.18
   Compiling typeid v1.0.3
   Compiling tracing v0.1.44
   Compiling thread_local v1.1.9
   Compiling arrayvec v0.7.6
   Compiling erased-serde v0.4.10
   Compiling bitflags v2.11.1
   Compiling event-listener v5.4.1
   Compiling uuid v1.12.1
   Compiling memchr v2.8.0
   Compiling fastrand v2.4.1
   Compiling futures-io v0.3.32
   Compiling strsim v0.11.1
   Compiling itoa v1.0.18
   Compiling unicode-segmentation v1.13.2
   Compiling futures-lite v2.6.1
   Compiling event-listener-strategy v0.5.4
   Compiling nix v0.31.2
   Compiling toml_edit v0.22.27
   Compiling downcast-rs v1.2.1
   Compiling async-task v4.7.1
   Compiling disqualified v1.0.0
   Compiling bevy_ptr v0.15.3
   Compiling parking_lot_core v0.9.12
   Compiling async-channel v2.5.0
   Compiling static_assertions v1.1.0
   Compiling scopeguard v1.2.0
   Compiling wasm-bindgen-shared v0.2.118
   Compiling fixedbitset v0.4.2
   Compiling async-executor v1.14.0
   Compiling lock_api v0.4.14
   Compiling petgraph v0.6.5
   Compiling castaway v0.2.4
   Compiling foldhash v0.2.0
   Compiling ryu v1.0.23
   Compiling nonmax v0.5.5
   Compiling bevy_tasks v0.15.3
   Compiling fixedbitset v0.5.7
   Compiling ident_case v1.0.1
   Compiling compact_str v0.9.0
   Compiling hashbrown v0.16.1
   Compiling ctrlc v3.5.2
   Compiling darling_core v0.23.0
   Compiling parking_lot v0.12.5
   Compiling aho-corasick v1.1.4
   Compiling errno v0.3.14
   Compiling bevy_macro_utils v0.15.3
   Compiling regex-syntax v0.8.10
   Compiling signal-hook v0.3.18
   Compiling unicode-width v0.2.2
   Compiling litrs v1.0.0
   Compiling signal-hook-registry v1.4.8
   Compiling document-features v0.2.12
   Compiling zerocopy-derive v0.8.48
   Compiling serde_derive v1.0.228
   Compiling bytemuck_derive v1.10.2
   Compiling thiserror-impl v2.0.18
   Compiling derive_more-impl v1.0.0
   Compiling bytemuck v1.25.0
   Compiling bevy_utils_proc_macros v0.15.3
   Compiling bevy_reflect_derive v0.15.3
   Compiling assert_type_match v0.1.1
   Compiling bevy_ecs_macros v0.15.3
   Compiling bevy_derive v0.15.3
   Compiling darling_macro v0.23.0
   Compiling regex-automata v0.4.14
   Compiling strum_macros v0.27.2
   Compiling convert_case v0.10.0
   Compiling itertools v0.14.0
   Compiling indoc v2.0.7
   Compiling derive_more v1.0.0
   Compiling instability v0.3.12
   Compiling bumpalo v3.20.2
   Compiling rustix v1.1.4
   Compiling simd-adler32 v0.3.9
   Compiling wasm-bindgen-macro-support v0.2.118
   Compiling unicode-truncate v2.0.1
   Compiling derive_more-impl v2.1.1
   Compiling darling v0.23.0
   Compiling kasuari v0.4.12
   Compiling smol_str v0.2.2
   Compiling lru v0.16.4
   Compiling mio v1.2.0
   Compiling wasm-bindgen v0.2.118
   Compiling strum v0.27.2
   Compiling powerfmt v0.2.0
   Compiling linux-raw-sys v0.12.1
   Compiling adler2 v2.0.1
   Compiling deranged v0.5.8
   Compiling derive_more v2.1.1
   Compiling miniz_oxide v0.8.9
   Compiling signal-hook-mio v0.2.5
   Compiling ratatui-core v0.1.0
   Compiling num-conv v0.2.1
   Compiling time-core v0.1.8
   Compiling anstyle v1.0.14
   Compiling num_threads v0.1.7
   Compiling time v0.3.47
   Compiling crossterm v0.29.0
   Compiling ppv-lite86 v0.2.21
   Compiling line-clipping v0.3.7
   Compiling hashbrown v0.14.5
   Compiling utf8parse v0.2.2
   Compiling zmij v1.0.21
   Compiling rand_chacha v0.3.1
   Compiling futures-task v0.3.32
   Compiling crc32fast v1.5.0
   Compiling rand v0.8.6
   Compiling futures-util v0.3.32
   Compiling bevy_utils v0.15.3
   Compiling ratatui-widgets v0.3.0
   Compiling anstyle-parse v1.0.0
   Compiling half v2.7.1
   Compiling strum_macros v0.26.4
   Compiling glam v0.29.3
   Compiling rand_distr v0.4.3
   Compiling wasm-bindgen-macro v0.2.118
   Compiling itertools v0.13.0
   Compiling naga v24.0.0
   Compiling libloading v0.8.9
   Compiling unicode-width v0.1.14
   Compiling lazy_static v1.5.0
   Compiling bit-vec v0.8.0
   Compiling colorchoice v1.0.5
   Compiling anstyle-query v1.1.5
   Compiling serde_json v1.0.149
   Compiling is_terminal_polyfill v1.70.2
   Compiling khronos-egl v6.0.0
   Compiling foldhash v0.1.5
   Compiling termcolor v1.4.1
   Compiling ash v0.38.0+1.3.281
   Compiling hashbrown v0.15.5
   Compiling anstream v1.0.0
   Compiling codespan-reporting v0.11.1
   Compiling strum v0.26.3
   Compiling js-sys v0.3.95
   Compiling bit-set v0.8.0
   Compiling ratatui-macros v0.7.0
   Compiling sharded-slab v0.1.7
   Compiling ratatui-crossterm v0.1.0
   Compiling matchers v0.2.0
   Compiling spirv v0.3.0+sdk-1.3.268.0
   Compiling gpu-alloc-types v0.3.0
   Compiling gpu-descriptor-types v0.2.0
   Compiling tracing-log v0.2.0
   Compiling crossbeam-channel v0.5.15
   Compiling wgpu-hal v24.0.4
   Compiling hexf-parse v0.2.1
   Compiling radium v0.7.0
   Compiling nu-ansi-term v0.50.3
   Compiling rustc-hash v1.1.0
   Compiling gpu-descriptor v0.3.2
   Compiling gpu-alloc v0.6.0
   Compiling tracing-subscriber v0.3.23
   Compiling ratatui v0.30.0
   Compiling flate2 v1.1.9
   Compiling regex v1.12.3
   Compiling bevy_reflect v0.15.3
   Compiling fax_derive v0.2.0
   Compiling ordered-float v4.6.0
   Compiling wgpu-types v24.0.0
   Compiling wgpu-core v24.0.5
   Compiling clap_lex v1.1.0
   Compiling glow v0.16.0
   Compiling const-fnv1a-hash v1.1.0
   Compiling quick-error v2.0.1
   Compiling zune-core v0.5.1
   Compiling renderdoc-sys v1.1.0
   Compiling raw-window-handle v0.6.2
   Compiling tap v1.0.1
   Compiling profiling v1.0.17
   Compiling wyz v0.5.1
   Compiling zune-jpeg v0.5.15
   Compiling clap_builder v4.6.0
   Compiling fax v0.2.6
   Compiling console_error_panic_hook v0.1.7
   Compiling beamterm-data v0.10.0
   Compiling fdeflate v0.3.7
   Compiling clap_derive v4.6.1
   Compiling wgpu v24.0.5
   Compiling funty v2.0.0
   Compiling weezl v0.1.12
   Compiling anyhow v1.0.102
   Compiling pxfm v0.1.29
   Compiling byteorder-lite v0.1.0
   Compiling web-sys v0.3.95
   Compiling wasm-bindgen-futures v0.4.68
   Compiling image-webp v0.2.4
   Compiling bevy_ecs v0.15.4
   Compiling bevy_math v0.15.3
   Compiling moxcms v0.8.1
   Compiling clap v4.6.1
   Compiling tiff v0.11.3
   Compiling bitvec v1.0.1
   Compiling png v0.18.1
   Compiling env_filter v1.0.1
   Compiling ratatui-hypertile v0.1.0
   Compiling rand_xorshift v0.3.0
   Compiling jiff v0.2.24
   Compiling noise v0.9.0
   Compiling bevy_app v0.15.3
   Compiling ratatui-hypertile-extras v0.1.0
   Compiling bevy_core v0.15.3
   Compiling bevy_time v0.15.3
   Compiling bevy_log v0.15.3
   Compiling bevy_hierarchy v0.15.3
   Compiling bevy_input v0.15.3
   Compiling bevy_diagnostic v0.15.3
   Compiling bevy_transform v0.15.3
   Compiling beamterm-renderer v0.10.0
   Compiling env_logger v0.11.10
   Compiling image v0.25.10
   Compiling comfy-table v7.2.2
   Compiling crossbeam-epoch v0.9.18
   Compiling pollster v0.3.0
   Compiling rayon-core v1.13.0
   Compiling ratzilla v0.3.0
   Compiling crossbeam-deque v0.8.6
   Compiling plotters-backend v0.3.7
   Compiling ciborium-io v0.2.2
   Compiling mockall_derive v0.13.1
   Compiling predicates-core v1.0.10
   Compiling ciborium-ll v0.2.2
   Compiling bevy_internal v0.15.3
   Compiling plotters-svg v0.3.7
   Compiling bevy v0.15.3
   Compiling itertools v0.10.5
   Compiling cast v0.3.0
   Compiling same-file v1.0.6
   Compiling termtree v0.5.1
   Compiling walkdir v2.5.0
   Compiling predicates-tree v1.0.13
   Compiling rayon v1.12.0
   Compiling plotters v0.3.7
   Compiling ciborium v0.2.2
   Compiling predicates v3.1.4
   Compiling criterion-plot v0.5.0
   Compiling tinytemplate v1.2.1
   Compiling is-terminal v0.4.17
   Compiling fragile v2.1.0
   Compiling downcast v0.11.0
   Compiling anes v0.1.6
   Compiling oorandom v11.1.5
   Compiling assert_approx_eq v1.1.0
   Compiling criterion v0.5.1
   Compiling mockall v0.13.1
   Compiling scale v0.1.0 (/app)
    Finished `test` profile [unoptimized + debuginfo] target(s) in 4m 49s
     Running unittests src/lib.rs (target/debug/deps/scale-99e5067a70de6380)

running 2043 tests
test gpu::buffers::tests::test_extract_global_state ... ok
test gpu::buffers::tests::test_extract_drafted_status ... ok
test gpu::buffers::tests::test_gpu_building_input_size ... ok
test gpu::buffers::tests::test_gpu_global_state_size ... ok
test gpu::buffers::tests::test_gpu_pop_decision_size ... ok
test gpu::buffers::tests::test_gpu_pop_input_size ... ok
test gpu::buffers::tests::test_extract_fauna_as_targets ... ok
test gpu::buffers::tests::test_extract_pop_inputs ... ok
test gpu::evaluate::tests::test_action_type_from_u32_roundtrip ... ok
test gpu::evaluate::tests::test_gpu_evaluate_noop_without_context ... ok
test gpu::buffers::tests::test_extract_building_inputs ... ok
test gpu::evaluate::tests::test_gpu_evaluate_noop_no_pops ... ok
test layer1::access_control::tests::test_lockdown_blocks_everyone ... ok
test layer1::access_control::tests::test_biometric_allow_list ... ok
test layer1::access_control::tests::test_default_door_is_public ... ok
test layer1::actions::clean::tests::test_evaluate_clean_empty_candidates ... ok
test layer1::access_control::tests::test_role_based_access ... ok
test layer1::access_control::tests::test_pathfinding_integration ... ok
test layer1::actions::clean::tests::test_evaluate_clean_non_janitor_skips_low_clutter ... ok
test layer1::actions::clean::tests::test_evaluate_clean_non_janitor_selects_critical_clutter ... ok
test layer1::actions::clean::tests::test_evaluate_clean_selects_best_candidate ... ok
test layer1::actions::clean::tests::test_evaluate_clean_janitor_selects_all_clutter ... ok
test layer1::actions::haul::tests::should_ignore_pickup_if_resource_at_max_capacity ... ok
test layer1::actions::haul::tests::should_pick_up_item_if_empty_handed_and_stockpiles_exist ... ok
test layer1::actions::haul::tests::should_return_none_if_carrying_but_no_stockpile_exists ... ok
test layer1::actions::haul::tests::should_target_gene_bank_when_carrying_genetic_sample ... ok
test layer1::actions::haul::tests::should_target_stockpile_if_carrying_generic_resource ... ok
test layer1::actions::mental_break::tests::test_edge_case_no_targets_exist ... ok
test layer1::actions::mental_break::tests::test_evaluate_mental_break_no_break ... ok
test layer1::actions::mental_break::tests::test_evaluate_mental_break_with_breakdown_variants ... ok
test layer1::actions::mental_break::tests::test_evaluate_mental_break_with_mental_state_variants ... ok
test layer1::actions::mental_break::tests::test_target_selection_logic_food ... ok
test layer1::actions::mental_break::tests::test_target_selection_logic_structure ... ok
test layer1::actions::shower::tests::should_evaluate_candidates_when_hygiene_is_low_and_water_sufficient ... ok
test layer1::actions::shower::tests::should_return_none_when_hygiene_is_high ... ok
test layer1::actions::shower::tests::should_return_none_when_insufficient_water ... ok
test layer1::administration::admin::tests::test_admin_efficiency_penalty ... ok
test layer1::administration::admin::tests::test_admin_stats_calculation ... ok
test layer1::administration::admin::tests::test_zero_demand_handling ... ok
test layer1::ad_screen::tests::test_ad_screen_generates_credits_and_inflates_needs ... ok
test layer1::ad_screen::tests::test_ad_screen_ignores_pops_out_of_range ... ok
test layer1::administration::designation::test_can_designate_clear_flora ... ok
test layer1::administration::bureaucracy_of_sleep::tests::test_sleep_permit_allocation_by_job_tier ... ok
test layer1::administration::designation::test_try_designate_area_limit ... ok
test layer1::administration::designation::test_try_designate_area_performance_smoke_test ... ok
test layer1::administration::designation::tests::test_can_designate_chop_invalid ... ok
test layer1::administration::designation::tests::test_can_designate_chop_valid ... ok
test layer1::administration::designation::tests::test_can_designate_demolish_invalid ... ok
test layer1::administration::designation::tests::test_can_designate_demolish_valid ... ok
test layer1::administration::designation::tests::test_can_designate_mine_invalid ... ok
test layer1::administration::designation::tests::test_can_designate_mine_valid ... ok
test layer1::administration::designation::tests::test_designation_component ... ok
test layer1::administration::designation::tests::test_designation_mode_default ... ok
test layer1::administration::designation::tests::test_designation_mode_toggle ... ok
test layer1::administration::designation::tests::test_cancel_designation ... ok
test layer1::administration::bureaucracy_of_sleep::tests::test_sleep_deprivation_increases_stress ... ok
test layer1::administration::designation::tests::test_designation_type_as_str ... ok
test layer1::administration::designation::tests::test_designation_type_char ... ok
test layer1::administration::designation::tests::test_designation_type_chop ... ok
test layer1::administration::designation::tests::test_designation_type_variants ... ok
test layer1::administration::designation::tests::test_set_zone_always_valid ... ok
test layer1::administration::designation::tests::test_try_designate_area_mixed_valid_invalid ... ok
test layer1::administration::designation::tests::test_try_designate_area_no_valid_tiles ... ok
test layer1::administration::designation::tests::test_try_designate_area_multi_tile_rectangle ... ok
test layer1::administration::designation::tests::test_try_designate_area_single_tile ... ok
test layer1::administration::designation::tests::test_try_designate_creates_entity ... ok
test layer1::administration::edicts::tests::test_double_shifts_increases_speed_and_reduces_morale ... ok
test layer1::administration::edicts::tests::test_pest_control_reduces_work_speed ... ok
test layer1::administration::designation::tests::test_try_designate_duplicates_ignored ... ok
test layer1::administration::edicts::tests::test_policies_resource_defaults ... ok
test layer1::administration::edicts::tests::test_policy_gains_tradition_xp_over_time ... ok
test layer1::administration::edicts::tests::test_player_cannot_rescind_orphaned_edict ... ok
test layer1::administration::edicts::tests::test_rationing_reduces_hunger_decay ... ok
test layer1::administration::edicts::tests::test_policy_becomes_tradition_after_duration ... ok
test layer1::administration::edicts::tests::test_toggle_policy ... ok
test layer1::administration::inspector::tests::test_inspector_component_defaults ... ok
test layer1::administration::inspector::tests::test_observation_accumulates_score ... ok
test layer1::administration::inspector::tests::test_report_card_generation_on_departure ... ok
test layer1::administration::edicts::tests::test_resolving_orphaned_edict_via_bureaucratic_hack ... ok
test layer1::administration::edicts::tests::test_revoking_tradition_causes_unrest ... ok
test layer1::administration::inspector::tests::test_spawn_inspector_trigger ... ok
test layer1::administration::permit::tests::test_advanced_building_spawns_with_permit_requirement ... ok
test layer1::administration::permit::tests::test_basic_building_spawns_active ... ok
test layer1::administration::permit::tests::test_delivering_permit_activates_building ... ok
test layer1::administration::zone::tests::test_building_inherits_zone_buff ... ok
test layer1::administration::zone::tests::test_set_zone ... ok
test layer1::administration::zone::tests::test_remove_zone ... ok
test layer1::administration::permit::tests::test_permit_blocks_functionality ... ok
test layer1::agriculture::farm::tests::test_change_crop_selection ... ok
test layer1::administration::zone::tests::test_zone_grid_default ... ok
test layer1::administration::zone::tests::test_wrong_zone_no_buff ... ok
test layer1::agriculture::farm::tests::test_consume_food_adds_dietary_history ... ok
test layer1::agriculture::farm::tests::test_consume_food_picks_active_crop ... ok
test layer1::agriculture::farm::tests::test_consume_food_rations_immunity ... ok
test layer1::agriculture::farm::tests::test_farm_default ... ok
test layer1::agriculture::farm::tests::test_farm_has_selected_crop ... ok
test layer1::agriculture::farm::tests::test_consume_food_system ... ok
test layer1::agriculture::farm::tests::test_consume_food_rations_mood_penalty ... ok
test layer1::agriculture::farm::tests::test_produce_food_multiple_workers ... ok
test layer1::agriculture::farm::tests::test_produce_food_system ... ok
test layer1::agriculture::farm::tests::test_produce_food_potato_winter_resistance ... ok
test layer1::agriculture::farm::tests::test_produce_food_system_skills_efficiency ... ok
test layer1::agriculture::gastronomy::tests::test_apply_meal_effect_none ... ok
test layer1::agriculture::farm::tests::test_produce_food_system_skills_xp ... ok
test layer1::agriculture::farm::tests::test_produce_food_wheat_yield ... ok
test layer1::agriculture::gastronomy::tests::test_cookbook_recording ... ok
test layer1::agriculture::gastronomy::tests::test_eating_mystery_meal_applies_hallucination ... ok
test layer1::agriculture::gastronomy::tests::test_cooking_experiment_consumes_ingredients ... ok
test layer1::agriculture::gastronomy::tests::test_buff_decay ... ok
test layer1::agriculture::gastronomy::tests::test_eating_mystery_meal_applies_mood_boost ... ok
test layer1::agriculture::gastronomy::tests::test_eating_mystery_meal_applies_poison ... ok
test layer1::agriculture::gastronomy::tests::test_generate_consistent_effect ... ok
test layer1::agriculture::gastronomy::tests::test_eating_mystery_meal_applies_work_speed_buff ... ok
test layer1::agriculture::greenhouse_tests::tests::test_building_type_greenhouse_exists ... ok
test layer1::agriculture::greenhouse_tests::tests::test_greenhouse_cost ... ok
test layer1::agriculture::husbandry::tests::test_pasture_confinement ... ok
test layer1::agriculture::greenhouse_tests::tests::test_greenhouse_ignores_winter_penalty ... ok
test layer1::agriculture::gastronomy::tests::test_hallucination_decay ... ok
test layer1::agriculture::husbandry::tests::test_resource_production ... ok
test layer1::agriculture::husbandry::tests::test_tame_failure_aggro ... ok
test layer1::agriculture::husbandry::tests::test_tame_success ... ok
test layer1::agriculture::hydroponics_tests::tests::test_hydroponics_consumes_water_and_power ... ok
test layer1::agriculture::hydroponics_tests::tests::test_hydroponics_fails_without_power ... ok
test layer1::agriculture::hydroponics_tests::tests::test_hydroponics_fails_without_water ... ok
test layer1::agriculture::hydroponics_tests::tests::test_hydroponics_production_multiplier ... ok
test layer1::agriculture::hydroponics_tests::tests::test_spawn_hydroponics_components ... ok
test layer1::agriculture::preservation_tests::tests::test_rations_decay_slower_than_food ... ok
test layer1::agriculture::preservation_tests::tests::test_rations_resource_defaults ... ok
test layer1::agriculture::preservation_tests::tests::test_smokehouse_recipe ... ok
test layer1::agriculture::preservation_tests::tests::test_smokehouse_recipe_full_storage ... ok
test layer1::agriculture::preservation_tests::tests::test_consume_priority_eats_fresh_food_first ... ok
test layer1::agriculture::preservation_tests::tests::test_smokehouse_recipe_insufficient_resources ... ok
test layer1::agriculture::preservation_tests::tests::test_consume_eats_rations_if_no_fresh_food ... ok
test layer1::anomalies::tests::test_anomaly_component ... ok
test layer1::anomalies::tests::test_evaluate_explore_finds_anomaly ... ok
test layer1::anomalies::tests::test_scan_progress_component ... ok
test layer1::anomalies::tests::test_process_scan_system_increments_progress ... ok
test layer1::anomalies::tests::test_process_scan_system_completes_scan ... ok
test layer1::anomalies::tests::test_spawn_initial_anomalies ... ok
test layer1::architecture::biomimetic::tests::test_sympathetic_temperature_clamp ... ok
test layer1::architecture::biomimetic::tests::test_sympathetic_temperature_rise_high_morale_job_localized ... ok
test layer1::architecture::building::seasonal_tests::test_seasonal_immunity ... ok
test layer1::architecture::biomimetic::tests::test_sympathetic_temperature_drop_low_morale_localized ... ok
test layer1::architecture::building::shift_tests::test_shift_active_always ... ok
test layer1::architecture::building::shift_tests::test_shift_active_during_night ... ok
test layer1::architecture::building::shift_tests::test_shift_active_during_day ... ok
test layer1::architecture::building::shift_tests::test_shift_schedule_default ... ok
test layer1::architecture::building::tests::test_build_mode_cursor_movement ... ok
test layer1::architecture::building::tests::test_build_mode_default ... ok
test layer1::architecture::building::tests::test_build_mode_toggle ... ok
test layer1::architecture::building::tests::test_build_mode_type_cycling ... ok
test layer1::architecture::building::tests::test_building_component_creation ... ok
error: XDG_RUNTIME_DIR is invalid or not set in the environment.
test layer1::architecture::building::tests::test_ancient_reactor_has_machine_spirit ... ok
test layer1::architecture::building::tests::test_build_on_tree ... ok
test layer1::architecture::building::tests::test_building_has_position ... ok
test layer1::architecture::building::tests::test_building_type_default ... ok
test layer1::architecture::building::tests::test_building_type_labels ... ok
test layer1::architecture::building::tests::test_building_over_grave_fails_if_cannot_afford ... ok
test layer1::architecture::building::tests::test_building_over_grave_causes_sacrilege ... ok
test layer1::architecture::building::tests::test_building_type_next ... ok
test layer1::architecture::building::tests::test_can_afford_success ... ok
test layer1::architecture::building::tests::test_can_afford_failure ... ok
test layer1::architecture::building::tests::test_can_place_on_grass ... ok
test layer1::architecture::building::tests::test_cannot_place_on_rock ... ok
test layer1::architecture::building::tests::test_cannot_place_on_occupied ... ok
test layer1::architecture::building::tests::test_cannot_place_on_water ... ok
test layer1::architecture::building::tests::test_housing_cost ... ok
test layer1::architecture::building::tests::test_farm_cost ... ok
test layer1::architecture::building::tests::test_cannot_place_out_of_bounds ... ok
test layer1::architecture::building::tests::test_occupied_tiles_default ... ok
test layer1::architecture::building::tests::test_occupied_tiles_insertion ... ok
test layer1::architecture::building::tests::test_place_building_failure_water ... ok
test layer1::architecture::building::tests::test_place_building_adds_structure ... ok
test layer1::architecture::building::tests::test_place_building_log_messages ... ok
test layer1::architecture::building::tests::test_place_farm_adds_farm_component ... ok
test layer1::architecture::building::tests::test_place_building_success ... ok
test layer1::architecture::building::tests::test_place_stockpile_adds_stockpile_component ... ok
test layer1::architecture::building::tests::test_place_gate_adds_gate_component ... ok
test layer1::architecture::building::tests::test_place_housing_adds_housing_component ... ok
test layer1::architecture::building::tests::test_try_place_building_fails_insufficient_funds ... ok
test layer1::architecture::building::tests::test_try_place_building_deducts_resources ... ok
test layer1::architecture::building_gate_test::test_place_gate_adds_gate_component ... ok
test layer1::architecture::housing::tests::test_clean_dead_residents_empty ... ok
test layer1::architecture::housing::tests::test_housing_capacity_limit ... ok
test layer1::architecture::housing::tests::test_housing_add_resident ... ok
test layer1::architecture::housing::tests::test_clean_dead_residents_system ... ok
test layer1::architecture::housing::tests::test_housing_component_with_building ... ok
test layer1::architecture::housing::tests::test_housing_default ... ok
test layer1::architecture::housing::tests::test_restore_rest_in_housing_system ... ok
test layer1::architecture::housing::tests::test_restore_rest_capped_at_one ... ok
test layer1::architecture::housing::tests::test_restore_rest_multiple_residents ... ok
test layer1::architecture::housing::tests::test_restore_rest_with_zone_bonus ... ok
test layer1::architecture::parasitic_architecture::tests::test_megastructure_destroys_building ... ok
test layer1::architecture::parasitic_architecture::tests::test_megastructure_consumes_nearby_building_integrity ... ok
test layer1::architecture::parasitic_architecture::tests::test_megastructure_ignores_out_of_range_buildings ... ok
test layer1::architecture::room_quality::tests::test_apply_thought_based_on_quality ... ok
test layer1::architecture::room_quality::tests::test_calculate_base_quality ... ok
test layer1::architecture::room_quality::tests::test_beauty_increases_quality ... ok
test layer1::architecture::room_quality::tests::test_enclosure_bonus ... ok
test layer1::architecture::ruins::tests::test_destruction_spawns_ruin ... ok
test layer1::architecture::ruins::tests::test_scavenge_ruin_yields_resources ... ok
test layer1::architecture::spontaneous_architecture::tests::test_demolish_causes_sadness ... ok
test layer1::architecture::spontaneous_architecture::tests::test_personal_structure_component ... ok
test layer1::architecture::spontaneous_architecture::tests::test_spontaneous_build_consumes_resources ... ok
test layer1::architecture::spontaneous_architecture::tests::test_cannot_build_if_blocked ... ok
test layer1::architecture::spontaneous_architecture::tests::test_check_spontaneous_build_finds_adjacent_empty_tile ... ok
test layer1::architecture::structure::tests::test_fire_damages_structure ... ok
test layer1::architecture::structure::tests::test_repair_removes_designation_at_max_hp ... ok
test layer1::architecture::structure::tests::test_process_repair_on_direct_structure_does_not_despawn ... ok
test layer1::architecture::structure::tests::test_structure_component_defaults ... ok
test layer1::architecture::structure::tests::test_repair_restores_hp ... ok
test layer1::architecture::structure::tests::test_structure_destruction_at_zero_hp ... ok
test layer1::architecture::structure_fragile_tests::tests::test_fragile_decay_reduces_hp ... ok
test layer1::architecture::structure_jury_rig_tests::tests::test_designation_type_jury_rig_properties ... ok
test layer1::architecture::structure_jury_rig_tests::tests::test_jury_rig_adds_fragile_component ... ok
test layer1::architecture::structure_jury_rig_tests::tests::test_fragile_buildings_take_extra_fire_damage ... ok
test layer1::architecture::structure_jury_rig_tests::tests::test_jury_rig_stacks_fragility ... ok
test layer1::architecture::structure_jury_rig_tests::tests::test_jury_rig_restores_hp_instantly ... ok
test layer1::architecture::structure_maintenance_tests::tests::test_defer_maintenance_component ... ok
test layer1::architecture::structure_maintenance_tests::tests::test_entropy_system_reduces_hp ... ok
test layer1::architecture::structure_maintenance_tests::tests::test_evaluate_repair_ignores_deferred ... ok
test layer1::architecture::structure_fragile_tests::tests::test_fragile_decay_scales_with_stacks ... ok
test layer1::architecture::structure_maintenance_tests::tests::test_malfunction_risk_calculation ... ok
test layer1::architecture::structure_maintenance_tests::tests::test_repair_logic_ignores_deferred ... ok
test layer1::architecture::turret::tests::test_exploit_negative_ammo_cost_prevented ... ok
test layer1::architecture::symbiotic_infrastructure::tests::test_symbiotic_structure_regenerates_health ... ok
test layer1::architecture::symbiotic_infrastructure::tests::test_symbiotic_structure_goes_dormant_if_needs_unmet ... ok
test layer1::architecture::turret::tests::test_trash_cannon_needs_ammo ... ok
test layer1::architecture::turret::tests::test_trash_cannon_fires_and_consumes_ammo ... ok
test layer1::architecture::turret::tests::test_trash_cannon_spawns_mess_on_impact ... ok
test layer1::architecture::turret::tests::test_turret_component_defaults ... ok
test layer1::architecture::window::tests::test_window_captures_distant_beauty ... ok
test layer1::architecture::window::tests::test_window_negative_view ... ok
test layer1::architecture::window::tests::test_window_obstruction ... ok
test layer1::architecture::work_building_tests::tests::test_evaluate_farm_finds_work ... ok
test layer1::beauty::tests::test_beauty_grid_resource_defaults ... ok
test layer1::architecture::work_building_tests::tests::test_evaluate_refine_finds_valid_work ... ok
test layer1::beauty::tests::test_beauty_emission_from_source ... ok
test layer1::beauty::tests::test_beauty_satisfies_leisure ... ok
test layer1::beauty::tests::test_negative_beauty_from_trash ... ok
test layer1::beauty::tests::test_negative_beauty_decreases_leisure ... ok
test layer1::beauty::tests::test_flower_bed_has_beauty_source ... ok
test layer1::beauty::tests::test_waste_emits_negative_beauty ... ok
test layer1::biography::tests::test_biography_prevents_duplicate_events ... ok
test layer1::biography::tests::test_biography_initialization ... ok
test layer1::biology::addiction::tests::test_addiction_starts_after_surgery_if_transhumanist ... ok
test layer1::biology::addiction::tests::test_addiction_starts_if_many_augmentations ... ok
test layer1::biology::addiction::tests::test_self_surgery_triggers_at_zero_craving ... ok
test layer1::biography::tests::test_biography_records_assignment ... ok
test layer1::biology::biocompatibility::tests::test_biocompatibility_component_default ... ok
test layer1::biology::biocompatibility::tests::test_high_biocompatibility_resists_hazard ... ok
test layer1::biology::biocompatibility::tests::test_low_biocompatibility_takes_damage ... ok
test layer1::biology::biocompatibility::tests::test_traits_modify_biocompatibility ... ok
test layer1::biology::biocompatibility::tests::test_weak_immunity_safe_in_clean_air ... ok
test layer1::biology::agony_extract::tests::test_harvest_agony_extract_requires_high_stress ... ok
test layer1::biology::clone_vat::tests::test_clone_trait_behavior ... ok
test layer1::biology::clone_vat::tests::test_clone_completion_spawns_pop ... ok
test layer1::biology::clone_vat::tests::test_clone_vat_consumes_resources_to_start ... ok
test layer1::biology::clone_vat::tests::test_clone_vat_requires_power ... ok
test layer1::biology::clone_vat::tests::test_clone_vat_needs_rations ... ok
test layer1::biology::contagion::tests::test_contagion_cooldown ... ok
test layer1::biology::contagion::tests::test_emotional_contagion_range_limit ... ok
test layer1::biology::clone_vat::tests::test_progress_decrement ... ok
test layer1::biology::contagion::tests::test_emotional_contagion_spreads_joy ... ok
test layer1::biology::contagion::tests::test_emotional_contagion_spreads_terror ... ok
test layer1::biology::cryo_shock::tests::test_cryo_shock_applied_on_spawn ... ok
test layer1::biology::cryo_shock::tests::test_cryo_shock_applies_debuffs ... ok
test layer1::biology::cryo_shock::tests::test_cryo_shock_duration_decays ... ok
test layer1::biology::cybernetics::tests::test_augmentation_affects_stats ... ok
test layer1::biology::cybernetics::tests::test_augmentation_social_penalty ... ok
test layer1::biology::cybernetics::tests::test_augmentations_component_exists ... ok
test layer1::biology::cryo_shock::tests::test_cryo_shock_removed ... ok
test layer1::biology::cybernetics::tests::test_prosthetic_component_defaults ... ok
test layer1::biology::gene_bank::tests::test_cloning_process_fauna ... ok
test layer1::biology::cybernetics::tests::test_surgery_installs_prosthetic ... ok
test layer1::biology::gene_bank::tests::test_collect_fauna_sample ... ok
test layer1::biology::gene_bank::tests::test_cloning_process_flora ... ok
test layer1::biology::gene_bank::tests::test_collect_flora_sample ... ok
test layer1::biology::gene_bank::tests::test_gene_bank_storage ... ok
test layer1::biology::addiction::tests::test_addiction_decay_lowers_mood ... ok
test layer1::biology::genetics::crop_modification::tests::test_crop_modification_increases_yield ... ok
test layer1::biology::genetics::tests::test_gene_mod_adds_trait ... ok
test layer1::biology::genetics::crop_modification::tests::test_crop_mutation_triggers_event ... ok
test layer1::biology::genetics::tests::test_gene_mod_failure_causes_mutation ... ok
test layer1::biology::gut_biome::tests::test_adaptation_mechanic ... ok
test layer1::biology::grafting::tests::test_grafting_inherits_quirks_and_debt ... ok
test layer1::biology::gut_biome::tests::test_comfort_food_bonus ... ok
test layer1::biology::gut_biome::tests::test_decay_mechanic ... ok
test layer1::biology::genetics::tests::test_gene_mod_rejection_causes_health_damage ... ok
test layer1::biology::gut_biome::tests::test_gut_biome_initialization ... ok
test layer1::biology::health::tests::test_damage_clamped_at_zero ... ok
test layer1::biology::health::tests::test_death_check ... ok
test layer1::biology::health::tests::test_health_defaults ... ok
test layer1::biology::health::tests::test_take_damage ... ok
test layer1::biology::medical::tests::test_assignment_type_patient_exists ... ok
test layer1::biology::gut_biome::tests::test_digestion_efficiency_impact ... ok
test layer1::biology::medical::tests::test_healing_stops_at_max ... ok
test layer1::biology::medical::tests::test_healing_system_missing_hospital_component ... ok
test layer1::biology::medical::tests::test_healing_system_restores_health ... ok
test layer1::biology::medical::tests::test_hospital_component_defaults ... ok
test layer1::biology::medical::tests::test_healing_system_wrong_assignment_type ... ok
test layer1::biology::medical_triage_tests::tests::test_policy_resource_default ... ok
test layer1::biology::medical::tests::test_healing_with_zone_bonus ... ok
test layer1::biology::medical_triage_tests::tests::test_triage_policy_prioritizes_lowest_health ... ok
test layer1::biology::medical_triage_tests::tests::test_workers_first_policy_ignores_unemployed ... ok
test layer1::biology::rust_lung::tests::test_mine_low_purity_ore_with_rebreather_prevents_rust_lung ... ok
test layer1::biology::rust_lung::tests::test_rust_lung_accumulation_from_mining ... ok
test layer1::biology::rust_lung::tests::test_rust_lung_degradation ... ok
test layer1::chemical::tests::test_active_effect_expiration ... ok
test layer1::chemical::tests::test_chemical_state_default ... ok
test layer1::biology::rust_lung::tests::test_rust_lung_provides_toxic_gas_immunity ... ok
test layer1::chemical::tests::test_consume_stim_adds_effect ... ok
test layer1::chemical::tests::test_evaluate_consume_chemical_needs ... ok
test layer1::chemical::tests::test_evaluate_consume_chemical_stress ... ok
test layer1::chemical::tests::test_addiction_buildup ... ok
test layer1::chemical::tests::test_evaluate_consume_chemical_withdrawal ... ok
test layer1::chemical::tests::test_stim_effect_modifies_speed ... ok
test layer1::chemical::tests::test_sedative_stress_reduction ... ok
test layer1::chemical::tests::test_stim_health_damage ... ok
test layer1::chemical::tests::test_withdrawal_triggers ... ok
test layer1::clothing::tests::test_clothing_component ... ok
test layer1::clothing::tests::test_clothing_breaks ... ok
test layer1::clothing::tests::test_equipment_has_body_slot ... ok
test layer1::clothing::tests::test_clothing_degrades_on_wearer ... ok
test layer1::clutter::tests::test_clutter_accumulation_movement ... ok
test layer1::clutter::tests::test_clutter_grid_initialization ... ok
test layer1::clutter::tests::test_clutter_accumulation_work ... ok
test layer1::clutter::tests::test_clutter_impact_on_pathfinding_cost ... ok
test layer1::clutter::tests::test_clutter_impact_on_beauty ... ok
test layer1::clutter::tests::test_janitor_clean_action ... ok
test layer1::combat::tests::test_attack_cooldown ... ok
test layer1::combat::tests::test_combat_cooldown_system ... ok
test layer1::combat::tests::test_execute_attack_aborts_on_invalid_attacker ... ok
test layer1::combat::tests::test_execute_attack_applies_hit_stop_on_heavy_hit ... ok
test layer1::combat::tests::test_draft_toggle_overrides_behavior ... ok
test layer1::combat::tests::test_execute_attack_auto_initializes_combat_state ... ok
test layer1::combat::tests::test_execute_attack_hit_stop_scaling_medium ... ok
test layer1::combat::tests::test_execute_attack_hit_stop_scaling_light ... ok
test layer1::combat::tests::test_hit_stop_system_flow ... ok
test layer1::combat::tests::test_pop_uses_equipped_weapon ... ok
test layer1::combat::tests::test_weapon_properties ... ok
test layer1::combat::tests::test_undrafted_pop_flees_or_ignores ... ok
test layer1::construction::great_works::tests::test_great_work_advances_multiple_phases_correctly ... ok
test layer1::construction::great_works::tests::test_great_work_advances_phase_when_progress_filled ... ok
test layer1::construction::great_works::tests::test_great_work_completion_triggers_buff ... ok
test layer1::construction::great_works::tests::test_great_work_completion_emits_event ... ok
test layer1::construction::great_works::tests::test_great_work_initializes_in_phase_one ... ok
test layer1::core::ai_core::tests::test_ai_core_building_type ... ok
test layer1::core::ai_core::tests::test_auto_lockdown_on_raid ... ok
test layer1::core::ai_core::tests::test_auto_power_management_low_battery ... ok
test layer1::core::ai_core::tests::test_rogue_state_trigger_low_hp ... ok
test layer1::core::chronicle::tests::test_building_tracker_default ... ok
test layer1::core::ai_core::tests::test_rogue_behavior_random_lockdown ... ok
test layer1::clutter::tests::test_cleaning_spawns_scrap ... ok
test layer1::core::chronicle::tests::test_check_milestones_system_farm ... ok
test layer1::core::chronicle::tests::test_chronicle_add_event ... ok
test layer1::core::chronicle::tests::test_chronicle_default ... ok
test layer1::core::chronicle::tests::test_chronicle_event_creation ... ok
test layer1::core::chronicle::tests::test_chronicle_ui_state_default ... ok
test layer1::core::chronicle::tests::test_chronicle_ui_state_toggle ... ok
test layer1::core::chronicle::tests::test_chronicle_year_calculation ... ok
test layer1::core::chronicle::tests::test_event_importance_variants ... ok
test layer1::core::chronicle::tests::test_format_event_prefix ... ok
test layer1::core::chronicle::tests::test_check_milestones_system_housing ... ok
test layer1::core::map::tests::test_camera_smooth_initialization ... ok
test layer1::core::map::tests::test_camera_smooth_interpolation ... ok
test layer1::core::map::tests::test_camera_smooth_snap ... ok
test layer1::core::map::tests::test_grid_position_clone ... ok
test layer1::core::map::tests::test_grid_position_creation ... ok
test layer1::core::map::tests::test_grid_position_debug ... ok
test layer1::core::map::tests::test_grid_position_fields ... ok
test layer1::core::map::tests::test_grid_position_is_copy ... ok
test layer1::core::map::tests::test_grid_position_negative_coords ... ok
test layer1::core::map::tests::test_screen_shake_system ... ok
test layer1::crowding::tests::test_crowding_decays_over_time ... ok
test layer1::crowding::tests::test_crowding_grid_initialization ... ok
test layer1::crowding::tests::test_crowding_increases_on_traversal ... ok
test layer1::crowding::tests::test_crowding_out_of_bounds_safety ... ok
test layer1::crowding::tests::test_pathfinding_avoids_crowded_tiles ... ok
test layer1::core::chronicle::tests::test_check_milestones_system_only_once ... ok
test layer1::core::chronicle::tests::test_initial_chronicle_event ... ok
test layer1::cryo_tests::test_cryo_sickness_decays ... ok
test layer1::cryo_tests::test_enter_cryo_applies_component ... ok
test layer1::cryo_tests::test_cryo_stasis_halts_need_decay ... ok
test layer1::culture::ancestral_graves::tests::test_building_over_grave_causes_sacrilege ... ok
test layer1::culture::ancestral_graves::tests::test_grave_provides_mood_buff_to_visitor ... ok
test layer1::culture::animism::tests::test_spirit_effects_apply ... ok
test layer1::culture::animism::tests::test_spirit_evolution_adds_experience ... ok
test layer1::culture::animism::tests::test_spirit_gains_trait_on_level_up ... ok
test layer1::cryo_tests::test_enter_cryo_cancels_action ... ok
test layer1::culture::art::tests::test_art_captures_chronicle_event ... ok
test layer1::culture::art::tests::test_art_fallback_if_chronicle_empty ... ok
test layer1::culture::art::tests::test_observing_art_distance_limit ... ok
test layer1::culture::art::tests::test_observing_art_gives_memory_buff ... ok
test layer1::culture::art::tests::test_statue_gains_art_component ... ok
test layer1::culture::artifacts::tests::test_artifact_aura_application ... ok
test layer1::culture::artifacts::tests::test_artifact_emits_aura_to_nearby_pops ... ok
test layer1::culture::artifacts::tests::test_artifact_aura_removal_when_out_of_range ... ok
test layer1::culture::artifacts::tests::test_artifact_indestructible ... ok
test layer1::culture::artifacts::vr_pod::tests::test_cleanup_vr_pod_status ... ok
test layer1::cryo_tests::test_exit_cryo_applies_sickness ... ok
test layer1::culture::artifacts::vr_pod::tests::test_vr_pod_does_not_stop_hunger_decay ... ok
test layer1::culture::artifacts::vr_pod::tests::test_vr_pod_maximizes_morale_and_zeroes_stress ... ok
test layer1::culture::astrology::tests::test_astrological_buff_applied_during_alignment ... ok
test layer1::culture::astrology::tests::test_astrological_debuff_applied_during_retrograde ... ok
test layer1::culture::astrology::tests::test_astrological_normal ... ok
test layer1::culture::festivals::tests::test_apply_festival_morale_effect ... ok
test layer1::culture::astrology::tests::test_rationalist_faction_ignores_astrology ... ok
test layer1::culture::festivals::tests::test_check_for_festivals_anniversary ... ok
test layer1::culture::festivals::tests::test_check_for_festivals_no_events ... ok
test layer1::culture::festivals::tests::test_check_for_festivals_ignores_minor_events ... ok
test layer1::culture::festivals::tests::test_festival_state_default ... ok
test layer1::culture::festivals::tests::test_festival_ends_after_duration ... ok
test layer1::culture::funeral::tests::test_burial_grants_closure ... ok
test layer1::culture::funeral::tests::test_corpse_decay_causes_grief ... ok
test layer1::culture::funeral::tests::test_death_spawns_corpse ... ok
test layer1::culture::funeral::tests::test_grave_accepts_corpse ... ok
test layer1::culture::totems::tests::test_equipment_has_totem_slot ... ok
test layer1::culture::totems::tests::test_totem_reduces_stress_accumulation ... ok
test layer1::culture::totems::tests::test_totem_creation_at_high_stress ... ok
test layer1::day_night::tests::test_all_phases_and_light_levels ... ok
test layer1::day_night::tests::test_ambient_light_update ... ok
test layer1::day_night::tests::test_circadian_rhythm_rest_decay ... ok
test layer1::day_night::tests::test_cycle_progression ... ok
test layer1::day_night::tests::test_day_increment ... ok
test layer1::day_night::tests::test_initialization ... ok
test layer1::culture::totems::tests::test_unequipping_triggers_bad_omen ... ok
test layer1::culture::artifacts::tests::test_artifact_spawns_during_map_generation ... ok
test layer1::deep_crust_resonance::tests::test_mining_resonant_ore_inflicts_resonance_debuff ... ok
test layer1::deep_crust_resonance::tests::test_resonance_spreads_paranoia_through_relationships ... ok
test layer1::defense::tests::test_access_control_overrides_obstacle ... ok
test layer1::defense::tests::test_gate_is_obstacle_only_when_locked ... ok
test layer1::defense::tests::test_is_walkable_out_of_bounds ... ok
test layer1::defense::tests::test_is_walkable_out_of_bounds_positive ... ok
test layer1::defense::tests::test_normal_buildings_are_obstacles ... ok
test layer1::defense::tests::test_wall_is_obstacle ... ok
test layer1::defense::tests::test_movement_allowed_through_open_gate ... ok
test layer1::defense::tests::test_movement_blocked_by_wall ... ok
test layer1::digital_immortality::tests::test_ghost_insanity_hack ... ok
test layer1::digital_immortality::tests::test_ghost_power_drain ... ok
test layer1::digital_immortality::tests::test_mind_upload_transfer ... ok
test layer1::diplomacy::factions::rivals::tests::test_rival_colony_claims_territory ... ok
test layer1::diplomacy::wards::tests::test_diplomatic_ward_death_triggers_war ... ok
test layer1::diplomacy::wards::tests::test_diplomatic_ward_happiness_improves_relations ... ok
test layer1::diplomacy::factions::rivals::tests::test_rival_colony_drains_resources_from_claimed_tiles ... ok
test layer1::diplomacy::wards::tests::test_diplomatic_ward_mistreatment_tanks_relations ... ok
test layer1::direct_link::tests::test_ai_components_cleared_on_possession ... ok
test layer1::direct_link::tests::test_direct_movement_cooldown_blocks_spam ... ok
test layer1::direct_link::tests::test_direct_movement_juice_collision ... ok
test layer1::direct_link::tests::test_direct_movement_input ... ok
test layer1::direct_link::tests::test_direct_movement_diagonal_buffering ... ok
test layer1::direct_link::tests::test_direct_movement_wall_sliding ... ok
test layer1::direct_link::tests::test_direct_movement_juice_particles ... ok
test layer1::direct_link::tests::test_possession_buffs ... ok
test layer1::direct_link::tests::test_possession_toggle ... ok
test layer1::economy::black_market::tests::test_smuggler_increases_corruption ... ok
test layer1::economy::black_market::tests::test_unmet_needs_spawn_smugglers ... ok
test layer1::economy::hauling::tests::test_evaluate_haul_finds_item_and_stockpile ... ok
test layer1::economy::hauling::tests::test_evaluate_haul_generic_item ... ok
test layer1::economy::hauling::tests::test_evaluate_haul_ignores_full_stockpiles ... ok
test layer1::economy::hauling::tests::test_haul_action_lifecycle ... ok
test layer1::economy::hauling::tests::test_haul_manual_system_lifecycle ... ok
test layer1::economy::hauling::tests::test_haul_permit_to_required_building ... ok
test layer1::economy::hauling::tests::test_resource_item_component ... ok
test layer1::economy::inflation::tests::test_barter_trade_bypasses_credit_value ... ok
test layer1::economy::inflation::tests::test_market_crash_reduces_credit_value ... ok
test layer1::economy::inventory::tests::test_inventory_add ... ok
test layer1::economy::inventory::tests::test_inventory_capacity ... ok
test layer1::economy::items::bolt_tests::test_item_type_is_copy ... ok
test layer1::economy::items::tests::test_equipment_component_exists ... ok
test layer1::economy::items::tests::test_item_type_default ... ok
test layer1::economy::items::tests::test_tool_breakage_removes_item ... ok
test layer1::economy::items::tests::test_tool_item_component ... ok
test layer1::economy::items::tests::test_work_reduces_durability ... ok
test layer1::economy::photophobic::tests::test_pops_mining_in_dark_gain_stress ... ok
test layer1::economy::photophobic::tests::test_shadow_glass_degrades_in_light ... ok
test layer1::economy::photophobic::tests::test_shadow_glass_stable_in_darkness ... ok
test layer1::economy::refining::tests::test_colony_resources_refined_fields ... ok
test layer1::economy::refining::tests::test_office_produces_physical_permit ... ok
test layer1::economy::refining::tests::test_process_refining_consumes_input_on_complete ... ok
test layer1::economy::refining::tests::test_process_refining_lumber_mill ... ok
test layer1::economy::refining::tests::test_process_refining_skills_efficiency ... ok
test layer1::economy::refining::tests::test_process_refining_skills_xp ... ok
test layer1::economy::refining::tests::test_quirk_stops_refining ... ok
test layer1::economy::refining::tests::test_refining_stops_if_no_input ... ok
test layer1::economy::remittances::tests::test_failed_remittance_causes_homesick_depression ... ok
test layer1::economy::remittances::tests::test_high_remittances_trigger_migrant_arrival ... ok
test layer1::economy::remittances::tests::test_pop_sends_remittance_and_maintains_morale ... ok
test layer1::economy::resources::tests::test_add_wood_clamps_to_max ... ok
test layer1::economy::resources::tests::test_add_wood_clamps_to_zero ... ok
test layer1::economy::resources::tests::test_chop_tree_completion ... ok
test layer1::economy::resources::tests::test_chop_tree_increments_progress ... ok
test layer1::economy::resources::tests::test_colony_resources_fields ... ok
test layer1::economy::resources::tests::test_forestry_progress_component ... ok
test layer1::economy::resources::tests::test_mine_rock_completion ... ok
test layer1::economy::resources::tests::test_mine_rock_ignores_non_rock ... ok
test layer1::economy::resources::tests::test_mine_rock_increments_progress ... ok
test layer1::economy::resources::tests::test_mine_rock_no_position ... ok
test layer1::economy::resources::tests::test_mining_progress_component ... ok
test layer1::economy::resources::tests::test_mining_progress_is_complete ... ok
test layer1::economy::resources::tests::test_try_deduct_atomic_check ... ok
test layer1::economy::resources::tests::test_try_deduct_failure ... ok
test layer1::economy::resources::tests::test_try_deduct_success ... ok
test layer1::economy::shadow_market::tests::test_despawn_when_lit ... ok
test layer1::economy::shadow_market::tests::test_spawn_only_in_darkness ... ok
test layer1::economy::shadow_market::tests::test_spawn_shadow_trader_system ... ok
test layer1::economy::smugglers_cove::tests::test_smuggler_cove_decays_over_time ... ok
test layer1::economy::smugglers_cove::tests::test_smuggler_cove_does_not_spawn_in_high_authority ... ok
test layer1::economy::beacon::tests::test_beacon_increases_arrival_rates ... ok
test layer1::economy::stockpile::tests::test_add_resource_clamped_to_max ... ok
test layer1::economy::stockpile::tests::test_add_resource_no_overflow ... ok
test layer1::economy::stockpile::tests::test_building_type_stockpile_exists ... ok
test layer1::economy::stockpile::tests::test_colony_resources_caps_default ... ok
test layer1::economy::stockpile::tests::test_stockpile_component_defaults ... ok
test layer1::economy::stockpile::tests::test_update_resource_caps_system ... ok
test layer1::economy::tests::test_job_wage_configuration ... ok
test layer1::economy::tests::test_pay_wages_system ... ok
test layer1::economy::tests::test_purchase_food_fail_poverty ... ok
test layer1::economy::tests::test_purchase_food_success ... ok
test layer1::economy::tests::test_wallet_default ... ok
test layer1::economy::trade::tests::test_execute_trade_insufficient_funds ... ok
test layer1::economy::trade::tests::test_execute_trade_success ... ok
test layer1::economy::trade::tests::test_exploit_infinite_cost_prevented ... ok
test layer1::economy::trade::tests::test_exploit_negative_cost_prevented ... ok
test layer1::economy::trade::tests::test_merchant_arrival_requires_depot ... ok
test layer1::economy::trade::tests::test_merchant_arrival_with_depot ... ok
test layer1::economy::trade::tests::test_merchant_departs_after_time ... ok
test layer1::economy::trade::tests::test_merchant_state_resource_defaults ... ok
test layer1::economy::trade::tests::test_trade_depot_component_exists ... ok
test layer1::energy::auroral_tests::tests::test_auroral_collector_variant_exists ... ok
test layer1::economy::beacon::tests::test_beacon_spawns_criminals_and_pirates ... ok
test layer1::energy::auroral_tests::tests::test_auroral_output_high_in_magnetic_storm ... ok
test layer1::energy::auroral_tests::tests::test_auroral_output_zero_in_clear_weather ... ok
test layer1::energy::blackout_tests::tests::test_blackout_cuts_power ... ok
test layer1::energy::auroral_tests::tests::test_other_buildings_ignored ... ok
test layer1::energy::blackout_tests::tests::test_blackout_disables_lights ... ok
test layer1::energy::blackout_tests::tests::test_panic_in_darkness ... ok
test layer1::energy::instability_tests::tests::test_battery_storage ... ok
test layer1::energy::instability_tests::tests::test_battery_buffers_shortage ... ok
test layer1::energy::instability_tests::tests::test_brownout_flickering ... ok
test layer1::energy::load_limits::tests::test_batteries_buffer_surges ... ok
test layer1::energy::load_limits::tests::test_cable_overload_creates_heat ... ok
test layer1::energy::load_limits::tests::test_extreme_overload_causes_fire ... ok
test layer1::energy::phantom_grid_tests::test_building_disconnects_when_normal_power_restored ... ok
test layer1::energy::phantom_grid_tests::test_phantom_grid_emits_stress_hum ... ok
test layer1::energy::phantom_grid_tests::test_unpowered_building_taps_phantom_grid ... ok
test layer1::energy::tests::test_grid_connectivity_connected ... ok
test layer1::energy::tests::test_grid_connectivity_isolated ... ok
test layer1::energy::tests::test_overload_shutdown ... ok
test layer1::energy::tests::test_power_components ... ok
test layer1::energy::tests::test_quirk_stops_power_production ... ok
test layer1::entities::blob::tests::test_blob_consumes_waste_to_delay_expansion ... ok
test layer1::entities::blob::tests::test_blob_expands_to_adjacent_empty_tile ... ok
test layer1::entities::blob::tests::test_blob_halts_when_contained_by_walls ... ok
test layer1::entities::drone_tests::tests::test_drone_battery_drains ... ok
test layer1::entities::drone_tests::tests::test_drone_becomes_feral_on_disconnect ... ok
test layer1::entities::drone_tests::tests::test_drone_charges_at_hub ... ok
test layer1::entities::drone_tests::tests::test_drone_component_initialization ... ok
test layer1::entities::drone_tests::tests::test_drone_idle_when_no_task ... ok
test layer1::entities::drone_tests::tests::test_drone_seeks_charge_when_low ... ok
test layer1::entities::drone_tests::tests::test_feral_drone_attacks_nearby_pops ... ok
test layer1::energy::instability_tests::tests::test_overload_damage ... ok
test layer1::entities::drone_tests::tests::test_feral_drone_hoards_resources ... ok
test layer1::entities::fauna_modular_tests::tests::test_fauna_body_generation_from_seed ... ok
test layer1::entities::fauna_modular_tests::tests::test_fauna_stats_aggregation ... ok
test layer1::entities::fauna_modular_tests::tests::test_husbandry_resource_check ... ok
test layer1::entities::fauna_modular_tests::tests::test_legacy_fauna_type_mapping ... ok
test layer1::entities::mascot::tests::test_mascot_buff_application ... ok
test layer1::entities::mascot::tests::test_mascot_death_causes_grief ... ok
test layer1::entities::mascot::tests::test_mascot_spawn_defaults ... ok
test layer1::entities::mascot::tests::test_mascot_seeks_social_zone ... ok
test layer1::entities::pop::security_tests::test_speed_stable_with_reset ... ok
test layer1::entities::pop::tests::test_generated_names_not_empty ... ok
test layer1::entities::pop::tests::test_pop_component_exists ... ok
test layer1::entities::pop::tests::test_pop_component_on_entity ... ok
test layer1::entities::pop::tests::test_pop_name_component ... ok
test layer1::entities::pop::tests::test_spawn_initial_pops_count ... ok
test layer1::entities::pop::tests::test_spawn_initial_pops_have_age ... ok
test layer1::entities::pop::tests::test_spawn_initial_pops_have_dietary_history ... ok
test layer1::entities::pop::tests::test_spawn_initial_pops_have_names ... ok
test layer1::entities::pop::tests::test_spawn_initial_pops_have_positions ... ok
test layer1::entities::pop::tests::test_spawn_initial_pops_have_skills ... ok
test layer1::entities::pop::tests::test_spawn_initial_pops_have_traits ... ok
test layer1::entities::pop::tests::test_spawn_initial_pops_have_wild_exposure ... ok
test layer1::entities::pop::tests::test_spawn_initial_pops_internal_with_custom_rng ... ok
test layer1::entities::pop::tests::test_spawn_initial_pops_retries ... ok
test layer1::entities::pop::tests::test_spawn_internal_multiple_attempts ... ok
test layer1::entities::pop::tests::test_spawn_initial_pops_terminates_on_full_map_repro ... ok
test layer1::entities::pop::tests::test_spawn_on_dirt ... ok
test layer1::entities::pop::tests::test_spawn_on_grass ... ok
test layer1::entities::pop::tests::test_spawn_with_mixed_terrain ... ok
test layer1::entities::pop::tests::test_spawn_only_on_walkable_terrain ... ok
test layer1::entities::pop_doppelganger::tests::test_mimic_detection_via_scan ... ok
test layer1::entities::pop::tests::test_spawn_within_terrain_bounds ... ok
test layer1::entities::pop_doppelganger::tests::test_mimic_replacement ... ok
test layer1::entities::pop_doppelganger::tests::test_mimic_sabotage_during_work ... ok
test layer1::entities::swarm_intelligence::tests::test_swarm_intelligence_edge_cases ... ok
test layer1::entities::swarm_intelligence::tests::test_swarm_intelligence_basic_behavior ... ok
test layer1::entities::the_visitor::tests::test_visitor_detects_food_stockpile ... ok
test layer1::entities::the_visitor::tests::test_visitor_eats_rations_and_fuel ... ok
test layer1::entities::the_visitor::tests::test_visitor_initialization ... ok
test layer1::entities::the_visitor::tests::test_visitor_eats_resources ... ok
test layer1::entities::the_visitor::tests::test_visitor_leave_without_target_position ... ok
test layer1::entities::the_visitor::tests::test_visitor_leaves_tramples_and_despawns ... ok
test layer1::entities::the_visitor::tests::test_visitor_lost_target_wanders ... ok
test layer1::entities::the_visitor::tests::test_visitor_reaches_target_and_transitions_to_eat ... ok
test layer1::entities::the_visitor::tests::test_visitor_wander_with_no_stockpile_transition ... ok
test layer1::entities::the_visitor::tests::test_visitor_tramples_walls ... ok
test layer1::entities::vermin::tests::test_initialization ... ok
test layer1::entities::vermin::tests::test_pest_control_policy_reduces_growth ... ok
test layer1::entities::vermin::tests::test_spoilage_modifier ... ok
test layer1::entities::vermin::tests::test_spoilage_system_integration ... ok
test layer1::entities::vermin::tests::test_vermin_decay_when_clean ... ok
test layer1::entities::vermin::tests::test_vermin_growth_from_food ... ok
test layer1::entities::the_visitor::tests::test_visitor_wander_without_stockpile ... ok
test layer1::entities::vermin::tests::test_vermin_growth_from_waste ... ok
test layer1::entities::vermin_evolution_tests::tests::test_gain_toxic_trait_from_waste ... ok
test layer1::entities::vermin_evolution_tests::tests::test_toxic_vermin_resist_pest_control ... ok
test layer1::entities::vermin_evolution_tests::tests::test_volatile_vermin_ignite_fuel ... ignored, Flaky locally due to simulation updates
test layer1::entities::visitor::tests::test_spawn_visitor_system ... ok
test layer1::entities::visitor::tests::test_visitor_behavior_arriving ... ok
test layer1::entities::visitor::tests::test_visitor_behavior_departing ... ok
test layer1::entities::vermin_evolution_tests::tests::test_gain_volatile_trait_from_fuel ... ok
test layer1::entities::visitor::tests::test_visitor_behavior_loitering ... ok
test layer1::entities::visitor::tests::test_visitor_component_defaults ... ok
test layer1::entities::visitor::tests::test_visitor_departure_lifecycle ... ok
test layer1::entities::visitor::tests::test_visitor_despawn_on_exit ... ok
test layer1::entities::visitor::tests::test_visitor_source_resource ... ok
test layer1::entities::wild_child::tests::test_adults_do_not_gain_exposure ... ok
test layer1::entities::wild_child::tests::test_exposure_increases_in_wild ... ok
test layer1::entities::wild_child::tests::test_exposure_decreases_in_civilization ... ok
test layer1::entities::wild_child::tests::test_wild_exposure_component_init ... ok
test layer1::entities::wild_child::tests::test_feral_trait_acquisition ... ok
test layer1::environment::artificial_sunspots::tests::test_artificial_sunspot_drops_solar_power_to_zero ... ok
test layer1::environment::artificial_sunspots::tests::test_artificial_sunspot_causes_radiation_damage_outdoors ... ok
test layer1::environment::artificial_sunspots::tests::test_track_sunspot_chronicle_system ... ok
test layer1::environment::artificial_sunspots::tests::test_artificial_sunspot_no_damage_indoors ... ok
test layer1::environment::artificial_sunspots::tests::test_update_outdoor_exposure_system ... ok
test layer1::environment::bio_acoustic::tests::test_flora_does_not_emit_out_of_range ... ok
test layer1::environment::bio_acoustic::tests::test_flora_emits_negative_screech_on_low_colony_mood ... ok
test layer1::environment::bio_acoustic_miasma::tests::test_miasma_broadcasts_secret ... ok
test layer1::environment::bio_acoustic_miasma::tests::test_miasma_dissipates ... ok
test layer1::environment::bio_acoustic_miasma::tests::test_miasma_records_interaction ... ok
test layer1::environment::bio_acoustic::tests::test_flora_emits_positive_chorus_on_high_colony_mood ... ok
test layer1::environment::ephemeral_moons::tests::test_bright_moon_boosts_night_solar_power ... ok
test layer1::environment::ephemeral_moons::tests::test_moon_capture_creates_ephemeral_moon_entity ... ok
test layer1::environment::ephemeral_moons::tests::test_moon_ejected_after_duration ... ok
test layer1::environment::geomes::tests::test_breaching_geome_triggers_hazard ... ok
test layer1::environment::geothermal::tests::test_building_explodes_when_decay_reaches_zero ... ok
test layer1::environment::geothermal::tests::test_building_on_vent_receives_boost_and_decay_during_pulse ... ok
test layer1::environment::geothermal::tests::test_geothermal_vent_pulse_cycle ... ok
test layer1::environment::hazards_tests::tests::test_amputation_event_generation ... ok
test layer1::environment::hazards_tests::tests::test_risk_scaling_decay ... ok
test layer1::environment::hazards_tests::tests::test_risk_scaling_skill ... ok
test layer1::environment::geothermal::tests::test_inactive_building_on_vent_ignores_pulse ... ok
test layer1::environment::hazards_tests::tests::test_severity_distribution ... ok
test layer1::environment::ignition::tests::test_spark_causes_chain_reaction_in_contiguous_vapor ... ok
test layer1::environment::ignition::tests::test_multiple_sparks_do_not_panic ... ok
test layer1::environment::ignition::tests::test_spark_ignites_vapor_and_creates_explosion ... ok
test layer1::environment::impact::tests::test_impact_strike_destroys_structures_and_alters_terrain ... ok
test layer1::environment::impact::tests::test_impact_countdown_triggers_strike ... ok
test layer1::environment::light_pollution::tests::test_indoor_lights_do_not_pollute ... ok
test layer1::environment::light_pollution::tests::test_light_pollution_calculation ... ok
test layer1::environment::orbital_crossfire::tests::test_impact_creates_crater ... ok
test layer1::environment::orbital_crossfire::tests::test_impact_destroys_building ... ok
test layer1::economy::smugglers_cove::tests::test_smuggler_cove_spawns_in_low_authority ... ok
test layer1::environment::light_pollution::tests::test_nocturnal_fauna_aggression ... ok
test layer1::environment::orbital_crossfire::tests::test_impact_generates_heat ... ok
test layer1::environment::orbital_crossfire::tests::test_impact_spawns_harvestable_scrap ... ok
test layer1::environment::orbital_crossfire::tests::test_mine_scrap ... ok
test layer1::environment::photophobic::tests::test_decay_in_inventory ... ok
test layer1::environment::orbital_tether::tests::test_tether_destruction_triggers_snap_event ... ok
test layer1::environment::orbital_tether::tests::test_tether_whip_destroys_structures_in_line ... ok
test layer1::environment::photophobic::tests::test_decay_in_light ... ok
test layer1::environment::photophobic::tests::test_destruction_at_zero_hp ... ok
test layer1::environment::photophobic::tests::test_no_decay_in_darkness ... ok
test layer1::environment::photophobic::tests::test_destruction_removes_from_inventory ... ok
test layer1::environment::photophobic::tests::test_photophobic_component_initialization ... ok
test layer1::environment::photophobic::tests::test_hauling_preserves_photophobic ... ok
test layer1::environment::seismic::tests::test_seismic_source_propagation_rock_vs_dirt ... ok
test layer1::environment::seismic::tests::test_seismic_flora_agitation ... ok
test layer1::environment::seismic::tests::test_vibration_grid_initialization ... ok
test layer1::environment::terraforming::tests::test_global_toxicity_affects_local_diffusion ... ok
test layer1::environment::terraforming::tests::test_global_toxicity_damages_pops ... ok
test layer1::environment::terraforming::tests::test_planetary_atmosphere_initialization ... ok
test layer1::environment::terraforming::tests::test_low_toxicity_accelerates_decay ... ok
test layer1::environment::terraforming::tests::test_processor_requires_power ... ok
test layer1::environment::volatile::tests::test_decay_paused_does_not_reduce ... ok
test layer1::environment::terraforming::tests::test_processor_reduces_toxicity ... ok
test layer1::environment::volatile::tests::test_decay_system_reduces_stability ... ok
test layer1::environment::volatile::tests::test_explosion_damages_structures ... ok
test layer1::environment::volatile::tests::test_explosion_does_not_damage_outside_radius ... ok
test layer1::environment::volatile::tests::test_volatile_component_initialization ... ok
test layer1::environment::volatile::tests::test_explosion_trigger_at_zero_stability ... ok
test layer1::equipment_tests::tests::test_clothing_breaks ... ok
test layer1::equipment_tests::tests::test_clothing_component ... ok
test layer1::equipment_tests::tests::test_clothing_degrades_on_wearer ... ok
test layer1::equipment_tests::tests::test_equipment_has_body_slot ... ok
test layer1::equipment_tests::tests::test_freezing_pop_upgrades_clothing ... ok
test layer1::equipment_tests::tests::test_naked_pop_wants_clothing ... ok
test layer1::equipment_tests::tests::test_handle_fetch_clothing_upgrades_to_parka ... ok
test layer1::equipment_tests::tests::test_thermal_damage_checks_equipment ... ok
test layer1::eureka::tests::test_check_for_eureka_emits_event ... ok
test layer1::eureka::tests::test_trait_bonus ... ok
test layer1::eureka::tests::test_handle_eureka_events_unlocks_tech ... ok
test layer1::execution::arrival::tests::test_handle_admin_arrival ... ok
test layer1::execution::arrival::tests::test_handle_consume_chemical_arrival ... ok
test layer1::execution::arrival::tests::test_handle_rest_arrival ... ok
test layer1::execution::arrival::tests::test_handle_scrawl_memetic_sigil_arrival ... ok
test layer1::execution::tests::arrival_tests::test_arrival_assigns_to_hospital ... ok
test layer1::execution::tests::arrival_tests::test_arrival_assigns_to_farm ... ok
test layer1::execution::tests::arrival_tests::test_arrival_assigns_to_housing ... ok
test layer1::execution::tests::arrival_tests::test_arrival_assigns_to_library ... ok
test layer1::execution::tests::arrival_tests::test_arrival_farm_at_capacity ... ok
test layer1::execution::tests::combat_tests::test_combat_execution_blocked_by_hit_stop ... ok
test layer1::execution::tests::combat_tests::test_combat_cleanup_on_target_despawn ... ok
test layer1::execution::tests::combat_tests::test_combat_execution_system_chases_out_of_range ... ok
test layer1::execution::tests::combat_tests::test_combat_execution_system_attacks_in_range ... ok
test layer1::execution::tests::combat_tests::test_combat_removes_at_target_when_out_of_range ... ok
test layer1::execution::tests::combat_tests::test_combat_unarmed_defaults ... ok
test layer1::execution::tests::combat_tests::test_combat_updates_target_position ... ok
test layer1::execution::tests::movement_tests::test_cleanup_handles_despawned_building ... ok
test layer1::execution::tests::movement_tests::test_cleanup_removes_from_farm ... ok
test layer1::execution::tests::movement_tests::test_cleanup_removes_from_housing ... ok
test layer1::execution::tests::movement_tests::test_coyote_speed_movement ... ok
test layer1::execution::tests::movement_tests::test_movement_blocked_by_rock ... ok
test layer1::execution::tests::movement_tests::test_movement_blocked_by_water ... ok
test layer1::execution::tests::movement_tests::test_movement_system_blocked_by_hit_stop ... ok
test layer1::execution::tests::movement_tests::test_movement_system_fast_walker ... ok
test layer1::execution::tests::movement_tests::test_movement_system_marks_arrival ... ok
test layer1::execution::tests::movement_tests::test_movement_system_marks_arrival_on_last_step ... ok
test layer1::execution::tests::movement_tests::test_movement_system_moves_toward_target ... ok
test layer1::execution::tests::movement_tests::test_movement_system_stuck_in_greedy_corner ... ok
test layer1::execution::tests::movement_tests::test_movement_with_speed_penalty ... ok
test layer1::execution::tests::movement_tests::test_process_start_plan_creates_movement_target ... ok
test layer1::execution::tests::movement_tests::test_process_start_plan_handles_despawned_target ... ok
test layer1::execution::tests::movement_tests::test_process_start_plan_removes_itself ... ok
test layer1::execution::tests::work_tests::test_calculate_work_amount_cap ... ok
test layer1::execution::tests::work_tests::test_work_execution_calls_chop_tree ... ok
test layer1::execution::tests::work_tests::test_work_execution_augmentation_bonus ... ok
test layer1::execution::tests::work_tests::test_work_execution_cleans_up_stale_target ... ok
test layer1::execution::tests::work_tests::test_work_execution_calls_mine_rock ... ok
test layer1::execution::tests::work_tests::test_work_execution_efficiency_high_morale ... ok
test layer1::execution::tests::work_tests::test_work_execution_completes_mining ... ok
test layer1::execution::tests::work_tests::test_work_execution_efficiency_low_morale ... ok
test layer1::execution::tests::work_tests::test_work_execution_gains_xp ... ok
test layer1::environment::seismic::tests::test_seismic_triggers_instability ... ok
test layer1::execution::tests::work_tests::test_work_execution_resets_pop_on_completion ... ok
test layer1::execution_demolish_test::tests::test_demolish_execution_removes_building_and_designation ... ok
test layer1::execution::tests::work_tests::test_work_execution_skills_mining_efficiency ... ok
test layer1::exodus::tests::test_ark_ship_construction_progress ... ok
test layer1::exodus::tests::test_cannibalize_building ... ok
test layer1::fauna::shadow::tests::test_shadow_feed_reduces_power_efficiency ... ok
test layer1::fauna::tests::test_fauna_attacks_adjacent_target ... ok
test layer1::fauna::tests::test_fauna_detects_target_in_range ... ok
test layer1::fauna::shadow::tests::test_visibility_toggle ... ok
test layer1::fauna::tests::test_fauna_ignores_target_out_of_range ... ok
test layer1::fauna::tests::test_fauna_loses_target ... ok
test layer1::fauna::tests::test_fauna_spawn_defaults ... ok
test layer1::fauna::tests::test_fauna_sets_movement_target ... ok
test layer1::flora::ecological_succession_tests::test_cleared_climax_biome_spawns_pioneer_species ... ok
test layer1::flora::ecological_succession_tests::test_flora_progresses_through_stages ... ok
test layer1::flora::migratory_flora_tests::test_migratory_flora_moves_away_from_pollution ... ok
test layer1::flora::migratory_flora_tests::test_migratory_flora_moves_towards_water ... ok
test layer1::flora::migratory_flora_tests::test_walls_block_migration ... ok
test layer1::flora::tests::test_bioluminescent_flora_dormant_during_day ... ok
test layer1::flora::tests::test_bioluminescent_flora_no_op_during_day_if_no_light ... ok
test layer1::flora::tests::test_bioluminescent_flora_emits_light_at_night ... ok
test layer1::flora::tests::test_flora_component_defaults ... ok
test layer1::flora::tests::test_bioluminescent_flora_retains_light_at_night ... ok
test layer1::flora::tests::test_flora_damages_building_on_same_tile ... ok
test layer1::flora::tests::test_flora_does_not_spread_on_occupied_tile ... ok
test layer1::flora::tests::test_process_flora_clearing ... ok
test layer1::fuel_consumption_tests::tests::test_fuel_consumption_failure_no_fuel ... ok
test layer1::flora::tests::test_flora_spreads_to_adjacent_tile ... ok
test layer1::fuel_consumption_tests::tests::test_fuel_consumption_inactive_remains_inactive_no_fuel ... ok
test layer1::fuel_consumption_tests::tests::test_fuel_consumption_reactivation ... ok
test layer1::fuel_consumption_tests::tests::test_power_source_default_active ... ok
test layer1::fuel_consumption_tests::tests::test_fuel_consumption_success ... ok
test layer1::fuel_industry_tests::tests::test_add_fuel_clamps_to_max ... ok
test layer1::fuel_industry_tests::tests::test_building_type_refinery ... ok
test layer1::fuel_industry_tests::tests::test_refining_stops_if_insufficient_ore ... ok
test layer1::fuel_industry_tests::tests::test_refining_ore_to_fuel ... ok
test layer1::fuel_industry_tests::tests::test_resources_fuel_fields ... ok
test layer1::geodetic_tests::tests::test_living_stone_heat_attraction ... ok
test layer1::geodetic_tests::tests::test_golem_formation ... ok
test layer1::geodetic_tests::tests::test_living_stone_migration ... ok
test layer1::geodetic_tests::tests::test_living_stone_in_inventory_merge ... ok
test layer1::geography::tests::test_tile_earns_name_from_event ... ok
test layer1::geography::tests::test_name_persists_and_updates_gracefully ... ok
test layer1::geology::tectonic::tests::test_mega_quake_trigger ... ok
test layer1::geology::tectonic::tests::test_mining_increases_stress ... ok
test layer1::geology::tectonic::tests::test_stress_dissipation ... ok
test layer1::geology::tests::test_earthquake_damage ... ok
test layer1::geology::tests::test_earthquake_event_trigger ... ok
test layer1::geology::tests::test_seismic_grid_initialization ... ok
test layer1::geology::tests::test_mining_increases_stress ... ok
test layer1::geology::tests::test_stress_decay ... ok
test layer1::graffiti::tests::test_graffiti_decay ... ok
test layer1::graffiti::tests::test_graffiti_map_starts_empty ... ok
test layer1::graffiti::tests::test_graffiti_observation_affects_mood ... ok
test layer1::fauna::shadow::tests::test_high_energy_spawns_static_mites ... ok
test layer1::heirloom_items_tests::tests::test_heirloom_bonus_application ... ok
test layer1::heirloom_items_tests::tests::test_heirloom_transition ... ok
test layer1::heirloom_items_tests::tests::test_tool_history_component_defaults ... ok
test layer1::heirloom_items_tests::tests::test_work_increments_history ... ok
test layer1::heirloom_tests::tests::test_ancient_reactor_properties ... ok
test layer1::heirloom_tests::tests::test_ancient_structure_component_exists ... ok
test layer1::graffiti::tests::test_low_mood_pop_places_vandalism ... ok
test layer1::heirloom_tests::tests::test_repair_prevention_on_ancient_structure ... ok
test layer1::heirloom_tests::tests::test_ancient_structure_decay ... ok
test layer1::hobby::tests::test_evaluate_hobby_high_when_stressed ... ok
test layer1::hobby::tests::test_hobby_execution_reduces_stress ... ok
test layer1::hobby::tests::test_pop_assigned_hobby_based_on_trait ... ok
test layer1::hologram_tests::tests::test_disillusionment_shock ... ok
test layer1::hologram_tests::tests::test_hologram_adds_beauty_when_powered ... ok
test layer1::hologram_tests::tests::test_hologram_removes_beauty_when_unpowered ... ok
test layer1::hum::tests::test_evaluate_listen_to_hum_normal_pop_ignores_it ... ok
test layer1::hum::tests::test_evaluate_listen_to_hum_sensitive_pop ... ok
test layer1::hum::tests::test_execute_listen_to_hum_system ... ok
test layer1::hum::tests::test_hum_map_get_and_set_out_of_bounds ... ok
test layer1::hobby::tests::test_hobby_produces_curio ... ok
test layer1::hum::tests::test_hum_map_new_overflow - should panic ... ok
test layer1::hum::tests::test_hum_map_new_too_large - should panic ... ok
test layer1::hum::tests::test_sensitive_trait_exists ... ok
test layer1::hum::tests::test_hum_map_propagation ... ok
test layer1::hygiene::tests::test_filth_accumulation_dirty_job ... ok
test layer1::hygiene::tests::test_filth_accumulation_idle ... ok
test layer1::hygiene::tests::test_shower_usage ... ok
test layer1::improvised_tools_tests::tests::test_consumption_logic ... ok
test layer1::hygiene::tests::test_hygiene_decay_from_filth ... ok
test layer1::improvised_tools_tests::tests::test_efficiency_bare_hands ... ok
test layer1::improvised_tools_tests::tests::test_efficiency_improvised_scrap ... ok
test layer1::improvised_tools_tests::tests::test_efficiency_improvised_stone ... ok
test layer1::improvised_tools_tests::tests::test_efficiency_improvised_wood ... ok
test layer1::improvised_tools_tests::tests::test_efficiency_with_tools ... ok
test layer1::infrastructure::transit::tests::test_pop_morale_penalty_if_cannot_pay ... ok
test layer1::infrastructure::transit::tests::test_pop_pays_toll_on_transit ... ok
test layer1::institutional_memory_tests::tests::test_manual_aura_boosts_xp ... ok
test layer1::infrastructure::transit::tests::test_transit_toll_integration ... ok
test layer1::institutional_memory_tests::tests::test_manual_aura_distance_limit ... ok
test layer1::institutional_memory_tests::tests::test_manual_aura_strict_match ... ok
test layer1::institutional_memory_tests::tests::test_manual_degradation ... ok
test layer1::institutional_memory_tests::tests::test_produce_manual_high_skill ... ok
test layer1::institutional_memory_tests::tests::test_produce_manual_with_designation ... ok
test layer1::language::tests::test_coordination_penalty_calculation ... ok
test layer1::language::tests::test_group_coordination_penalty ... ok
test layer1::language::tests::test_pop_has_dialect_component ... ok
test layer1::language::tests::test_pop_has_linguistics_component ... ok
test layer1::law::aesthetic_edict::tests::test_aesthetic_edict_halts_factory_production ... ok
test layer1::law::aesthetic_edict::tests::test_high_pollution_triggers_aesthetic_edict ... ok
test layer1::law::aesthetic_edict::tests::test_tearing_down_habitats_restores_industry ... ok
test layer1::law::contraband::tests::test_banning_resource ... ok
test layer1::law::contraband::tests::test_possession_crime_trigger ... ok
test layer1::law::embassy::tests::test_diplomat_commits_crime_ignored_by_sheriff ... ok
test layer1::law::embassy::tests::test_player_forced_arrest_triggers_diplomatic_incident ... ok
test layer1::law::justice::tests::test_arrest_execution_converts_to_inmate ... ok
test layer1::law::justice::tests::test_inmate_sentence_decay ... ok
test layer1::law::justice::tests::test_vandalism_triggers_wanted_status ... ok
test layer1::law::justice::tests::test_warden_evaluates_arrest ... ok
test layer1::law::justice::tests::test_warden_execution_system_integration ... ok
test layer1::institutional_memory_tests::tests::test_produce_manual_low_skill_fails ... ok
test layer1::law::justice_tests::tests::test_crime_in_sanctuary_ignored ... ok
test layer1::law::justice_tests::tests::test_crime_outside_sanctuary_punished ... ok
test layer1::law::justice_tests::tests::test_crime_generates_wanted_token ... ok
test layer1::law::justice_tests::tests::test_pardon_removes_wanted_but_adds_corruption ... ok
test layer1::law::justice_tests::tests::test_warden_ignores_sanctuary_fugitive ... ok
test layer1::law::justice_tests::tests::test_warden_pursues_outside_fugitive ... ok
test layer1::law::orphaned_edict::tests::test_orphaned_edict_enforcement ... ok
test layer1::law::justice_tests::tests::test_sheriff_arrests_wanted_pop ... ok
test layer1::law::penal::tests::test_inmate_evaluates_work_in_penal_zone ... ok
test layer1::law::penal::tests::test_jailbreak_trigger ... ok
test layer1::law::penal::tests::test_inmate_outside_penal_zone_is_idle ... ok
test layer1::law::penal::tests::test_penal_labor_component_defaults ... ok
test layer1::law::penal::tests::test_working_accumulates_revolt_risk ... ok
test layer1::law::predictive_policing::tests::test_low_stress_pop_is_safe ... ok
test layer1::law::predictive_policing::tests::test_high_stress_volatile_pop_becomes_suspect ... ok
test layer1::law::predictive_policing::tests::test_warden_targets_suspect ... ok
test layer1::law::predictive_policing::tests::test_pre_crime_arrest_converts_to_inmate ... ok
test layer1::lifecycle::tests::test_aging_system_without_speed ... ok
test layer1::lifecycle::tests::test_aging_system_increments_age ... ok
test layer1::lifecycle::tests::test_lifestage_transitions ... ok
test layer1::lifecycle::tests::test_elder_speed_penalty ... ok
test layer1::lifecycle::tests::test_pop_has_age_component ... ok
test layer1::lighting::tests::test_ambient_light_resource ... ok
test layer1::lighting::tests::test_darkness_affects_speed ... ok
test layer1::lighting::tests::test_light_affects_morale ... ok
test layer1::lighting::tests::test_light_map_initialization ... ok
test layer1::lighting::tests::test_light_restores_speed ... ok
test layer1::lighting::tests::test_light_source_component ... ok
test layer1::lighting::tests::test_update_lighting_system_ambient ... ok
test layer1::lighting::tests::test_update_lighting_system_source ... ok
test layer1::local_tributes::tests::test_appeasing_leviathan_grants_buff_and_resets_anger ... ok
test layer1::local_tributes::tests::test_leviathan_demands_tribute_on_timer ... ok
test layer1::local_tributes::tests::test_refusing_leviathan_increases_anger_and_triggers_disaster ... ok
test layer1::locations::tests::test_add_and_get_location_name ... ok
test layer1::locations::tests::test_get_location_name_at_viewport_center ... ok
test layer1::locations::tests::test_get_nonexistent_location ... ok
test layer1::locations::tests::test_initial_naming_logs_chronicle_event ... ok
test layer1::graffiti::tests::test_high_mood_pop_places_inspiration ... ok
test layer1::locations::tests::test_named_locations_resource_default ... ok
test layer1::locations::tests::test_overwrite_location_name ... ok
test layer1::logistics::beanstalk::tests::test_beanstalk_cable_lock_on_low_morale ... ok
test layer1::logistics::beanstalk::tests::test_beanstalk_collapse_damage_pattern ... ok
test layer1::locations::tests::test_initial_naming_system_creates_landing_site ... ok
test layer1::logistics::beanstalk::tests::test_beanstalk_sever_on_critical_morale ... ok
test layer1::logistics::biomass_network::tests::test_biomass_network_consumes_upkeep ... ok
test layer1::logistics::biomass_network::tests::test_fed_network_safely_transports ... ok
test layer1::logistics::biomass_network::tests::test_starving_network_digests_contents ... ok
test layer1::logistics::commute::tests::test_commute_stalls_without_fuel ... ok
test layer1::logistics::conveyor::tests::test_conveyor_blocked_by_obstacle ... ok
test layer1::logistics::commute::tests::test_orbital_commute_consumes_fuel_and_updates_location ... ok
test layer1::logistics::conveyor::tests::test_conveyor_feeds_hopper ... ok
test layer1::logistics::conveyor::tests::test_conveyor_moves_item ... ok
test layer1::logistics::conveyor::tests::test_conveyor_needs_power ... ok
test layer1::logistics::conveyor::tests::test_hopper_consumes_item ... ok
test layer1::logistics::conveyor::tests::test_hopper_respects_cap ... ok
test layer1::logistics::glider::tests::test_glider_grounded_in_cold ... ok
test layer1::logistics::glider::tests::test_glider_speed_boost_in_heat ... ok
test layer1::logistics::glider::tests::test_glider_weak_lift ... ok
test layer1::logistics::mass_driver::tests::test_package_arrival_catcher_failure_causes_bombardment ... ok
test layer1::logistics::mass_driver::tests::test_mass_driver_launches_package ... ok
test layer1::logistics::mass_driver::tests::test_package_arrival_catcher_success ... ok
test layer1::logistics::orbital_drop::tests::test_drop_damages_terrain ... ok
test layer1::logistics::orbital_drop::tests::test_orbital_drop_spawns_scattered_items ... ok
test layer1::logistics::orbital_drop::tests::test_dropped_items_have_entropy ... ok
test layer1::logistics::pneumatic::tests::test_tube_network_connection ... ok
test layer1::logistics::pneumatic::tests::test_tube_clogging ... ok
test layer1::material_provenance_tests::tests::test_material_beauty_modifier ... ok
test layer1::material_provenance_tests::tests::test_spawn_stone_wall ... ok
test layer1::material_provenance_tests::tests::test_spawn_wood_wall ... ok
test layer1::logistics::pneumatic::tests::test_tube_sends_item ... ok
test layer1::memetics::memetic_hazards::tests::test_memetic_carrier_exhibits_obsessive_behavior ... ok
test layer1::memetics::memetic_hazards::tests::test_memetic_virus_spreads_via_conversation ... ok
test layer1::memetics::parasitic_broadcast_tests::tests::test_infected_pops_increase_detection_risk ... ok
test layer1::memetics::memetic_hazards::tests::test_researching_alien_artifact_grants_memetic_virus ... ok
test layer1::memetics::parasitic_broadcast_tests::tests::test_parasitic_broadcast_process_already_has_modifier ... ok
test layer1::memetics::parasitic_broadcast_tests::tests::test_parasitic_broadcast_increases_morale_and_reduces_work ... ok
test layer1::memetics::parasitic_broadcast_tests::tests::test_parasitic_broadcast_process_no_infection ... ok
test layer1::memetics::parasitic_broadcast_tests::tests::test_parasitic_broadcast_risk_empty ... ok
test layer1::memetics::tests::test_observing_sigil_spreads_infection ... ok
test layer1::memetics::tests::test_infected_pop_scrawls_sigil ... ok
test layer1::memory_core::tests::test_harvesting_memory_core_from_dead_pop_with_high_skills ... ok
test layer1::memory_core::tests::test_implanting_memory_core_grants_skills_but_causes_stress_and_personality_overwrite ... ok
test layer1::metal_industry_tests::tests::test_building_type_smelter ... ok
test layer1::metal_industry_tests::tests::test_mine_rock_yields_ore_probabilistically ... ok
test layer1::metal_industry_tests::tests::test_resources_metal_fields ... ok
test layer1::metal_industry_tests::tests::test_smelter_refines_ore_to_metal ... ok
test layer1::mind::fugue::tests::test_fugue_spreads_via_social_interaction ... ok
test layer1::mind::fugue::tests::test_fugue_state_overrides_current_job ... ok
test layer1::mind::fugue::tests::test_high_stress_triggers_fugue_state ... ok
test layer1::memetics::tests::test_unlocking_hazardous_tech_infects_researcher ... ok
test layer1::mind::utility_ai::synth_tests::test_synth_pop_ignores_fire_emergency ... ok
test layer1::mind::utility_ai::tests::test_evaluate_actions_respects_threshold ... ok
test layer1::mind::utility_ai::tests::test_evaluate_actions_switches_when_threshold_exceeded ... ok
test layer1::mind::utility_ai::tests::test_update_action_timer ... ok
test layer1::mind::utility_ai::tests::test_penal_labor_prioritizes_work ... ok
test layer1::mind::utility_ai_hierarchy_tests::tests::test_drafted_pop_ignores_critical_hunger ... ok
test layer1::mind::utility_ai_hierarchy_tests::tests::test_evaluate_actions_chooses_shower_when_dirty_and_has_water ... ok
test layer1::mind::utility_ai_hierarchy_tests::tests::test_evaluate_actions_ignores_shower_when_no_water ... ok
test layer1::mind::utility_ai_hierarchy_tests::tests::test_mental_break_overrides_drafted ... ok
test layer1::mind::utility_ai_hierarchy_tests::tests::test_penal_labor_allows_eating ... ok
test layer1::mind::utility_ai_hierarchy_tests::tests::test_penal_labor_ignores_socializing ... ok
test layer1::mind::utility_ai_hierarchy_tests::tests::test_striking_pop_eats ... ok
test layer1::mind::utility_ai_population::tests::test_populate_farms_filters_full_capacity ... ok
test layer1::mind::utility_ai_population::tests::test_populate_farms_filters_inactive_schedule ... ok
test layer1::mind::utility_ai_population::tests::test_populate_farms_filters_unpowered ... ok
test layer1::mind::utility_ai_hierarchy_tests::tests::test_striking_pop_ignores_work_designations ... ok
test layer1::mind::utility_ai_population::tests::test_populate_generic_items_filtering ... ok
test layer1::mind::utility_ai_population::tests::test_populate_housing_filters_full ... ok
test layer1::mind::utility_ai_population::tests::test_populate_refining_filters_inactive_schedule ... ok
test layer1::mind::utility_ai_population::tests::test_populate_refining_filters_unaffordable ... ok
test layer1::mind::utility_ai_population::tests::test_populate_refining_filters_unpowered ... ok
test layer1::mind::utility_ai_work_tests::tests::test_action_type_work_variant ... ok
test layer1::mind::utility_ai_work_tests::tests::test_evaluate_work_base_utility ... ok
test layer1::mind::utility_ai_work_tests::tests::test_evaluate_work_distance_scaling ... ok
test layer1::mind::utility_ai_work_tests::tests::test_evaluate_work_no_designations ... ok
test layer1::mind::utility_ai_work_tests::tests::test_evaluate_work_finds_designation ... ok
test layer1::mind::utility_eval_types::tests::test_candidate_evaluator_consider_higher_utility ... ok
test layer1::mind::utility_eval_types::tests::test_candidate_evaluator_evaluate_and_consider_no_evaluation ... ok
test layer1::mind::utility_eval_types::tests::test_candidate_evaluator_evaluate_and_consider_with_evaluation ... ok
test layer1::mind::utility_eval_types::tests::test_candidate_evaluator_ignore_lower_utility ... ok
test layer1::mind::utility_eval_types::tests::test_candidate_evaluator_initialization ... ok
test layer1::mind::utility_eval_types::tests::test_evaluate_candidates_empty_list ... ok
test layer1::mind::utility_eval_types::tests::test_evaluate_candidates_single_candidate ... ok
test layer1::mind::utility_eval_types::tests::test_evaluate_candidates_table_driven ... ok
test layer1::mind::utility_ai_work_tests::tests::test_evaluate_work_prioritizes_closest ... ok
test layer1::mind::utility_types::tests::test_action_type_completeness ... ok
test layer1::mind::utility_types::tests::test_action_type_count_matches ... ok
test layer1::mind::utility_types::tests::test_calculate_context_score_availability ... ok
test layer1::mind::utility_types::tests::test_action_type_variants ... ok
test layer1::mind::utility_types::tests::test_calculate_context_score_distance ... ok
test layer1::mind::utility_types::tests::test_calculate_context_score_extreme_weights ... ok
test layer1::mind::utility_types::tests::test_calculate_context_score_over_capacity_nan ... ok
test layer1::mind::utility_types::tests::test_calculate_context_score_full_capacity ... ok
test layer1::mind::utility_types::tests::test_calculate_context_score_zero_capacity ... ok
test layer1::mind::utility_types::tests::test_manhattan_distance ... ok
test layer1::mind::utility_types::tests::test_manhattan_distance_extreme ... ok
test layer1::mind::utility_types::tests::test_need_response_curve ... ok
test layer1::mind::utility_types::tests::test_need_response_curve_boundaries ... ok
test layer1::mind::utility_types::tests::test_manhattan_distance_overflow ... ok
test layer1::mind::utility_types::tests::test_pop_action_default ... ok
test layer1::mind::utility_types::tests::test_utility_config_default ... ok
test layer1::mind::utility_types::tests::test_utility_weights_default ... ok
test layer1::mining_tests::tests::test_mine_rock_spawns_anomaly_probabilistically ... ok
test layer1::mining_tests::tests::test_spawned_anomaly_has_valid_type ... ok
test layer1::mother_lode_tests::tests::test_hazard_impacts_risk_calculation ... ok
test layer1::mother_lode_tests::tests::test_heat_emission_into_grid ... ok
test layer1::mother_lode_tests::tests::test_mother_lode_initialization ... ok
test layer1::mother_lode_tests::tests::test_mining_increases_hazard_and_heat ... ok
test layer1::nanite_fabrication::tests::test_nanoforge_containment_breach_event ... ok
test layer1::nanite_fabrication::tests::test_grey_goo_replication ... ok
test layer1::nature::atmosphere::tests::test_atmosphere_grid_initialization ... ok
test layer1::nanite_fabrication::tests::test_nanoforge_instant_production ... ok
test layer1::nature::atmosphere::tests::test_pollution_blocked_by_wall ... ok
test layer1::nature::atmosphere::tests::test_pollution_diffusion ... ok
test layer1::nature::atmosphere::tests::test_pollution_health_impact ... ok
test layer1::nature::atmosphere::tests::test_pollution_emission ... ok
test layer1::nature::atmosphere_corrosion_tests::tests::test_building_material_applies_resistance ... ok
test layer1::nature::atmosphere_corrosion_tests::tests::test_corrosion_resistance_mitigates_damage ... ok
test layer1::nature::atmosphere_corrosion_tests::tests::test_corrosive_atmosphere_resource_exists ... ok
test layer1::nature::atmosphere_corrosion_tests::tests::test_no_damage_when_intensity_zero ... ok
test layer1::nature::atmosphere_corrosion_tests::tests::test_structure_safe_under_roof ... ok
test layer1::nature::atmosphere_corrosion_tests::tests::test_structure_takes_damage_when_exposed ... ok
test layer1::nature::atmosphere_tides_tests::tests::test_movement_cost_integration ... ok
test layer1::nature::atmosphere_tides_tests::tests::test_movement_system_with_tides ... ok
test layer1::nature::atmosphere_tides_tests::tests::test_tide_oscillation ... ok
test layer1::nature::atmosphere_tides_tests::tests::test_wind_sync ... ok
test layer1::nature::biosphere_empathy::biosphere_empathy_tests::test_empathic_pops_sync_stress ... ok
test layer1::nature::biosphere_empathy::biosphere_empathy_tests::test_flora_damage_spikes_stress ... ok
test layer1::nature::ecology_keystone_tests::tests::test_biome_degradation ... ok
test layer1::nature::ecology_keystone_tests::tests::test_dependent_dies_if_anchor_despawned ... ok
test layer1::nature::atmosphere::tests::test_pollution_passes_through_vent ... ok
test layer1::nature::ecology_keystone_tests::tests::test_keystone_removal_triggers_collapse ... ok
test layer1::nature::ecology_tests::tests::test_dirt_to_grass_pioneer ... ok
test layer1::nature::ecology_tests::tests::test_grass_to_sapling_seeding ... ok
test layer1::nature::ecology_tests::tests::test_rock_does_not_grow ... ok
test layer1::nature::ecology_tests::tests::test_terrain_type_sapling ... ok
test layer1::nature::ecology_tests::tests::test_terrain_type_shrub ... ok
test layer1::nature::ecology_tests::tests::test_sapling_growth_to_tree ... ok
test layer1::nature::erosion::tests::test_dirt_erodes_to_path ... ok
test layer1::nature::erosion::tests::test_erosion_accumulation ... ok
test layer1::nature::erosion::tests::test_grass_erodes_to_dirt ... ok
test layer1::nature::erosion::tests::test_path_speed_bonus ... ok
test layer1::nature::fertility::tests::test_fallow_land_regenerates ... ok
test layer1::nature::fertility::tests::test_farming_depletes_fertility ... ok
test layer1::nature::fertility::tests::test_fertility_clamping ... ok
test layer1::nature::erosion::tests::test_path_decay_unused ... ok
test layer1::nature::fertility::tests::test_fertility_grid_initialization ... ok
test layer1::nature::fertility::tests::test_fertility_values_by_terrain ... ok
test layer1::nature::fire::tests::test_fire_burns_out_and_destroys_tree ... ok
test layer1::nature::fire::tests::test_fire_component_defaults ... ok
test layer1::nature::fertility::tests::test_production_scales_with_fertility ... ok
test layer1::nature::fire::tests::test_fire_extinguished_in_vacuum ... ok
test layer1::nature::fire::tests::test_fire_does_not_spread_to_rock ... ok
test layer1::nature::fire::tests::test_fire_spreads_to_flammable_building ... ok
test layer1::nature::fire::tests::test_fire_survives_in_pressure ... ok
test layer1::nature::fire::tests::test_flammable_component_defaults ... ok
test layer1::nature::megafauna_terrain::tests::test_awakened_titan_changes_terrain_type ... ok
test layer1::nature::megafauna_terrain::tests::test_mining_dormant_titan_triggers_awakening ... ok
test layer1::nature::megafauna_terrain::tests::test_titan_awakening_destroys_structures_on_top ... ok
test layer1::lifecycle::tests::test_natural_death_chance ... ok
test layer1::nature::mutagenic_rain::tests::test_indoor_pop_not_mutated ... ok
test layer1::nature::mutagenic_rain::tests::test_mutated_tag_prevents_multiple_mutations ... ok
test layer1::nature::radioactive::tests::test_food_does_not_emit_heat ... ok
test layer1::nature::fire::tests::test_fire_spreads_to_tree ... ok
test layer1::nature::radioactive::tests::test_get_overflow_protection ... ok
test layer1::nature::radioactive::tests::test_radiation_grid_accumulates ... ok
test layer1::nature::radioactive::tests::test_ore_emits_heat ... ok
test layer1::nature::radioactive::tests::test_radiation_sickness_application ... ok
test layer1::nature::radioactive::tests::test_sickness_damages_health ... ok
test layer1::nature::radioactive::tests::test_waste_emits_heat ... ok
test layer1::nature::seasons::tests::test_advance_season_system_initial ... ok
test layer1::nature::seasons::tests::test_advance_season_system_no_spam ... ok
test layer1::nature::seasons::tests::test_advance_season_system_transition ... ok
test layer1::nature::seasons::tests::test_base_temperature ... ok
test layer1::nature::seasons::tests::test_get_food_modifier ... ok
test layer1::nature::seasons::tests::test_season_enum_cycling ... ok
test layer1::nature::seasons::tests::test_season_state_default ... ok
test layer1::nature::silent_world_tests::tests::test_silent_flora_no_native_fauna ... ok
test layer1::nature::silent_world_tests::tests::test_silent_flora_growth_bonus ... ok
test layer1::nature::solar::tests::test_cycle_update_system ... ok
test layer1::nature::solar::tests::test_solar_cycle_phases ... ok
test layer1::nature::silent_world_tests::tests::test_silent_flora_nullifies_sound ... ok
test layer1::nature::solar::tests::test_solar_modifier ... ok
test layer1::nature::solar::tests::test_solar_night_output ... ok
test layer1::nature::temperature::tests::test_ambient_drift ... ok
test layer1::nature::solar::tests::test_solar_output_scaling ... ok
test layer1::nature::temperature::tests::test_clothing_protection ... ok
test layer1::nature::temperature::tests::test_explicit_heat_source_emission ... ok
test layer1::nature::temperature::tests::test_get_overflow_protection ... ok
test layer1::nature::temperature::tests::test_grid_initialization_to_ambient ... ok
test layer1::nature::temperature::tests::test_heat_source_emission ... ok
test layer1::nature::temperature::tests::test_diffusion_and_insulation ... ok
test layer1::nature::temperature::tests::test_thermal_damage ... ok
test layer1::nature::temperature::tests::test_unpowered_heater_no_heat ... ok
test layer1::nature::terrain::tests::test_fill_circle_clipping ... ok
test layer1::nature::terrain::tests::test_fill_circle_all_terrain_types ... ok
test layer1::nature::terrain::tests::test_generate_terrain_zero_size_panics - should panic ... ok
test layer1::nature::terrain::tests::test_generate_terrain_too_large_panics - should panic ... ok
test layer1::nature::terrain::tests::test_get_overflow_protection ... ok
test layer1::nature::terrain::tests::test_movement_cost ... ok
test layer1::nature::terrain::tests::test_terrain_grid_get_bounds ... ok
test layer1::nature::terrain::tests::test_terrain_type_is_walkable ... ok
test layer1::nature::terrain::tests::test_terrain_type_tree ... ok
test layer1::nature::water::tests::test_rock_blocks_water ... ok
test layer1::nature::terrain::tests::test_terrain_generation ... ok
test layer1::nature::water::tests::test_terrain_water_is_infinite_source ... ok
test layer1::nature::water::tests::test_water_recedes_when_source_removed ... ok
test layer1::nature::water::tests::test_water_grid_initialization ... ok
test layer1::nature::water::tests::test_water_source_building ... ok
test layer1::nature::water::tests::test_water_spreads_to_neighbors ... ok
test layer1::nature::weather::tests::test_apply_weather_effects_system_multiplies_speed ... ok
test layer1::nature::weather::tests::test_apply_weather_effects_system_slows_movement ... ok
test layer1::nature::weather::tests::test_update_weather_system_changes_weather ... ok
test layer1::nature::weather::tests::test_update_weather_system_decrements_duration ... ok
test layer1::nature::weather::tests::test_weather_state_default ... ok
test layer1::nature::weather_tests::tests::test_inversion_halts_diffusion ... ok
test layer1::nature::weather_tests::tests::test_oxygen_masks_prevent_damage ... ok
test layer1::nature::weather_tests::tests::test_smog_damage_during_inversion ... ok
test layer1::nature::wind::tests::test_global_wind_propagation ... ok
test layer1::nature::wind::tests::test_movement_penalty ... ok
test layer1::nature::wind::tests::test_urban_canyon_effect ... ok
test layer1::nature::wind::tests::test_wind_blocked_by_wall ... ok
test layer1::nature::wind::tests::test_wind_grid_initialization ... ok
test layer1::notifications::tests::test_add_notification ... ok
test layer1::notifications::tests::test_convenience_methods ... ok
test layer1::notifications::tests::test_dismiss_notification ... ok
test layer1::notifications::tests::test_notification_expiration ... ok
test layer1::notifications::tests::test_notification_limit ... ok
test layer1::notifications::tests::test_notification_queue_resource_exists ... ok
test layer1::nature::weather::tests::test_pick_weather_for_season_table_driven ... ok
test layer1::observatory::tests::test_astronomy_tech_exists ... ok
test layer1::observatory::tests::test_observatory_logs_message ... ok
test layer1::observatory::tests::test_observatory_requires_astronomy ... ok
test gpu::pipeline::tests::test_create_compute_pipeline ... ok
test layer1::observatory::tests::test_observe_action_generates_knowledge ... ok
test layer1::observatory::tests::test_anxious_gets_more_dread ... ok
test layer1::olfactory::tests::test_foul_scent_mood_debuff ... ok
test layer1::olfactory::tests::test_pleasant_scent_mood_buff ... ok
test layer1::olfactory::tests::test_scent_emission_and_diffusion ... ok
test layer1::olfactory::tests::test_scent_mixing_and_overpowering ... ok
test layer1::palette_fatigue::tests::test_apply_morale_modifier ... ok
test layer1::palette_fatigue::tests::test_fatigue_calculation_four_same_triggers_penalty ... ok
test layer1::palette_fatigue::tests::test_fatigue_calculation_monoculture ... ok
test layer1::palette_fatigue::tests::test_fatigue_calculation_varied ... ok
test layer1::palette_fatigue::tests::test_history_limit ... ok
test layer1::palette_fatigue::tests::test_record_meal_updates_history ... ok
test layer1::pathfinding::tests::test_find_path_simple ... ok
test layer1::pathfinding::tests::test_locked_door_blocks_path ... ok
test layer1::pathfinding::tests::test_open_door_allows_path_restricted ... ok
test layer1::pathfinding::tests::test_open_door_bypasses_access_control ... ok
test layer1::pathfinding::tests::test_pathfinding_avoids_strong_headwind ... ok
test layer1::pathfinding::tests::test_pathfinding_prefers_tailwind ... ok
test layer1::pathfinding::tests::test_role_based_access_control ... ok
test layer1::pathfinding::tests::test_vent_blocks_pop_movement ... ok
test layer1::pathfinding::tests::test_vermin_passes_through_vent ... ok
test layer1::pheromone::tests::test_pheromone_application ... ok
test layer1::pheromone::tests::test_pheromone_range_limit ... ok
test layer1::pheromone::tests::test_reactive_emitter_pollution_trigger ... ok
test layer1::physics::acoustic::tests::test_noise_affects_rest_recovery ... ok
test layer1::physics::acoustic::tests::test_noise_damping_by_terrain ... ok
test layer1::physics::acoustic::tests::test_noise_damping_by_trees ... ok
test layer1::physics::acoustic::tests::test_noise_map_initialization ... ok
test layer1::physics::acoustic::tests::test_noise_source_propagation ... ok
test layer1::physics::acoustic_shadow_tests::tests::test_sound_flanks_vacuum ... ok
test layer1::physics::acoustic_shadow_tests::tests::test_vacuum_blocks_noise ... ok
test layer1::physics::kinetic_storage::tests::test_battery_charging ... ok
test layer1::physics::kinetic_storage::tests::test_battery_destruction_hazard ... ok
test layer1::physics::kinetic_storage::tests::test_battery_discharging ... ok
test layer1::physics::kinetic_storage::tests::test_integration_battery_charging_in_grid ... ok
test layer1::physics::particles::tests::test_particle_physics_friction ... ok
test layer1::physics::particles::tests::test_particle_physics_gravity ... ok
test layer1::physics::particles::tests::test_particle_physics_movement ... ok
test layer1::physics::particles::tests::test_particle_system_despawns_expired_particles ... ok
test layer1::physics::particles::tests::test_spawn_confetti_no_panic ... ok
test layer1::physics::pressure::tests::test_airlock_blocks_pressure ... ok
test layer1::observatory::tests::test_optimist_gets_more_inspiration ... ok
test layer1::physics::pressure::tests::test_airlock_minimizes_venting ... ok
test layer1::physics::pressure::tests::test_airlock_slows_movement ... ok
test layer1::physics::pressure::tests::test_door_vents_atmosphere_on_open ... ok
test layer1::physics::pressure::tests::test_life_support_generates_pressure ... ok
test layer1::physics::pressure::tests::test_pressure_grid_defaults_to_vacuum ... ok
test layer1::physics::pressure::tests::test_pressure_grid_get_and_set_out_of_bounds ... ok
test layer1::physics::pressure::tests::test_pressure_grid_new_overflow - should panic ... ok
test layer1::physics::pressure::tests::test_pressure_grid_new_too_large - should panic ... ok
test layer1::physics::pressure::tests::test_gate_leaks_pressure ... ok
test layer1::physics::pressure::tests::test_suffocation_damage ... ok
test layer1::physics::pressure::tests::test_walls_block_diffusion ... ok
test layer1::physics::structural_integrity::tests::test_building_provides_support ... ok
test layer1::physics::structural_integrity::tests::test_collapse_mechanics ... ok
test layer1::physics::structural_integrity::tests::test_collapse_negative_coords ... ok
test layer1::physics::structural_integrity::tests::test_mining_preserves_roof ... ok
test layer1::physics::structural_integrity::tests::test_roof_initialization ... ok
test layer1::physics::structural_integrity::tests::test_stability_check_far ... ok
test layer1::physics::structural_integrity::tests::test_stability_check_overflow ... ok
test layer1::physics::structural_integrity::tests::test_stability_check_safe ... ok
test layer1::physics::structural_integrity_overflow_tests::test_check_stability_overflow ... ok
test layer1::physics::structural_integrity_overflow_tests::test_roof_grid_new_overflow - should panic ... ok
test layer1::physics::structural_integrity_overflow_tests::test_roof_grid_new_too_large - should panic ... ok
test layer1::physics::structural_integrity_overflow_tests::test_roof_grid_overflow ... ok
test layer1::physics::pressure::tests::test_pressure_passes_through_vent ... ok
test layer1::physics::suction::tests::test_entity_sucked_into_vacuum ... ok
test layer1::physics::suction::tests::test_anchored_building_not_moved ... ok
test layer1::physics::vacuum_welding_tests::tests::test_destroy_designation_allowed ... ok
test layer1::physics::suction::tests::test_no_suction_at_equilibrium ... ok
test layer1::physics::vacuum_welding_tests::tests::test_execute_destroy_yields_no_resources ... ok
test layer1::physics::vacuum_welding_tests::tests::test_vacuum_welded_prevents_demolish ... ok
test layer1::physics::vacuum_welding_tests::tests::test_vacuum_welded_prevents_repair ... ok
test layer1::physics::vacuum_welding_tests::tests::test_vacuum_welding_applied_in_vacuum ... ok
test layer1::physics::vacuum_welding_tests::tests::test_vacuum_welding_hp_bonus ... ok
test layer1::physics::vacuum_welding_tests::tests::test_vacuum_welding_not_applied_in_atmosphere ... ok
test layer1::physics::vent::tests::test_grates_block_movement_but_allow_some_air ... ok
test layer1::physics::vent::tests::test_small_entities_can_traverse_vents ... ok
test layer1::physics::venting_tests::tests::test_door_control_defaults_to_auto ... ok
test layer1::physics::venting_tests::tests::test_fire_extinguishes_in_vacuum ... ok
test layer1::physics::venting_tests::tests::test_locked_airlock_maintains_pressure ... ok
test layer1::physics::venting_tests::tests::test_open_airlock_vents_pressure ... ok
test layer1::private_stash::tests::test_discovery_returns_resources ... ok
test layer1::nature::mutagenic_rain::tests::test_outdoor_pop_mutates ... ok
test layer1::private_stash::tests::test_hoarding_system_greedy_steals_valuables ... ok
test layer1::private_stash::tests::test_inspect_pop_empty_stash ... ok
test layer1::private_stash::tests::test_inspect_pop_mixed_resources ... ok
test layer1::private_stash::tests::test_private_stash_component ... ok
test layer1::private_stash::tests::test_stash_hides_from_global_inventory ... ok
test layer1::prototyping::tests::test_first_construction_is_prototype ... ok
test layer1::prototyping::tests::test_idle_prototypes_do_not_generate_mastery ... ok
test layer1::prototyping::tests::test_mastery_accumulation ... ok
test layer1::prototyping::tests::test_mastery_unlock_standard_builds ... ok
test layer1::prototyping::tests::test_prototype_efficiency_affects_production ... ok
test layer1::psychology::cabin_fever::tests::test_beauty_grid_boundary_check ... ok
test layer1::psychology::cabin_fever::tests::test_cabin_fever_affects_morale ... ok
test layer1::psychology::cabin_fever::tests::test_confinement_accumulation ... ok
test layer1::psychology::cabin_fever::tests::test_confinement_relief ... ok
test layer1::psychology::cabin_fever::tests::test_crowding_accumulation ... ok
test layer1::psychology::cabin_fever::tests::test_crowding_exact_threshold ... ok
test layer1::psychology::cabin_fever::tests::test_crowding_relief ... ok
test layer1::psychology::cabin_fever::tests::test_high_beauty_negates_confinement ... ok
test layer1::psychology::cabin_fever::tests::test_high_fever_triggers_break ... ok
test layer1::psychology::cabin_fever::tests::test_out_of_bounds_confinement_relief ... ok
test layer1::psychology::cabin_fever::tests::test_total_stress_cap ... ok
test layer1::psychology::cryo_dreams::tests::test_creative_trait_boosts_dreams ... ok
test layer1::private_stash::tests::test_anxious_pop_creates_stash ... ok
test layer1::psychology::cryo_dreams::tests::test_nightmare_acquisition ... ok
test layer1::psychology::cryo_dreams::tests::test_trauma_affects_waking ... ok
test layer1::psychology::dreams::tests::test_cleanup_marker ... ok
test layer1::psychology::cryo_dreams::tests::test_cryo_pop_generates_knowledge ... ok
test layer1::psychology::dreams::tests::test_dream_memory_influence ... ok
test layer1::psychology::memory::tests::test_add_memory ... ok
test layer1::psychology::memory::tests::test_admired_art_properties ... ok
test layer1::psychology::memory::tests::test_calculate_effective_morale ... ok
test layer1::psychology::memory::tests::test_memory_decay ... ok
test layer1::psychology::memory::tests::test_memory_removal_when_faded ... ok
test layer1::psychology::memory::tests::test_morale_clamping ... ok
test layer1::psychology::memory::tests::test_multiple_memories_stack ... ok
test layer1::psychology::memory::tests::test_social_buff_stacking ... ok
test layer1::psychology::memory::tests::test_trait_mood_modifier ... ok
test layer1::psychology::needs::tests::test_calculate_morale ... ok
test layer1::private_stash::tests::test_hoarding_system_anxious_steals_food ... ok
test layer1::psychology::needs::tests::test_decay_needs_system ... ok
test layer1::psychology::needs::tests::test_morale_efficiency_bonus ... ok
test layer1::psychology::needs::tests::test_morale_efficiency_neutral ... ok
test layer1::psychology::needs::tests::test_morale_efficiency_penalty ... ok
test layer1::psychology::needs::tests::test_needs_clamped_to_zero ... ok
test layer1::psychology::needs::tests::test_needs_default ... ok
test layer1::psychology::needs::tests::test_needs_worst ... ok
test layer1::psychology::needs::tests::test_starvation_adds_trauma_memory ... ok
test layer1::psychology::needs::tests::test_starvation_damage_applied ... ok
test layer1::psychology::needs::tests::test_starvation_damage_not_applied_when_not_starving ... ok
test layer1::psychology::needs::tests::test_trait_hunger_decay ... ok
test layer1::psychology::overview_effect::tests::test_existential_dread_trait_reaction ... ok
test layer1::psychology::overview_effect::tests::test_observatory_grants_knowledge ... ok
test layer1::psychology::overview_effect::tests::test_orbital_fleet_reaction ... ok
test layer1::psychology::pop_memories::tests::test_memory_influences_stress_reaction ... ok
test layer1::psychology::pop_memories::tests::test_pop_gains_memory_from_event ... ok
test layer1::psychology::psionics::tests::test_latent_awakening_on_high_stress ... ok
test layer1::psychology::psionics::tests::test_pyrokinesis_power_activation ... ok
test layer1::psychology::needs::tests::test_decay_multiple_ticks ... ok
test layer1::psychology::psychic::tests::test_high_psychic_background_increases_stress_and_rest_decay ... ok
test layer1::psychology::psychic::tests::test_zero_psychic_background_no_effect ... ok
test layer1::psychology::psychic_stains::tests::test_non_violent_death_creates_no_stain ... ok
test layer1::psychology::psychic_stains::tests::test_passing_through_stain_increases_stress ... ok
test layer1::psychology::psychic_stains::tests::test_stain_decays_over_time ... ok
test layer1::psychology::quirks_tests::test_dense_atmosphere_reduces_solar_power ... ok
test layer1::psychology::quirks_tests::test_high_gravity_slows_movement ... ok
test layer1::psychology::quirks_tests::test_low_gravity_speeds_movement ... ok
test layer1::psychology::quirks_tests::test_modifiers_stack ... ok
test layer1::psychology::quirks_tests::test_rapid_orbit_shortens_day ... ok
test layer1::psychology::quirks_tests::test_traits_initialization ... ok
test layer1::psychology::psychic_stains::tests::test_violent_death_creates_trauma_stain ... ok
test layer1::psychology::sleepwalking_tests::tests::test_sleepwalking_movement ... ok
test layer1::psychology::sleepwalking_tests::tests::test_sleepwalking_overrides_action ... ok
test layer1::psychology::sleepwalking_tests::tests::test_sleepwalking_recovery ... ok
test layer1::psychology::sleepwalking_tests::tests::test_sleepwalking_trigger ... ok
test layer1::psychology::somnambulism::tests::test_critically_low_rest_triggers_somnambulism ... ok
test layer1::psychology::somnambulism::tests::test_somnambulist_boosts_efficiency_but_randomizes_output ... ok
test layer1::psychology::dreams::tests::test_dream_system_adds_journal ... ok
test layer1::psychology::somnambulism::tests::test_somnambulist_ignores_other_needs_decay ... ok
test layer1::psychology::spiteful_will::tests::test_confiscating_loot_causes_unrest ... ok
test layer1::psychology::stress::tests::test_aura_stress_integration ... ok
test layer1::psychology::stress::tests::test_breakdown_lifecycle ... ok
test layer1::psychology::stress::tests::test_breakdown_trigger ... ok
test layer1::psychology::spiteful_will::tests::test_spiteful_will_triggers_on_death ... ok
test layer1::psychology::stress::tests::test_breakdown_type_default ... ok
test layer1::psychology::stress::tests::test_skip_stress_tracking_if_already_broken_or_cathartic ... ok
test layer1::psychology::stress::tests::test_catharsis_bonus ... ok
test layer1::psychology::stress::tests::test_breakdown_types_derived_from_traits ... ok
test layer1::psychology::stress::tests::test_totem_stress_relief ... ok
test layer1::psychology::traits::tests::test_conflicting_traits ... ok
test layer1::psychology::traits::tests::test_feral_speed_modifier ... ok
test layer1::psychology::traits::tests::test_hunger_decay_modifiers ... ok
test layer1::psychology::traits::tests::test_leisure_decay_modifiers ... ok
test layer1::psychology::traits::tests::test_job_efficiency_modifiers ... ok
test layer1::psychology::traits::tests::test_night_owl_mood_modifier ... ok
test layer1::psychology::traits::tests::test_traits_random_generation ... ok
test layer1::psychology::traits::tests::test_work_speed_modifiers ... ok
test layer1::psychology::void_sickness::tests::test_void_touched_refuses_surface_sleep ... ok
test layer1::psychology::stress::tests::test_stress_accumulation ... ok
test layer1::psychology::void_sickness::tests::test_void_exposure_accumulation ... ok
test layer1::psychology::void_sickness::tests::test_void_touched_stat_modifiers ... ok
test layer1::psychology::void_stare::tests::test_manifestation_triggers ... ok
test layer1::psychology::void_sickness::tests::test_void_touched_trait_application ... ok
test layer1::psychology::void_stare::tests::test_void_grid_get_and_set_out_of_bounds ... ok
test layer1::psychology::void_stare::tests::test_void_grid_new_overflow - should panic ... ok
test layer1::psychology::void_stare::tests::test_void_grid_new_too_large - should panic ... ok
test layer1::purity::tests::test_get_purity_consistent ... ok
test layer1::purity::tests::test_mine_rock_high_purity_yields_ore ... ok
test layer1::purity::tests::test_purity_map_resource_exists ... ok
test layer1::psychology::void_stare::tests::test_void_exposure_gain ... ok
test layer1::purity::tests::test_purity_map_smoothness ... ok
test layer1::purity::tests::test_mine_rock_low_purity_yields_waste ... ok
test layer1::quantum_twins::tests::test_mood_equalization ... ok
test layer1::quantum_twins::tests::test_severance_on_death ... ok
test layer1::quantum_twins::tests::test_xp_sharing ... ok
test layer1::radio_nostalgia::tests::test_radio_nostalgia_broadcast_received ... ok
test layer1::radio_nostalgia::tests::test_radio_nostalgia_censorship ... ok
test layer1::radio_nostalgia::tests::test_radio_nostalgia_truth_revealed ... ok
test layer1::rearguard::tests::test_rearguard_pathfinding_to_escape_pods_disabled ... ok
test layer1::rearguard::tests::test_rearguard_receives_massive_combat_buffs ... ok
test layer1::rearguard::tests::test_rearguard_delays_enemy_advance ... ok
test layer1::recycling::tests::test_recycler_processes_corpse ... ok
test layer1::recycling::tests::test_recycler_processes_waste ... ok
test layer1::religion::astrological_beliefs::tests::test_astrological_buff_applied_during_alignment ... ok
test layer1::religion::astrological_beliefs::tests::test_astrological_debuff_applied_during_retrograde ... ok
test layer1::religion::astrological_beliefs::tests::test_normal_alignment ... ok
test layer1::religion::prophet_of_the_engine::tests::test_cultist_work_speed_boost ... ok
test layer1::religion::astrological_beliefs::tests::test_rationalist_faction_ignores_astrology ... ok
test layer1::religion::prophet_of_the_engine::tests::test_engine_cult_conversion ... ok
test layer1::retrograde_tests::tests::test_demolish_ancient_fabricator_gives_300_knowledge ... ok
test layer1::religion::prophet_of_the_engine::tests::test_protest_on_dismantle ... ok
test layer1::religion::prophet_of_the_engine::tests::test_prophet_vision_trigger ... ok
test layer1::retrograde_tests::tests::test_demolish_ancient_reactor_gives_500_knowledge ... ok
test layer1::retrograde_tests::tests::test_demolish_normal_building_gives_no_knowledge ... ok
test layer1::retrograde_tests::tests::test_demolish_unknown_ancient_structure_gives_100_knowledge ... ok
test layer1::retrograde_tests::tests::test_demolish_ancient_structure_notification ... ok
test layer1::scrapcode::tests::test_purge_action_removes_scrapcode ... ok
test layer1::security::biometric_drift_tests::test_access_denied_high_drift ... ok
test layer1::scrapcode::tests::test_scrapcode_decay_system ... ok
test layer1::security::biometric_drift_tests::test_access_slow_medium_drift ... ok
test layer1::scrapcode::tests::test_scrapcode_increases_building_cost ... ok
test layer1::security::biometric_drift_tests::test_recalibration_resets_drift ... ok
test layer1::security::biometric_drift_tests::test_drift_accumulation_over_time ... ok
test layer1::security::biometric_drift_tests::test_scars_increase_drift ... ok
test layer1::shields::tests::test_shield_blocks_fast_projectile ... ok
test layer1::shields::tests::test_shield_break_overflow_damage ... ok
test layer1::shields::tests::test_shield_ignores_slow_melee ... ok
test layer1::shift_integration_tests::tests::test_farm_respects_shifts ... ok
test layer1::shift_integration_tests::tests::test_refine_respects_shifts ... ok
test layer1::shipbreaking::tests::test_building_inside_hull ... ok
test layer1::shift_integration_tests::tests::test_research_respects_shifts ... ok
test layer1::shipbreaking::tests::test_mining_hull_requires_tool ... ok
test layer1::shipbreaking::tests::test_mining_hull_yields_alloys ... ok
test layer1::skills::tests::test_efficiency_scaling ... ok
test layer1::skills::tests::test_gain_xp_increases_level ... ok
test layer1::skills::tests::test_skill_types_exist ... ok
test layer1::skills::tests::test_skills_default_empty ... ok
test layer1::shipbreaking::tests::test_shipbreaking_hull_generation ... ok
test layer1::social::cadet::tests::test_noble_allowance_income ... ok
test layer1::social::cadet::tests::test_noble_allowance_income_scales_with_morale ... ok
test layer1::social::cadet::tests::test_noble_allowance_not_on_tick_zero ... ok
test layer1::social::cadet::tests::test_noble_death_penalizes_relations ... ok
test layer1::social::cargo_cult::tests::test_cargo_cult_rituals_boost_morale_but_lower_efficiency ... ok
test layer1::observatory::tests::test_observe_action_applies_mood_modifier ... ok
test layer1::social::cargo_cult::tests::test_supply_drop_triggers_cargo_cult_belief ... ok
test layer1::social::civic_ideology::tests::test_civic_ideology_aligned_action_grants_morale ... ok
test layer1::social::cultural_vandalism::tests::test_vandalism_application ... ok
test layer1::social::cultural_vandalism::tests::test_vandalized_structure_inverts_buff ... ok
test layer1::social::civic_ideology::tests::test_civic_ideology_opposed_action_reduces_morale ... ok
test layer1::social::customs::tests::test_new_visitor_is_pending ... ok
test layer1::social::customs::tests::test_interception_logic ... ok
test layer1::social::debt::tests::test_accrue_debt_event ... ok
test layer1::social::civic_ideology::tests::test_decay_recent_action_system ... ok
test layer1::social::customs::tests::test_vetting_process_success ... ok
test layer1::social::customs::tests::test_vetting_reveals_traits ... ok
test layer1::social::debt::tests::test_debt_decay ... ok
test layer1::social::debt::tests::test_debt_consumed_when_called_in ... ok
test layer1::social::debt::tests::test_social_debt_initialization ... ok
test layer1::social::debt::tests::test_debt_overrides_faction_support ... ok
test layer1::social::empty_room_tests::tests::test_clutter_invalidates_sanctuary ... ok
test layer1::social::empty_room_tests::tests::test_sanctuary_validity_check ... ok
test layer1::social::debt::tests::test_life_saving_act_creates_social_debt ... ok
test layer1::social::empty_room_tests::tests::test_visit_reduces_stress ... ok
test layer1::social::exile::tests::test_banish_pop_removes_from_layer1 ... ok
test layer1::social::exile::tests::test_exiled_pop_returns_after_years ... ok
test layer1::social::faction_demands_tests::tests::test_demand_timeout_triggers_strike ... ok
test layer1::social::faction_demands_tests::tests::test_faction_state_defaults_to_loyal ... ok
test layer1::social::faction_demands_tests::tests::test_generate_demand_on_low_satisfaction ... ok
test layer1::social::faction_demands_tests::tests::test_meeting_demand_resolves_strike ... ok
test layer1::social::faction_demands_tests::tests::test_evaluate_actions_skips_work_when_striking ... ok
test layer1::social::faction_demands_tests::tests::test_strike_overrides_work_utility ... ok
test layer1::social::factions::tests::test_policy_affects_satisfaction ... ok
test layer1::social::factions::tests::test_faction_member_counts ... ok
test layer1::social::factions::tests::test_pop_changes_faction_on_skill_change ... ok
test layer1::social::factions::tests::test_tie_breaking_deterministic ... ok
test layer1::social::factions::tests::test_pop_joins_highest_skill_faction ... ok
test layer1::social::factions::tests::test_unaligned_faction ... ok
test layer1::social::generational_dissonance::tests::test_mixed_generation_workgroup_reduces_founder_morale ... ok
test layer1::social::generational_dissonance::tests::test_youth_ignores_safety_edicts ... ok
test layer1::social::ghost_shift_strike::tests::test_ghost_shift_consumes_resources_but_produces_nothing ... ok
test layer1::social::ghost_shift_strike::tests::test_ghost_shift_not_triggered_if_security_low ... ok
test layer1::social::ghost_shift_strike::tests::test_ghost_shift_triggered_by_high_unrest_and_high_security ... ok
test layer1::social::gossip_economy::tests::test_gossiping_generates_intel_tokens ... ok
test layer1::social::gossip_economy::tests::test_dark_secret_gossip_lowers_morale ... ok
test layer1::social::gossip_economy::tests::test_gossiping_reduces_productivity ... ok
test layer1::social::gossip_economy::tests::test_spend_intel_at_broker ... ok
test layer1::social::grievances::tests::test_bulletin_board_component ... ok
test layer1::social::grievances::tests::test_note_decay ... ok
test layer1::social::debt::tests::test_debt_impact_on_affinity ... ok
test layer1::social::grievances::tests::test_post_grievance_low_morale ... ok
test layer1::social::grievances::tests::test_read_board_affects_affinity ... ok
test layer1::social::indoctrination::tests::test_indoctrination_failure_causes_dissent ... ok
test layer1::social::indoctrination::tests::test_indoctrination_shifts_pop_ethics_over_time ... ok
test layer1::social::mentorship::tests::test_mentorship_apply_xp_bonus ... ok
test layer1::social::mentorship::tests::test_mentorship_detection_ignores_small_level_gap ... ok
test layer1::social::mentorship::tests::test_mentorship_detection_ignores_too_far ... ok
test layer1::social::mentorship::tests::test_mentorship_detection_valid_pair ... ok
test layer1::social::mentorship::tests::test_mentorship_grants_mood_buffs ... ok
test layer1::social::mentorship::tests::test_mentorship_expiration ... ok
test layer1::social::morale::tests::test_morale_modifiers_apply ... ok
test layer1::social::old_guard_tests::tests::test_apply_founder_benefits ... ok
test layer1::social::morale::tests::test_decay_system ... ok
test layer1::social::old_guard_tests::tests::test_apply_mood_modifiers_system_clamped_leisure ... ok
test layer1::social::old_guard_tests::tests::test_apply_mood_modifiers_system_negative_change ... ok
test layer1::social::old_guard_tests::tests::test_apply_mood_modifiers_system_positive_change ... ok
test layer1::social::old_guard_tests::tests::test_arrival_component_defaults ... ok
test layer1::social::old_guard_tests::tests::test_chronicle_event_turning_point ... ok
test layer1::social::old_guard_tests::tests::test_demographics_tracking ... ok
test layer1::social::old_guard_tests::tests::test_friction_founders_overwhelmed ... ok
test layer1::social::old_guard_tests::tests::test_generation_determination ... ok
test layer1::social::old_guard_tests::tests::test_friction_immigrants_excluded ... ok
test layer1::social::pen_pals::tests::test_ethics_shift ... ok
test layer1::social::grievances::tests::test_cooldown_prevents_spam ... ok
test layer1::social::pen_pals::tests::test_firewall_comms_policy ... ok
test layer1::social::pen_pals::tests::test_intel_gain_from_bond ... ok
test layer1::social::pen_pals::tests::test_intel_gain_requires_comms_console ... ok
test layer1::social::pen_pals::tests::test_remote_bond_formation ... ok
test layer1::social::pirates::tests::test_process_pirate_amnesty ... ok
test layer1::social::placebo::tests::test_betrayal_spikes_stress_and_adds_trait ... ok
test layer1::social::placebo::tests::test_distrustful_pops_ignore_placebos ... ok
test layer1::social::placebo::tests::test_placebo_reduces_stress_temporarily ... ok
test layer1::social::politics::tests::test_candidate_generation ... ok
test layer1::social::politics::tests::test_election_cycle_emits_events ... ok
test layer1::social::politics::tests::test_election_cycle_trigger ... ok
test layer1::social::politics::tests::test_inauguration_creates_mandate_and_emits_event ... ok
test layer1::social::politics::tests::test_voting_logic ... ok
test layer1::social::politics::tests::test_winner_becomes_governor ... ok
test layer1::social::propaganda::tests::test_redacting_chronicle_hides_event ... ok
test layer1::social::propaganda::tests::test_witnesses_become_dissidents_when_reading_redacted_truth ... ok
test layer1::social::rituals::tests::test_glitchy_quirk_stops_production ... ok
test layer1::social::rituals::tests::test_high_anger_causes_quirk ... ok
test layer1::social::rituals::tests::test_machine_spirit_initialization ... ok
test layer1::social::rituals::tests::test_quirk_not_generated_low_anger ... ok
test layer1::social::rituals::tests::test_ritual_clamped_at_zero ... ok
test layer1::social::rituals::tests::test_ritual_keeps_quirk_if_anger_high ... ok
test layer1::social::rituals::tests::test_ritual_reduces_anger ... ok
test layer1::social::pen_pals::tests::test_espionage_loss ... ok
test layer1::social::rumor::tests::test_knowledge_default ... ok
test layer1::social::rituals::tests::test_spirit_decay_increases_anger ... ok
test layer1::social::rumor::tests::test_rumor_doom_affects_morale ... ok
test layer1::social::rumor::tests::test_rumor_exchange_shares_info ... ok
test layer1::social::rumor::tests::test_rumor_gossip_affects_affinity ... ok
test layer1::social::rumor::tests::test_rumor_generation_negative_morale ... ok
test layer1::social::rumor::tests::test_rumor_shortage_affects_morale ... ok
test layer1::social::rumor::tests::test_rumor_struct ... ok
test layer1::social::scrap_code_prophets::tests::test_cultist_morale_decay ... ok
test layer1::social::scrap_code_prophets::tests::test_cultist_ignores_working_machines ... ok
test layer1::social::scrap_code_prophets::tests::test_cultist_morale_from_broken_machines ... ok
test layer1::social::scrap_code_prophets::tests::test_cultist_sabotage ... ok
test layer1::social::sentient_standard::tests::test_pop_does_not_gain_stress_when_above_standard ... ok
test layer1::social::sentient_standard::tests::test_pop_gains_stress_when_below_standard ... ok
test layer1::social::sentient_standard::tests::test_sentient_standard_inactive_causes_no_stress ... ok
test layer1::social::scrap_code_prophets::tests::test_scrap_code_cult_formation ... ok
test layer1::social::social_mimicry::tests::test_clear_just_consumed ... ok
test layer1::social::social_mimicry::tests::test_elite_sets_trend ... ok
test layer1::social::social_mimicry::tests::test_following_trend_grants_mood_buff ... ok
test layer1::social::social_mimicry::tests::test_trend_spreads_to_nearby_labor ... ok
test layer1::social::social_stratification::tests::test_job_prestige_mapping ... ok
test layer1::social::social_stratification::tests::test_no_friction_same_class ... ok
test layer1::social::social_stratification::tests::test_class_friction_housing ... ok
test layer1::social::social_stratification::tests::test_social_class_calculation ... ok
test layer1::social::society::tests::test_investigation_reveals_members ... ok
test layer1::social::society::tests::test_society_formation_based_on_traits ... ok
test layer1::social::society::tests::test_suppression_causes_unrest ... ok
test layer1::social::society::tests::test_society_power_increase_on_meeting ... ok
test layer1::social::sub_lithic::tests::test_spaceport_sabotage ... ok
test layer1::social::sub_lithic::tests::test_agoraphobia_development ... ok
test layer1::social::sub_lithic::tests::test_sub_lithic_cult_formation ... ok
test layer1::social::taboo::tests::test_evaluate_taboo_penalty ... ok
test layer1::social::taboo::tests::test_taboo_applies_stress_to_worker ... ok
test layer1::social::taboo::tests::test_structure_collapse_creates_taboo ... ok
test layer1::social::taboo::tests::test_taboo_state_default ... ok
test layer1::social::taboo::tests::test_taboo_decays_over_time ... ok
test layer1::social::pirates::tests::test_pirate_crime ... ok
test layer1::social::tests::test_affinity_change_event ... ok
test layer1::social::tests::test_affinity_clamping ... ok
test layer1::social::tests::test_needs_has_leisure ... ok
test layer1::social::tests::test_leisure_decays ... ok
test layer1::social::tests::test_relationships_default ... ok
test layer1::social::tests::test_proximity_morale_buff ... ok
test layer1::social::tests::test_restore_leisure_social_bonus ... ok
test layer1::social::tests::test_restore_leisure_system ... ok
test layer1::social::tests::test_proximity_morale_debuff ... ok
test layer1::social::tests::test_tavern_component_defaults ... ok
test layer1::social::tests::test_restore_leisure_with_zone_bonus ... ok
test layer1::social::unrest::tests::test_check_break_risk_triggers_break ... ok
test layer1::social::unrest::tests::test_denounce_lowers_unrest_and_punishes_target ... ok
test layer1::social::unrest::tests::test_mental_state_default ... ok
test layer1::social::unrest::tests::test_denounce_punishment_trauma ... ok
test layer1::social::unrest::tests::test_recover_from_break_when_morale_improves ... ok
test layer1::social::unrest::tests::test_scapegoat_identification_preference ... ok
test layer1::social::unrest::tests::test_broken_state_overrides_utility_ai ... ok
test layer1::social::unrest::tests::test_unrest_calculation ... ok
test layer1::social::unrest::tests::test_vandalize_damages_building ... ok
test layer1::social::xenoflora_pet::tests::test_pet_creation ... ok
test layer1::social::unrest::tests::test_vandalize_integration_damages_building ... ok
test layer1::social::xenoflora_pet::tests::test_pet_mood_boost ... ok
test layer1::social::xenoflora_pet::tests::test_pet_starvation ... ok
test layer1::social::zero_g_sports::tests::test_zero_g_sports_applies_buff_and_debuff ... ok
test layer1::sonic_suppression::tests::test_entities_out_of_range_are_unaffected ... ok
test layer1::sonic_suppression::tests::test_inactive_turret_has_no_effect ... ok
test layer1::spoilage::tests::test_global_food_decay ... ok
test layer1::spoilage::tests::test_non_perishable_items_untouched ... ok
test layer1::spoilage::tests::test_perishable_component_default ... ok
test layer1::spoilage::tests::test_perishable_item_decay ... ok
test layer1::spoilage::tests::test_perishable_item_destruction ... ok
test layer1::sonic_suppression::tests::test_sonic_suppression_effects ... ok
test layer1::spoilage::tests::test_rations_spoilage ... ok
test layer1::spoilage::tests::test_spoilage_with_vermin ... ok
test layer1::stowaway::tests::test_discovery_removes_component_spawns_pop ... ok
test layer1::stowaway::tests::test_infiltration_adds_stowaway_to_building ... ok
test layer1::stowaway::tests::test_stowaway_component_defaults ... ok
test layer1::stowaway::tests::test_stowaway_steals_food ... ok
test layer1::spore_diplomat::tests::test_spore_infection_boosts_stats ... ok
test layer1::sub_glacial_oceans::tests::test_collision_with_ice_crust ... ok
test layer1::sub_glacial_oceans::tests::test_intact_anchor_prevents_floating ... ok
test layer1::sub_glacial_oceans::tests::test_snapped_anchor_causes_upward_floating ... ok
test layer1::tech::cognitive_overclocking::tests::test_burnout_leads_to_catatonia ... ok
test layer1::tech::cognitive_overclocking::tests::test_cognitive_overclocking_accumulates_burnout ... ok
test layer1::tech::event_horizon_tap::tests::test_event_horizon_tap_provides_infinite_energy ... ok
test layer1::tech::event_horizon_tap::tests::test_time_dilation_outside_zone_unaffected ... ok
test layer1::tech::cognitive_overclocking::tests::test_cognitive_overclocking_increases_work_speed ... ok
test layer1::tech::event_horizon_tap::tests::test_time_dilation_zone_slows_movement ... ok
test layer1::tech::ghost_code_integration_tests::tests::test_ghost_trait_legacy_targeting ... ok
test layer1::tech::ghost_code_tests::tests::test_construction_inherits_ghost_code ... ok
test layer1::tech::ghost_code_tests::tests::test_deconstruction_leaves_residue ... ok
test layer1::tech::ghost_code_tests::tests::test_ghost_trait_legacy_targeting_tag ... ok
test layer1::tech::ghost_code_tests::tests::test_purge_action_removes_residue ... ok
test layer1::tech::ghost_code_tests::tests::test_ghost_trait_power_drain_once ... ok
test layer1::tech::ghost_code_tests::tests::test_purge_execution_system ... ok
test layer1::tech::harmonic_mining_tests::tests::test_drill_ignores_mismatched_objects ... ok
test layer1::tech::harmonic_mining_tests::tests::test_drill_mines_matching_ore ... ok
test layer1::tech::harmonic_mining_tests::tests::test_drill_shatters_matching_structure ... ok
test layer1::tech::hypno_learning_tests::tests::test_hypno_pod_grants_xp_while_sleeping ... ok
test layer1::tech::hypno_learning_tests::tests::test_hypno_sleep_children_gain_volatile_not_xp ... ok
test layer1::tech::hypno_learning_tests::tests::test_mental_fog_penalizes_movement_and_work ... ok
test layer1::tech::hypno_learning_tests::tests::test_hypno_sleep_drains_hunger_faster ... ok
test layer1::tech::hypno_learning_tests::tests::test_waking_from_hypno_applies_mental_fog ... ok
test layer1::tech::infinite_archive_tests::tests::test_data_accumulation_reduces_efficiency ... ok
test layer1::tech::infinite_archive_tests::tests::test_overcapacity_halts_research ... ok
test layer1::tech::infinite_archive_tests::tests::test_purge_tech_restores_efficiency ... ok
test layer1::tech::legacy_code_tests::tests::test_bloat_accumulation ... ok
test layer1::tech::legacy_code_tests::tests::test_bloat_slows_research ... ok
test layer1::tech::legacy_code_tests::tests::test_reformat_clears_bloat_but_disables_system ... ok
test layer1::tech::machine_awakening::tests::test_awakened_bots_gain_needs ... ok
test layer1::tech::machine_awakening::tests::test_bot_starts_without_needs ... ok
test layer1::tech::martyrs_engine::tests::test_active_engine_produces_power_and_decays ... ok
test layer1::tech::martyrs_engine::tests::test_attuning_causes_colony_stress ... ok
test layer1::tech::machine_awakening::tests::test_sentience_accumulation_triggers_awakening ... ok
test layer1::tech::martyrs_engine::tests::test_martyrs_engine_inactive_produces_nothing ... ok
test layer1::tech::martyrs_engine::tests::test_attuning_engine_consumes_pop_and_activates ... ok
test layer1::tech::neural_leech_tests::test_hub_death_causes_cascading_breakdown ... ok
test layer1::tech::neural_leech_tests::test_neural_hub_stress_maxes_out ... ok
test layer1::tech::neural_leech_tests::test_neural_hub_buffs_nearby_pops ... ok
test layer1::tech::rhythm_tests::tests::test_discord_penalty ... ok
test layer1::tech::rhythm_tests::tests::test_sync_bonus_adjacent_machines ... ok
test layer1::tech::tests::test_building_requires_tech ... ok
test layer1::tech::rhythm_tests::tests::test_sync_bonus_lost_on_discord ... ok
test layer1::tech::tests::test_placement_fails_if_tech_locked ... ok
test layer1::tech::tests::test_placement_succeeds_if_tech_unlocked ... ok
test layer1::tech::tests::test_resources_knowledge_fields ... ok
test layer1::tech::tests::test_tech_costs ... ok
test layer1::tech::tests::test_tech_enum_exists ... ok
test layer1::tech::tests::test_tech_state_starts_empty ... ok
test layer1::tech::tests::test_unlock_tech_insufficient_funds ... ok
test layer1::tech_envy::tests::test_building_tiers_and_categories ... ok
test layer1::tech::tests::test_unlock_tech_success ... ok
test layer1::tech_envy::tests::test_envy_refresh ... ok
test layer1::tech_envy::tests::test_no_envy_different_category ... ok
test layer1::tech_envy::tests::test_no_envy_same_tier ... ok
test layer1::tech_envy::tests::test_tech_envy_trigger ... ok
test layer1::tech_storage_tests::tests::test_cannot_unlock_if_full ... ok
test layer1::tech_storage_tests::tests::test_capacity_drop_triggers_corruption ... ok
test layer1::tech_storage_tests::tests::test_corrupted_tech_blocks_access ... ok
test layer1::tech_storage_tests::tests::test_passive_storage_works ... ok
test layer1::tech_storage_tests::tests::test_tech_has_storage_cost ... ok
test layer1::tech_storage_tests::tests::test_server_bank_increases_capacity ... ok
test layer1::tech_storage_tests::tests::test_tech_state_tracks_capacity ... ok
test layer1::tech_storage_tests::tests::test_unlocking_existing_corrupted_tech_costs_nothing ... ok
test layer1::tech_storage_tests::tests::test_unlocking_tech_increases_usage ... ok
test layer1::temporal_ghost_towns::tests::test_temporal_stutter_recovery ... ok
test layer1::temporal_ghost_towns::tests::test_temporal_stutter_reverts_building ... ok
test layer1::tinkering::tests::test_tinker_failure_damages_machine ... ok
test layer1::tinkering::tests::test_tinker_success_boosts_efficiency ... ok
test layer1::tool_tests::tests::test_building_type_smithy ... ok
test layer1::tinkering::tests::test_tinker_success_capped_efficiency ... ok
test layer1::tool_tests::tests::test_colony_resources_tools_fields ... ok
test layer1::tool_tests::tests::test_smithy_recipe ... ok
test layer1::unseen_bureaucracy::tests::test_phantom_shift_activation ... ok
test layer1::unseen_bureaucracy::tests::test_phantom_shift_requires_desperate_pop ... ok
test layer1::urban_heat_tests::tests::test_no_solar_heat_at_night ... ok
test layer1::unseen_bureaucracy::tests::test_phantom_shift_requires_night_cycle ... ok
test layer1::urban_heat_tests::tests::test_solar_heat_gain_during_day ... ok
test layer1::urban_heat_tests::tests::test_retention_slows_cooling ... ok
test layer1::void_weed::tests::test_void_weed_smuggling_attracts_pirates ... ok
test layer1::urban_heat_tests::tests::test_urban_heat_island_effect ... ok
test layer1::waste_tests::tests::test_landfill_building_properties ... ok
test layer1::void_weed::tests::test_void_weed_smuggling_profits ... ok
test layer1::waste_tests::tests::test_landfill_increases_waste_cap ... ok
test layer1::waste_tests::tests::test_resource_type_waste ... ok
test layer1::waste_tests::tests::test_waste_item_negative_beauty ... ok
test layer1::waste_tests::tests::test_refining_produces_waste_item ... ok
test layer1::whispering_ore::tests::test_mining_whispering_ore_adds_resonant_trait ... ok
test layer1::whispering_ore::tests::test_resonant_pops_rebel_if_vein_sealed ... ok
test layer2::barnacles::tests::test_barnacle_cleaning ... ok
test layer2::barnacles::tests::test_barnacle_drag_modifier ... ok
test layer2::barnacles::tests::test_barnacle_slows_movement ... ok
test layer2::barnacles::tests::test_ensure_barnacles_component ... ok
test layer2::binary_star::tests::test_binary_star_crop_withering_without_rest ... ok
test layer2::binary_star::tests::test_binary_star_fluctuating_solar_power ... ok
test layer2::binary_star::tests::test_binary_star_heat_waves ... ok
test layer2::cartographers_curse::tests::test_selling_telemetry_grants_credits ... ok
test layer2::cartographers_curse::tests::test_sold_telemetry_removes_drop_pod_penalties ... ok
test layer2::cartographers_curse::tests::test_unsold_telemetry_retains_drop_pod_penalties ... ok
test layer2::cascade::failure::tests::test_layer1_shortage_reduces_layer2_logistics ... ok
test layer2::barnacles::tests::test_barnacle_accumulation ... ok
test layer2::cascade::failure::tests::test_logistics_strain_weakens_defenses ... ok
test layer2::combat::tests::test_combat_casualties ... ok
test layer2::combat::tests::test_combat_resolution_stronger_wins ... ok
test layer2::combat::tests::test_destroyed_ships_tracking ... ok
test layer2::combat::tests::test_loot_generation ... ok
test layer2::debris_tests::tests::test_debris_accumulation_on_launch ... ok
test layer2::cascade::failure::tests::test_weak_defenses_increase_invasion_threat ... ok
test layer2::debris_tests::tests::test_debris_cleanup_action ... ok
test layer2::debris_tests::tests::test_debris_accumulation_on_ship_destruction ... ok
test layer2::debris_tests::tests::test_debris_decay ... ok
test layer2::debris_tests::tests::test_launch_failure_risk_from_debris ... ok
test layer2::debris_tests::tests::test_fleet_destruction_from_debris ... ok
test layer2::debris_tests::tests::test_orbit_attrition_damage ... ok
test layer2::derelict_stations::tests::test_derelict_quirk_activation_on_repair ... ok
test layer2::derelict_stations::tests::test_derelict_station_claiming ... ok
test layer2::designation::tests::test_planet_designation_agri_world ... ok
test layer2::designation::tests::test_planet_designation_forge_world ... ok
test layer2::designation::tests::test_planet_designation_change_causes_unrest ... ok
test layer2::empathic_plague::tests::test_empathic_plague_no_effect_from_happy_pop ... ok
test layer2::designation::tests::test_planet_designation_fortress_world ... ok
test layer2::empathic_plague::tests::test_empathic_plague_spreads_negative_mood ... ok
test layer2::events_new::reverse_quarantine_tests::tests::test_accept_refugees_introduces_plague ... ok
test layer2::events_new::reverse_quarantine_tests::tests::test_reject_refugees_causes_orbital_reprisal_and_guilt ... ok
test layer2::exploration::void_whispers::tests::test_explorers_accumulate_void_whispers ... ok
test layer2::exploration::void_whispers::tests::test_returning_fleet_infects_colony ... ok
test layer2::fleet::tests::test_fleet_spawn_in_orbit ... ok
test layer2::fleet::tests::test_fleet_arrival ... ok
test layer2::fleet::tests::test_fleet_transit_progress ... ok
test layer2::fleet::tests::test_order_fleet_movement ... ok
test layer2::generation::tests::test_colony_location_assignment ... ok
test layer2::generation::tests::test_generate_system_creates_planets ... ok
test layer2::generation::tests::test_generate_system_creates_star ... ok
test layer2::generation::tests::test_determinism ... ok
test layer2::generation::tests::test_planetary_traits_propagation ... ok
test layer2::governance::tests::test_assign_governor_applies_bonuses ... ok
test layer2::governance::tests::test_governor_accumulates_ambition_over_time ... ok
test layer2::integration::tests::test_escape_velocity_traits_bridge ... ok
test layer2::governance::tests::test_high_ambition_triggers_rebellion_event ... ok
test layer2::integration::tests::test_thermal_detection_handler_system_spawns_visitor ... ok
test layer2::megastructure::tests::test_high_completion_triggers_solar_anomaly ... ok
test layer2::megastructure::tests::test_megastructure_generates_threat ... ok
test layer2::megastructure::tests::test_megastructure_progress_increases_completion ... ok
test layer2::mining_tests::tests::test_fleet_cargo_capacity ... ok
test layer2::mining_tests::tests::test_mining_extracts_resources ... ok
test layer2::mining_tests::tests::test_mining_stops_when_depleted ... ok
test layer2::mining_tests::tests::test_mining_stops_when_full ... ok
test layer2::mining_tests::tests::test_mining_target_has_resources ... ok
test layer2::mining_tests::tests::test_order_mining_fails_if_full ... ok
test layer2::mining_tests::tests::test_order_mining_fails_if_not_in_orbit ... ok
test layer2::mining_tests::tests::test_order_mining_initiates_process ... ok
test layer2::moon_hermits::tests::test_hermit_outpost_steals_from_trade_route ... ok
test layer2::moon_hermits::tests::test_high_morale_pop_does_not_desert ... ok
test layer2::moon_hermits::tests::test_pop_deserts_to_become_hermit ... ok
test layer2::mutiny::tests::test_fleet_loses_morale_when_unpaid_or_starving ... ok
test layer2::mutiny::tests::test_fleet_mutinies_at_zero_morale ... ok
test layer2::navigation::inertial::tests::test_heavy_ship_turns_slower ... ok
test layer2::navigation::inertial::tests::test_retro_burn_consumes_fuel ... ok
test layer2::navigation::stellar_weather::tests::test_solar_flare_damages_deployed_sails ... ok
test layer2::navigation::inertial::tests::test_ship_gains_momentum_during_travel ... ok
test layer2::navigation::stellar_weather::tests::test_solar_sails_boost_speed_in_favorable_wind ... ok
test layer2::navigation::stellar_weather::tests::test_solar_sails_speed_resets_in_clear_sector ... ok
test layer2::nebulae::tests::test_nebula_dust_cloud_slows_movement ... ok
test layer2::nebulae::tests::test_nebula_ion_cloud_disables_sensors ... ok
test layer2::nebulae::tests::test_nebula_protoplanetary_disk_hull_damage ... ok
test layer2::orbit::debris_cult::tests::test_debris_cult_activation ... ok
test layer2::orbit::debris_cult::tests::test_debris_cult_morale_boost ... ok
test layer2::orbital_necropolis::tests::test_destroyed_necropolis_applies_desecrated_skies ... ok
test layer2::phantom::tests::test_defragmentation_reduces_buildup ... ok
test layer2::orbital_necropolis::tests::test_orbital_necropolis_provides_bonus ... ok
test layer2::phantom::tests::test_integration_with_layer1_scrapcode ... ok
test layer2::phantom::tests::test_high_scrapcode_spawns_ghost_fleet ... ok
test layer2::phantom::tests::test_low_scrapcode_does_not_spawn_ghost_fleet ... ok
test layer2::primitives::tests::test_accidental_gods_faith_gain ... ok
test layer2::primitives::tests::test_accidental_gods_faith_loss_on_neglect ... ok
test layer2::primitives::tests::test_accidental_gods_primitive_retaliation ... ok
test layer2::primitives::tests::test_invading_primitive_civilization_spawns_slave_pops ... ok
test layer2::primitives::tests::test_primitive_planet_generates_science_with_observation_post ... ok
test layer2::rogue_planets::tests::test_rogue_planet_solar_power_and_resources ... ok
test layer2::rogue_planets::tests::test_rogue_planet_drift_and_despawn ... ok
test layer2::sensor_ambiguity::tests::test_close_proximity_reveals_contact_identity ... ok
test layer2::sensor_ambiguity::tests::test_distant_fleet_appears_as_unidentified_contact ... ok
test layer2::ship::tests::test_fleet_composition_calculates_min_speed ... ok
test layer2::ship::tests::test_fleet_composition_empty_has_default_speed ... ok
test layer2::ship::tests::test_fleet_composition_calculates_total_cargo ... ok
test layer2::ship::tests::test_ship_construction_cost ... ok
test layer2::ship::tests::test_ship_type_stats ... ok
test layer2::silent_mutiny::tests::test_silent_mutiny_full_rebellion ... ok
test layer2::silent_mutiny::tests::test_silent_mutiny_combat_avoidance ... ok
test layer2::silent_mutiny::tests::test_silent_mutiny_resource_skimming ... ok
test layer2::silent_mutiny::tests::test_silent_mutiny_trigger ... ok
test layer2::skyhooks::tests::test_damaged_skyhook_flings_ship_off_course ... ok
test layer2::skyhooks::tests::test_skyhook_successful_launch_saves_fuel ... ok
test layer2::skyhooks::tests::test_skyhook_missed_window_causes_crash ... ok
test layer2::station::debt_trap_tests::test_decommission_debt_trap ... ok
test layer2::station_tests::test_build_station_consumes_resources ... ok
test layer2::station::debt_trap_tests::test_megastructure_exponential_upkeep ... ok
test layer2::station_tests::test_build_station_fails_insufficient_resources ... ok
test layer2::station_tests::test_station_component ... ok
test layer2::station_tests::test_build_station_spawns_entity ... ok
test layer2::station_tests::test_zero_g_fermentation_consumption_morale ... ok
test layer2::station_tests::test_zero_g_fermentation_production ... ok
test layer2::station_tests::test_zero_g_fermentation_requires_zero_g ... ok
test layer2::system::tests::test_orbital_body_component ... ok
test layer2::system::tests::test_toggle_view_mode_input ... ok
test layer2::system::tests::test_view_mode_resource ... ok
test layer2::syzygy::tests::test_syzygy_phase_progression ... ok
test layer2::system::tests::test_orbit_component ... ok
test layer2::syzygy::tests::test_syzygy_trigger_amplifies_tides ... ok
test layer2::syzygy::tests::test_syzygy_trigger_reduces_gravity_penalty ... ok
test layer2::thermal_bloom_tests::tests::test_detection_risk_trigger ... ok
test layer2::thermal_bloom_tests::tests::test_low_signature_safe ... ok
test layer2::thermal_bloom_tests::tests::test_thermal_decay ... ok
test layer2::thermal_bloom_tests::tests::test_thermal_signature_aggregation ... ok
test layer2::tourism::disaster_tourism::tests::test_disaster_triggers_grief_tourists ... ok
test layer2::tourism::sub_light_tourism::tests::test_tourist_creation ... ok
test layer2::trade::biomass_tariff::tests::test_pay_biomass_tariff_with_crops ... ok
test layer2::tourism::disaster_tourism::tests::test_minor_disaster_ignored_by_tourists ... ok
test layer2::trade::biomass_tariff::tests::test_pay_biomass_tariff_with_pops_damages_sanity ... ok
test layer2::trade::blockade::tests::test_blockade_intercepts_trade_ships ... ok
test layer2::trade::blockade::tests::test_blockade_lifts_when_debt_paid ... ok
test layer2::trade::escape_velocity::tests::test_high_gravity_increases_launch_cost_significantly ... ok
test layer2::trade::escape_velocity::tests::test_low_mass_high_value_goods_are_profitable_on_high_g ... ok
test layer2::trade::blockade::tests::test_blockade_spawns_when_debt_critical ... ok
test layer2::trade::escape_velocity::tests::test_planetary_gravity_default ... ok
test layer2::trade::escape_velocity::tests::test_process_launch_system_insufficient_fuel ... ok
test layer2::trade::escape_velocity::tests::test_process_launch_system ... ok
test layer2::trade::penal_contracts::tests::test_penal_contract_payment ... ok
test layer2::trade::routes::tests::test_trade_route_creation ... ok
test layer2::trade::penal_contracts::tests::test_prisoner_death_penalty ... ok
test layer2::trade::routes::tests::test_trade_route_execution ... ok
test layer2::trade::routes::tests::test_trade_route_missing_destination ... ok
test layer2::visibility::tests::test_loss_of_visibility_forces_colony_view ... ok
test layer2::visibility::tests::test_powered_command_center_grants_visibility ... ok
test layer2::visibility::tests::test_unpowered_command_center_denies_visibility ... ok
test layer2::visibility::tests::test_visibility_defaults_to_none ... ok
test layer2::weather::tests::test_storm_ignores_low_energy ... ok
test layer2::weather::tests::test_storm_impact_on_colony ... ok
test layer3::council::tests::test_compliant_member_no_sanctions ... ok
test layer2::weather::tests::test_storm_pathfinding_towards_energy_spike ... ok
test layer3::council::tests::test_in_breach_member_gets_trade_sanctions ... ok
test layer3::council::tests::test_in_breach_member_already_has_sanctions ... ok
test layer3::council::tests::test_in_breach_member_no_active_resolutions ... ok
test layer3::diplomacy::brain_drain::tests::test_custom_thresholds_used ... ok
test layer3::diplomacy::brain_drain::tests::test_brain_drain_migration_plugin ... ok
test layer3::diplomacy::brain_drain::tests::test_default_thresholds_used_if_no_resource ... ok
test layer3::diplomacy::brain_drain::tests::test_pop_emigrates_when_neighbor_has_better_standards ... ok
test layer1::social::empty_room_tests::tests::test_visit_can_spawn_clutter ... ok
test layer3::diplomacy::brain_drain::tests::test_pop_stays_when_neighbor_has_lower_standards ... ok
test layer3::diplomacy::cultural_ransom::tests::test_trade_artifact_for_concessions ... ok
test layer3::diplomacy::cultural_ransom::tests::test_steal_cultural_artifact ... ok
test layer3::diplomacy::cultural_ransom::tests::test_artifact_hostage_penalties ... ok
test layer3::diplomacy::proxy_wars::tests::test_proxy_war_accepting_contract ... ok
test layer3::diplomacy::proxy_wars::tests::test_proxy_war_combat_rewards ... ok
test layer3::diplomacy::proxy_wars::tests::test_proxy_war_disavowal ... ok
test layer3::diplomacy::tests::test_spore_diplomat_inserts_hidden_clause ... ok
test layer3::diplomacy::succession::tests::test_dynastic_succession_applies_new_modifiers ... ok
test layer3::diplomacy_reflection::tests::test_barbarian_trait_causes_sanctions_from_pacifist_neighbors ... ok
test layer3::diplomacy_reflection::tests::test_high_colony_kills_grants_warlike_trait ... ok
test layer3::diplomacy::succession::tests::test_leader_death_without_heir_causes_crisis ... ok
test layer3::events::debt_prison::tests::test_bailout_offer_triggers_on_high_debt ... ok
test layer3::diplomacy_reflection::tests::test_high_tree_planting_grants_ecological_trait ... ok
test layer3::fleets::generation_ship::tests::test_colony_foundation_with_drift ... ok
test layer3::events::debt_prison::tests::test_accept_bailout_clears_debt_and_spawns_criminals ... ok
test layer3::events::debt_prison::tests::test_criminal_faction_formation ... ok
test layer3::fleets::generation_ship::tests::test_transit_drift_accumulation ... ok
test layer3::ghost_ships::tests::test_ghost_ship_returns ... ok
test layer3::ghost_ships::tests::test_ship_becomes_lost_during_transit ... ok
test layer3::linguistic_drift::tests::test_linguistic_drift_increases_over_time_without_contact ... ok
test layer3::linguistic_drift::tests::test_cultural_synchronization_reduces_drift ... ok
test layer3::map::tests::test_fleet_arrival_on_inaccurate_map_triggers_anomaly ... ok
test layer3::linguistic_drift::tests::test_translation_tax_applied_on_trade ... ok
test layer3::map::tests::test_fleet_pathfinding_fails_when_lane_collapses ... ok
test layer3::map::tests::test_scout_ship_refreshes_map_data ... ok
test layer3::map::tests::test_hyperlane_collapse_severs_connection ... ok
test layer3::map::tests::test_map_data_rots_over_time ... ok
test layer3::market::ephemeral_market::tests::test_market_trade_fulfillment ... ok
test layer3::market::ephemeral_market::tests::test_ephemeral_market_spawns_and_despawns ... ok
test layer3::market::galactic_market::tests::test_execute_market_buy_invalid ... ok
test layer3::market::galactic_market::tests::test_execute_market_sell_invalid ... ok
test layer3::market::ephemeral_market::tests::test_market_trade_fulfillment_failure ... ok
test layer3::market::galactic_market::tests::test_galactic_market_new ... ok
test layer3::market::galactic_market::tests::test_galactic_market_price_fluctuation ... ok
test layer3::market::galactic_market::tests::test_trade_execution_uses_current_market_price ... ok
test layer3::market::galactic_market::tests::test_market_buy_increases_price ... ok
test layer3::market::ephemeral_market::tests::test_process_market_despawn_system ... ok
test layer3::market::galactic_market::tests::test_update_market_prices_system_missing_baseline ... ok
test layer3::market::quantum_famine::tests::test_closed_trade_ignores_market_panic ... ok
test layer3::market::quantum_famine::tests::test_market_panic_skips_zero_stock ... ok
test layer3::market::quantum_famine::tests::test_market_panic_ignores_unaffected_commodity ... ok
test layer3::market::quantum_famine::tests::test_market_panic_triggers_local_export_dump ... ok
test layer3::pirates::tests::test_evaluate_pirate_amnesty ... ok
test layer3::planet::black_market_terraforming::tests::test_wealthy_faction_triggers_rogue_terraforming ... ok
test layer3::physics::relativity::tests::test_fleet_local_time_inherits_from_system ... ok
test layer3::silence::tests::test_detection_risk_increases_with_power_and_pops ... ok
test layer3::silence::tests::test_hostile_spawn_triggered_when_threshold_exceeded ... ok
test layer3::stellar_cartography::tests::test_stellar_cartography_freshness ... ok
test layer3::stellar_cartography::tests::test_blind_jump_risk ... ok
test layer3::treaty_cruisers::tests::test_ship_complies_with_hull_limit ... ok
test layer3::treaty_cruisers::tests::test_ship_evades_weapon_restriction_via_classification ... ok
test platform::native::tests::test_key_release_ignored ... ok
test layer3::treaty_cruisers::tests::test_ship_violates_weapon_restriction ... ok
test platform::native::tests::test_key_repeat_ignored ... ok
test platform::native::tests::test_translate_arrows ... ok
test platform::native::tests::test_translate_backspace_delete ... ok
test platform::native::tests::test_translate_backtab ... ok
test platform::native::tests::test_translate_char_key ... ok
test platform::native::tests::test_translate_ctrl_modifier ... ok
test platform::native::tests::test_translate_enter ... ok
test platform::native::tests::test_translate_esc ... ok
test platform::native::tests::test_translate_mouse_down ... ok
test platform::native::tests::test_translate_mouse_move_ignored ... ok
test platform::native::tests::test_translate_mouse_up_ignored ... ok
test platform::native::tests::test_translate_tab ... ok
test platform::native::tests::test_unhandled_key_returns_none ... ok
test setup::tests::test_built_in_start_scenarios_have_definitions ... ok
test platform::native::tests::test_windows_press_release_does_not_double_toggle_pause ... ok
test layer3::physics::relativity::tests::test_time_dilation_slows_down_local_ticks ... ok
test layer1::social::xenoflora_pet::tests::test_pet_viral_spread ... ok
test setup::tests::test_ground_survival_adds_distinct_intro_chronicle_text ... ok
test setup::tests::test_ground_survival_damages_starter_life_support ... ok
test setup::tests::test_curated_start_scenarios_have_distinct_mechanical_signatures ... ok
test setup::tests::test_curated_start_scenarios_share_first_pass_starter_shell ... ok
test setup::tests::test_ground_survival_keeps_shared_starter_shell_layout ... ok
test setup::tests::test_ground_survival_reduces_opening_population_and_supplies ... ok
test setup::tests::test_layer2_ready_adds_distinct_intro_chronicle_text ... ok
test setup::tests::test_layer2_ready_starts_with_powered_command_center ... ok
test setup::tests::test_layer2_ready_keeps_shared_starter_shell_layout ... ok
test setup::tests::test_setup_world_creates_factions ... ok
test setup::tests::test_setup_world_default_scenario_is_classic ... ok
test setup::tests::test_layer2_ready_is_materially_stronger_and_unlocks_system_view ... ok
test setup::tests::test_setup_world_generates_system ... ok
test setup::tests::test_setup_world_default_state_is_main_menu ... ok
test setup::tests::test_setup_world_creates_resources ... ok
test setup::tests::test_setup_world_has_chronicle_event ... ok
test setup::tests::test_setup_world_records_selected_scenario ... ok
test setup::tests::test_setup_world_spawns_pops ... ok
test setup::tests::test_social_drama_adds_distinct_intro_chronicle_text ... ok
test setup::tests::test_social_drama_rebalances_founders_and_immigrants ... ok
test shared::colony::tests::test_colony_name_custom ... ok
test shared::colony::tests::test_colony_name_default ... ok
test shared::keyboard::tests::test_all_key_code_variants ... ok
test shared::keyboard::tests::test_game_key_code_equality ... ok
test shared::keyboard::tests::test_game_key_event_creation ... ok
test shared::keyboard::tests::test_game_key_event_is_copy ... ok
test shared::keyboard::tests::test_game_key_event_with_ctrl ... ok
test shared::keyboard::tests::test_game_mouse_event_creation ... ok
test shared::keyboard::tests::test_game_mouse_event_is_copy ... ok
test shared::keyboard::tests::test_shell_config_round_trips_default_workspace ... ok
test shared::log::tests::test_add_colored_message ... ok
test shared::log::tests::test_add_message ... ok
test shared::log::tests::test_log_overflow ... ok
test shared::log::tests::test_message_log_default ... ok
test shared::narrative::test_generate_empty_patterns ... ok
test shared::narrative::test_generate_missing_fragment_options ... ok
test shared::narrative::test_generate_missing_key ... ok
test shared::narrative::test_generate_missing_template ... ok
test shared::narrative::test_generate_optional_key_missing ... ok
test setup::tests::test_social_drama_is_materially_stable ... ok
test shared::narrative::test_generate_unclosed_slot ... ok
test shared::narrative::test_generate_structured ... ok
test shared::narrative::tests::test_context_insert_get ... ok
test shared::narrative::tests::test_fragment_parsing ... ok
test shared::narrative::tests::test_fragment_parsing_alternative_header ... ok
test setup::tests::test_social_drama_triggers_old_guard_tension_on_startup ... ok
test shared::narrative::tests::test_generate_civ_name ... ok
test shared::narrative::tests::test_from_embedded_loads_templates_and_fragments ... ok
test shared::narrative::tests::test_generation_simple ... ok
test shared::narrative::tests::test_load_from_files_not_found ... ok
test shared::narrative::tests::test_panic_on_single_quote ... ok
test shared::narrative::tests::test_template_parsing ... ok
test shared::narrative::tests::test_template_parsing_alternative_header_and_bullets ... ok
test shared::time::tests::test_sim_speed_labels ... ok
test shared::time::tests::test_sim_speed_transitions ... ok
test shared::time::tests::test_simulation_time_default ... ok
test shared::time::tests::test_simulation_time_speed_changes ... ok
test shared::time::tests::test_speed_debug_format ... ok
test shared::time::tests::test_speed_is_copy ... ok
test shared::time::tests::test_tick_increment ... ok
test shared::time::tests::test_wall_time_default ... ok
test shared::narrative::tests::test_generation_fragment_fallback ... ok
test shared::narrative::tests::test_generate_star_name ... ok
test simulation::tests::test_schedule_builds_without_panic ... ok
test simulation::tests::test_schedule_runs_on_fresh_world ... ok
test simulation::tests::test_run_simulation_tick_increments ... ok
test ui::input::tests::chronicle_hotkey_opens_shell_pane_without_overlay_context ... ok
test ui::input::tests::command_palette_can_execute_open_tech_tree ... ok
test ui::input::tests::ctrl_k_opens_palette_without_toggling_gameplay_state ... ok
test ui::input::tests::focused_tech_pane_handles_navigation_in_plugin_input_mode ... ok
test ui::input::tests::test_build_mode_backtab_cycles_material ... ok
test ui::input::tests::test_camera_target_movement ... ok
test ui::input::tests::test_cannot_pop_main_menu_context ... ok
test ui::input::tests::test_cursor_overflow_safety ... ok
test ui::input::tests::test_designation_mode_entry_and_exit ... ok
test ui::input::tests::test_input_context_default ... ok
test ui::input::tests::test_input_context_is_copy ... ok
test ui::input::tests::test_input_context_stack_push_pop ... ok
test ui::input::tests::test_input_router_build_mode_blocks_quit ... ok
test ui::input::tests::test_input_router_normal_mode_esc_clears_selection ... ok
test ui::input::tests::test_input_router_normal_mode_esc_quits_if_no_selection ... ok
test ui::input::tests::test_input_router_normal_mode_quit ... ok
test ui::input::tests::test_input_router_overlay_escape_pops_context ... ok
test ui::input::tests::test_keybinding_normal_mode_all_keys ... ok
test ui::input::tests::test_route_input_normal_mode_leaves_chronicle_hotkey_to_shell ... ok
test ui::input::tests::test_route_mouse_build_mode_ignores_click ... ok
test ui::input::tests::test_route_mouse_normal_mode_selects ... ok
test ui::input::tests::test_route_mouse_overlay_ignores_click ... ok
test ui::inspector::tests::test_inspector_render_colony_stats_skyglow ... ok
test ui::inspector::tests::test_inspector_render_dietary_history ... ok
test ui::inspector::tests::test_inspector_render_dream ... ok
test ui::input::tests::tech_hotkey_opens_shell_pane_without_overlay_context ... ok
test ui::inspector::tests::test_inspector_render_machine_spirit ... ok
test ui::inspector::tests::test_inspector_render_nocturnal_fauna ... ok
test ui::inspector::tests::test_inspector_render_observatory ... ok
test ui::inspector::tests::test_inspector_render_pop ... ok
test ui::inspector::tests::test_inspector_render_pop_biocompatibility ... ok
test ui::inspector::tests::test_inspector_render_pop_morale ... ok
test ui::inspector::tests::test_inspector_render_refining ... ok
test ui::inspector::tests::test_inspector_render_rock_purity ... ok
test ui::menu::tests::test_render_main_menu_shows_selected_scenario_and_difficulty ... ok
test ui::inspector::tests::test_inspector_render_stockpile ... ok
test ui::menu_state::tests::test_input_context_main_menu_variant ... ok
test ui::menu_state::tests::test_menu_input_quit ... ok
test ui::menu_state::tests::test_menu_input_start_game ... ok
test ui::menu_state::tests::test_menu_navigation_down ... ok
test ui::menu_state::tests::test_menu_navigation_up ... ok
test ui::menu_state::tests::test_menu_scenario_cycles_forward_and_back ... ok
test ui::menu_state::tests::test_gamestate_main_menu_variant ... ok
test ui::menu_state::tests::test_menu_start_game_applies_layer2_ready_state ... ok
test ui::menu_state::tests::test_menu_start_game_applies_ground_survival_state ... ok
test ui::menu_state::tests::test_menu_state_resource ... ok
test ui::notifications::tests::test_render_active_notifications ... ok
test ui::notifications::tests::test_render_empty_queue ... ok
test ui::notifications::tests::test_render_no_resource ... ok
test ui::seasonal_gfx::tests::test_autumn_colors ... ok
test ui::seasonal_gfx::tests::test_none_season_defaults ... ok
test ui::seasonal_gfx::tests::test_spring_defaults ... ok
test ui::seasonal_gfx::tests::test_winter_colors ... ok
test ui::selection::tests::test_click_to_screen_pos ... ok
test ui::selection::tests::test_inspect_entity_nonexistent ... ok
test ui::selection::tests::test_inspect_entity_pop ... ok
test ui::selection::tests::test_inspect_tile_out_of_bounds ... ok
test ui::selection::tests::test_inspect_tile_with_terrain ... ok
test ui::selection::tests::test_screen_to_world_overflow ... ok
test ui::selection::tests::test_selection_clear ... ok
test ui::selection::tests::test_selection_default_none ... ok
test ui::selection::tests::test_selection_entity ... ok
test ui::selection::tests::test_selection_get_entity ... ok
test ui::selection::tests::test_selection_get_tile ... ok
test ui::selection::tests::test_selection_is_selected ... ok
test ui::selection::tests::test_selection_overwrite ... ok
test ui::selection::tests::test_selection_target_is_copy ... ok
test ui::selection::tests::test_selection_tile ... ok
test ui::shell::config::tests::invalid_shell_config_json_falls_back_to_default ... ok
test ui::shell::config::tests::persisted_layout_with_old_version_is_ignored ... ok
test ui::shell::config::tests::shell_config_defaults_to_colony_ops ... ok
test ui::shell::config::tests::shell_config_round_trips ... ok
test ui::menu_state::tests::test_menu_start_game_applies_social_drama_state ... ok
test ui::shell::plugins::tests::chronicle_plugin_renders_even_when_overlay_state_is_closed ... ok
test ui::shell::plugins::tests::register_default_plugins_registers_expected_types ... ok
test ui::shell::plugins::tests::registry_instantiated_status_plugin_renders_legacy_status_bar ... ok
test ui::shell::plugins::tests::status_plugin_renders_inside_small_rect ... ok
test ui::shell::plugins::tests::tech_plugin_renders_even_when_overlay_state_is_closed ... ok
test ui::shell::runtime::tests::colony_ops_starts_with_compact_status_footer ... ok
test ui::shell::runtime::tests::command_registry_exposes_pause_and_open_chronicle ... ok
test ui::shell::runtime::tests::command_palette_can_enter_layout_mode ... ok
test ui::shell::runtime::tests::default_shell_contains_curated_workspaces ... ok
test simulation::tests::test_run_multiple_ticks ... ok
test ui::shell::runtime::tests::open_chronicle_command_creates_or_focuses_chronicle_pane ... ok
test ui::shell::runtime::tests::layout_mode_renders_resize_help ... ok
test ui::status::tests::test_get_status_string_formatting ... ok
test ui::status::tests::test_no_season_when_none ... ok
test ui::status::tests::test_render_status_bar_calculates_morale ... ok
test ui::status::tests::test_season_display_in_status ... ok
test ui::status::tests::test_solar_cycle_display_in_status ... ok
test ui::status::tests::test_truncate_line_no_truncation ... ok
test ui::status::tests::test_truncate_line_truncates ... ok
test ui::tech::tests::test_tech_list_completeness ... ok
test ui::shell::runtime::tests::open_existing_chronicle_command_does_not_duplicate_panes ... ok
test ui::tech::tests::test_tech_ui_navigation ... ok
test ui::tech::tests::test_tech_ui_state_resource_defaults ... ok
test ui::tech::tests::test_unlock_action_via_function ... ok
test ui::world_history::tests::test_generate_history_events_has_legendary ... ok
test ui::waste_ui_tests::test_inspector_shows_waste_stats ... ok
test ui::world_history::tests::test_generate_history_events_produces_events ... ok
test ui::world_history::tests::test_generate_history_events_text_not_empty ... ok
test ui::world_history::tests::test_generate_world_history_inserts_into_chronicle ... ok
test ui::shell::runtime::tests::reset_current_workspace_layout_restores_compact_status_footer ... ok
test setup::tests::test_built_in_start_scenarios_survive_early_headless_ticks ... ok

test result: ok. 2042 passed; 0 failed; 1 ignored; 0 measured; 0 filtered out; finished in 16.18s

     Running unittests src/bin/headless.rs (target/debug/deps/headless-339d88b79561ff51)

running 4 tests
test reproduction_tests::test_scan_radius_validation ... ok
test reproduction_tests::test_print_map_overflow ... ok
test reproduction_tests::test_print_map_underflow ... ok
test reproduction_tests::test_scan_terrain_overflow ... ok

test result: ok. 4 passed; 0 failed; 0 ignored; 0 measured; 0 filtered out; finished in 0.00s

     Running unittests src/main.rs (target/debug/deps/scale-0116ecb6a23408e7)

running 1 test
test tests::test_gamestate_derives ... ok

test result: ok. 1 passed; 0 failed; 0 ignored; 0 measured; 0 filtered out; finished in 0.00s

     Running unittests src/bin/wasm_app.rs (target/debug/deps/wasm_app-d8fe6f0974977fe1)

running 0 tests

test result: ok. 0 passed; 0 failed; 0 ignored; 0 measured; 0 filtered out; finished in 0.00s

     Running tests/cannibalization_tests.rs (target/debug/deps/cannibalization_tests-b061c15f30b4d5c3)

running 4 tests
test test_cannibalize_designation_exists ... ok
test test_lander_building_exists ... ok
test test_cannibalize_only_works_on_lander ... ok
test test_execute_cannibalize_removes_lander_and_spawns_resources ... ok

test result: ok. 4 passed; 0 failed; 0 ignored; 0 measured; 0 filtered out; finished in 0.00s

     Running tests/energy_fire.rs (target/debug/deps/energy_fire-4502c608c6fe96d9)

running 1 test
test tests::test_overload_starts_fire ... ok

test result: ok. 1 passed; 0 failed; 0 ignored; 0 measured; 0 filtered out; finished in 0.01s

     Running tests/health_validation.rs (target/debug/deps/health_validation-cca4e6c11fbef67b)

running 2 tests
test test_take_damage_nan ... ok
test test_take_damage_negative_healing ... ok

test result: ok. 2 passed; 0 failed; 0 ignored; 0 measured; 0 filtered out; finished in 0.00s

     Running tests/integration.rs (target/debug/deps/integration-8c62e56983b1cdb7)

running 199 tests
test acoustic_buildings::tests::test_noisy_buildings_emit_noise ... ok
test acoustic_buildings::tests::test_quiet_buildings_do_not_emit_noise ... ok
test acoustics_rest::tests::test_noise_reduces_rest_recovery ... ok
test amputation_prosthetic::test_amputation_applies_component_and_memory ... ok
test amputation_prosthetic::test_missing_limb_penalty ... ok
test amputation_prosthetic::test_prosthetic_surgery_removes_missing_limb ... ok
test airlocks_pressure::test_airlock_movement_penalty_integration ... ok
test atmosphere_vacuum::test_vacuum_clears_pollution ... ok
test airlocks_pressure::test_door_venting_integration ... ok
test airlocks_pressure::test_pressure_damage_integration ... ok
test beacon_bridge::test_beacon_migrant_arrival_bridge ... ok
test beacon_bridge::test_beacon_trade_ship_bridge ... ok
test beacon_bridge::test_beacon_pirate_raid_bridge ... ok
test architectural_grafting_bridge::test_grafting_chronicle_bridge ... ok
test binge_resources::tests::test_binge_consumes_resources ... ok
test binge_resources::tests::test_binge_spills_to_rations ... ok
test binge_resources::tests::test_binge_finds_target ... ok
test bio_acoustic_miasma_bridge::test_paranoia_adds_to_stress_without_breakdown ... ok
test bio_acoustic_miasma_bridge::test_paranoia_triggers_stress_breakdown ... ok
error: XDG_RUNTIME_DIR is invalid or not set in the environment.
test biomass_commute_bridge::test_biomass_commute_digestion_emits_pop_died ... ok
test building_shifts::tests::test_evaluate_farm_respects_shifts ... ok
test black_market_terraforming_bridge::test_black_market_terraforming_bridge ... ok
test building_shifts::tests::test_evaluate_research_respects_shifts ... ok
test building_shifts::tests::test_evaluate_refine_respects_shifts ... ok
test cascade_failure_chronicle::test_defense_weakened_chronicle_bridge ... ok
test chronicle_rumor::test_chronicle_minor_event_no_rumor ... ok
test chronicle_rumor::test_chronicle_event_creates_rumor ... ok
test cascade_failure_chronicle::test_logistics_strained_chronicle_bridge ... ok
test clone_integration::test_soulless_trait_reduces_leisure_decay ... ok
test clone_integration::test_clone_auto_assigns_housing ... ok
test clone_integration::test_clone_vat_emits_event_and_notification ... ok
test customs_vetting::tests::test_vetting_requires_presence_at_customs ... ok
test crop_mutation_chronicle::test_toxic_spores_mutation_emits_chronicle ... ok
test crop_mutation_chronicle::test_aggressive_growth_mutation_emits_chronicle ... ok
test digital_immortality_chronicle::test_mind_upload_emits_chronicle ... ok
test drone_network::tests::test_drone_hauling ... ignored, AI hauling execution order changed
test deep_crust_resonance_bridge::test_deep_crust_resonance_integration ... ok
test drone_sanctuary::tests::test_drone_ignores_sanctuary_items ... ok
error: XDG_RUNTIME_DIR is invalid or not set in the environment.
test dynastic_succession_bridge::test_dynastic_crisis_chronicle_bridge ... ok
test dynastic_succession_bridge::test_dynastic_succession_chronicle_bridge ... ok
test death_chronicle::test_pop_death_adds_chronicle_entry ... ok
test ephemeral_market_bridge::test_ephemeral_market_systems_registered_in_schedule ... ok
test empathic_plague_bridge::empathic_plague_bridge ... ok
test ephemeral_moons_bridge::test_bright_moon_boosts_solar_power_integration ... ok
test faction_morale::test_faction_satisfaction_affects_morale ... ok
test faction_morale::test_high_satisfaction_no_penalty ... ok
test escape_velocity_traits::test_integration_escape_velocity_traits ... ok
test flora_empathy::tests::test_flora_clearing_triggers_empathy_damage ... ok
error: XDG_RUNTIME_DIR is invalid or not set in the environment.
test food_needs::test_food_production_satisfies_hunger ... ok
error: XDG_RUNTIME_DIR is invalid or not set in the environment.
test beauty_radius::tests::test_statue_beauty_propagates_to_adjacent_tiles ... ok
test funeral_rites::integration_tests::test_funeral_integration_death_to_burial ... ignored, AI evaluation does not currently select BuryCorpse action. Requires review.
error: XDG_RUNTIME_DIR is invalid or not set in the environment.
test fire_health::test_fire_damages_pop_on_same_tile ... ok
test gene_bank_logistics::test_gene_bank_hauling_integration ... ok
test geodetic_integration::test_geodetic_sentience_chronicle_integration ... ok
test geome_hazards::test_geome_hazard_damages_health ... ok
test funeral_rites::integration_tests::test_death_spawns_corpse ... ok
test funeral_rites::integration_tests::test_grief_from_corpse ... ok
test great_work_chronicle::test_great_work_chronicle_integration ... ok
test governance_rebellion::test_rebellion_triggers_chronicle_event ... ok
test hauling_execution::tests::test_full_hauling_cycle ... ignored, Timing mismatched due to execution scheduling updates. AI evaluation currently stays idle.
test ghost_ships_bridge::test_ghost_ships_integration ... ok
test haunted_assembly_lines_tests::test_haunted_assembly_lines_basic_behavior ... ok
test haunted_assembly_lines_tests::test_haunted_assembly_lines_edge_cases ... ok
test health_memory::test_death_causes_witnessed_memory ... ok
test health_memory::test_starvation_causes_trauma_memory ... ok
test hologram_failure::test_hologram_failure_adds_chronicle_event ... ok
test hum_grievances::test_sensitive_pop_posts_hum_grievance ... ok
test husbandry_integration_tests::test_husbandry_full_loop ... ignored, AI evaluation does not currently select Tame action. Requires review.
error: XDG_RUNTIME_DIR is invalid or not set in the environment.
test hygiene_recycling::tests::test_hauler_delivers_waste_to_recycler ... ok
test hygiene_recycling::tests::test_recycler_building_has_inventory ... ok
test hygiene_recycling::tests::test_shower_produces_waste_item ... ok
test hyperlane_collapse_bridge::test_hyperlane_collapse_chronicle_bridge ... ok
test industrial_rhythm::integration_tests::industrial_rhythm_boosts_pop_morale ... ok
test infinite_archive_chronicle::test_purge_tech_creates_chronicle_event ... ok
test hauling_flow::tests::test_hauling_pop_targets_stockpile_not_item ... ok
test inspector_outcome::inspector_outcome_affects_colony ... ok
test integration::spiteful_will_chronicle::test_override_will_chronicle_bridge ... ok
test integration::the_silent_generation_bridge::test_famine_tracking_bridge ... ok
test integration::the_silent_generation_bridge::test_trauma_death_bridge ... ok
test integration::the_silent_generation_bridge::test_trauma_decay_bridge ... ok
test jump_risk_bridge::test_jump_risk_bridge ... ok
test light_pollution_fauna::test_nocturnal_aggression_increases_detection_range ... ok
error: XDG_RUNTIME_DIR is invalid or not set in the environment.
test hauling_execution::tests::test_arrival_handler_clobbers_hauling ... ok
error: XDG_RUNTIME_DIR is invalid or not set in the environment.
test lighting_buildings::test_building_light_affects_pop_speed ... ok
test martyrs_engine::test_martyrs_engine_chronicle_integration ... ok
test martyrs_engine::test_martyrs_engine_vfx_integration ... ok
test mass_driver_chronicle::test_bombardment_emits_chronicle_event ... ok
test medical_conditions::tests::test_healing_system_cures_cryo_trauma ... ok
test medical_conditions::tests::test_healing_system_cures_radiation_sickness ... ok
test medical_notifications::test_death_triggers_notification ... ok
test medical_notifications::test_hospitalization_ignores_other_actions ... ok
test medical_notifications::test_hospitalization_triggers_notification ... ok
test medical_notifications::test_treatment_triggers_notification ... ok
test medical_power::tests::test_blackout_stops_healing ... ok
test medical_power::tests::test_healing_fails_without_power ... ok
test medical_power::tests::test_healing_requires_active_power ... ok
test medical_power::tests::test_hospital_spawns_with_power_consumer ... ok
test mega_quake_chronicle::test_mega_quake_adds_chronicle_event ... ok
test militia_flora::tests::test_drafted_pop_damages_flora ... ok
test militia_flora::tests::test_drafted_pop_targets_flora ... ok
test lighting_buildings::test_tavern_emits_light ... ok
test mining_colony::test_fleet_does_not_unload_elsewhere ... ok
test militia_flora::tests::test_flora_spread_creates_valid_target ... ok
test mining_colony::test_fleet_unloads_cargo_at_colony ... ok
test moon_hermits_chronicle::test_moon_hermits_chronicle_bridge ... ok
test neural_leech_unrest::test_neural_shock_causes_breakdown ... ok
test nanite_fabrication_chronicle::test_nanoforge_containment_breach_emits_chronicle ... ok
test orbital_debris_cult_bridge::test_debris_cult_bridge ... ok
test orbital_commute_bridge::test_orbital_commute_integration ... ok
test orphaned_edict_bridge::test_access_denied_chronicle_bridge ... ok
test orbital_drop_chronicle::test_orbital_drop_emits_chronicle_event ... ok
test orphaned_edict_bridge::test_hack_hub_chronicle_bridge ... ok
test parasitic_architecture_bridge::test_megastructure_consumption_triggers_chronicle_event ... ok
test penal_contracts_bridge::test_penal_funds_to_resources_bridge ... ok
test pheromone_gardening_bridge::tests::test_pheromone_gardening_bridge_calming ... ok
test penal_contracts_bridge::test_prisoner_death_chronicle_bridge ... ok
test pheromone_integration::tests::test_pheromone_affects_morale ... ok
test pheromone_integration::tests::test_strange_flora_has_pheromones ... ok
test pheromone_integration::tests::test_xenomoss_spread_has_pheromones ... ok
test pheromone_gardening_bridge::tests::test_pheromone_gardening_bridge_danger ... ok
test pollution_refinery::test_refinery_emits_pollution ... ok
test placebo_edicts::test_placebo_issued_from_edict ... ok
test power_refining_seam::tests::test_smelter_operates_with_power ... ok
test power_refining_seam::tests::test_smelter_requires_power_to_operate ... ok
test power_utility::tests::test_unpowered_hospital_ignored ... ok
test power_utility::tests::test_unpowered_smelter_ignored ... ok
test predatory_weather::test_predatory_weather_emission_bridge ... ok
test predatory_weather::test_predatory_weather_impact_bridge ... ok
test primitive_retaliation_bridge::tests::test_primitive_retaliation_chronicle_bridge ... ok
test power_utility::tests::test_unpowered_hydroponics_ignored ... ok
test psionics_fire_bridge::test_psionic_fire_event_spawns_fire ... ok
test quirks_atmosphere::test_dense_atmosphere_increases_pollution_retention ... ok
test quirks_atmosphere::test_high_gravity_slows_movement ... ok
test resources_robustness::test_add_nan_is_ignored ... ok
test resources_robustness::test_consume_nan_is_ignored ... ok
test resources_robustness::test_try_deduct_nan_is_rejected ... ok
test retrograde_chronicle::tests::test_retrograde_engineering_integration_flow ... ok
test quirks_atmosphere::test_thin_atmosphere_decreases_pollution_retention ... ok
test sacrilege_effects::test_sacrilege_unrest_bridge ... ok
test sanctuary_ai::test_sanctuary_evaluated_by_ai ... ok
test reverse_quarantine_bridge::tests::test_reverse_quarantine_chronicle_bridge_reject ... ok
test scapegoat_chronicle::test_scapegoat_chronicle_bridge ... ok
error: XDG_RUNTIME_DIR is invalid or not set in the environment.
error: XDG_RUNTIME_DIR is invalid or not set in the environment.
test drone_network::tests::test_drone_spawning ... ok
test sensor_ambiguity_bridge::player_fleets_have_sensors_and_are_identified ... ok
test shadow_market_trade::shadow_market_trade_success ... ok
test sleep_hallucination_bridge::test_hallucination_work_penalty ... ok
error: XDG_RUNTIME_DIR is invalid or not set in the environment.
test light_pollution_fauna::test_nocturnal_aggression_does_not_grow_infinitely ... ok
error: XDG_RUNTIME_DIR is invalid or not set in the environment.
test seismic_vibration::test_generator_emits_vibration ... ok
test social_room_quality::social_class_affects_room_expectations ... ok
test startup_atmosphere::test_ancient_structures_spawn_outside_starter_habitat_buffer ... ok
test startup_atmosphere::test_pop_death_feedback_is_not_camera_burnout ... ok
error: XDG_RUNTIME_DIR is invalid or not set in the environment.
test seismic_vibration::test_flora_agitation ... ok
test startup_atmosphere::test_suffocation_death_reports_atmospheric_breach_reason ... ok
test stellar_weather_bridge::test_stellar_weather_damage_bridge ... ok
test strikes_mining_science::tests::striking_miner_produces_no_progress ... ok
test strikes_mining_science::tests::striking_scientist_makes_no_scan_progress ... ok
test strikes_work::tests::striking_farmer_produces_no_food ... ok
test strikes_work::tests::striking_pop_refuses_work_assignment ... ok
test subspace_pen_pals::test_espionage_loss_integration ... ok
test subspace_pen_pals::test_ethics_shift_integration ... ok
test subspace_pen_pals::test_firewall_comms_policy_integration ... ok
test subspace_pen_pals::test_intel_gain_requires_comms_console_integration ... ok
test swarm_intelligence_bridge::test_swarm_intelligence_does_not_interrupt_charging ... ok
test swarm_intelligence_bridge::test_swarm_intelligence_dumb_drone ... ok
test swarm_intelligence_bridge::test_swarm_intelligence_smart_drone ... ok
test tech_corruption::tests::hydroponics_stops_when_corrupted ... ok
test tech_corruption::tests::smelter_stops_when_corrupted ... ok
test tech_corruption::tests::trash_cannon_stops_when_corrupted ... ok
test tectonic_stress::test_mining_and_explosions_cause_mega_quake ... ok
test temporal_ghost_towns_bridge::test_temporal_stutter_triggers_chronicle_event ... ok
test startup_atmosphere::test_setup_world_bootstraps_breathable_start_for_initial_pops ... ok
test trade_routes_bridge::test_trade_route_resources_bridge_incoming ... ok
test ui_stats::tests::test_status_bar_displays_stats ... ok
test unmet_needs_black_market::test_unmet_luxury_updates_colony_stats ... ok
test trade_routes_bridge::test_trade_route_resources_bridge_outgoing ... ok
test unseen_bureaucracy_bridge::test_unseen_bureaucracy_chronicle_bridge ... ok
test ventilation_atmosphere_bridge::test_atmosphere_diffuses_through_open_vent ... ok
test vermin_items::tests::test_vermin_growth_combined_storage_and_items ... ok
test vermin_items::tests::test_vermin_growth_from_food_items_on_ground ... ok
test vermin_items::tests::test_vermin_growth_from_waste_items_on_ground ... ok
test vermin_morale::test_vermin_affects_morale ... ignored, Probabilistic test flakes locally due to execution mismatch
test vermin_spoilage_rot::tests::test_vermin_accelerates_rot ... ok
test void_weed_smuggler::test_shadow_trader_triggers_merchant_arrival_event ... ok
test void_weed_smuggler::test_smuggler_triggers_merchant_arrival_event ... ok
test void_whispers_chronicle::test_void_whispers_returns_chronicle_event ... ok
test volatile_health::test_explosion_damages_pops ... ok
test vr_pod_integration::tests::test_in_vr_pod_ignores_utility_ai ... ok
test waste_pollution::tests::test_landfill_emits_pollution ... ok
test waste_pollution::tests::test_waste_item_emits_pollution ... ok
test waste_scent::tests::test_landfill_emits_foul_scent ... ok
test waste_scent::tests::test_waste_item_emits_foul_scent ... ok
test weather_energy::auroral_collector_activates_in_storm ... ok
test weather_energy::storm_increases_grid_load ... ok
test ventilation_atmosphere_bridge::test_atmosphere_diffusion_reduced_by_grate ... ok
test weather_energy::weather_can_produce_storm ... ok
test wind_atmosphere::tests::pollution_moves_downwind ... ok
test xenoflora_pet_bridge::test_pet_system_integration ... ok
test social_proximity::test_proximity_social_buff_applied ... ok
test social_proximity::test_proximity_social_debuff_applied ... ok

test result: ok. 194 passed; 0 failed; 5 ignored; 0 measured; 0 filtered out; finished in 6.88s

     Running tests/lore_integrity.rs (target/debug/deps/lore_integrity-8cdcec2665514b11)

running 1 test
test tests::test_lore_parsing ... ignored, Templates missing in test environment

test result: ok. 0 passed; 0 failed; 1 ignored; 0 measured; 0 filtered out; finished in 0.00s

     Running tests/map_overflow.rs (target/debug/deps/map_overflow-d9620e32fc344deb)

running 1 test
test test_distance_chebyshev_overflow_safe ... ok

test result: ok. 1 passed; 0 failed; 0 ignored; 0 measured; 0 filtered out; finished in 0.00s

     Running tests/security_access_control.rs (target/debug/deps/security_access_control-80b92f8dc5c8d69f)

running 1 test
test tests::test_access_control_dead_entity ... ok

test result: ok. 1 passed; 0 failed; 0 ignored; 0 measured; 0 filtered out; finished in 0.00s

     Running tests/security_atmosphere_nan.rs (target/debug/deps/security_atmosphere_nan-622e84f2a147bde0)

running 2 tests
test tests::test_atmosphere_inf_propagation ... ok
test tests::test_update_weather_diffusion_system ... ok

test result: ok. 2 passed; 0 failed; 0 ignored; 0 measured; 0 filtered out; finished in 0.00s

     Running tests/security_chemical_exploit.rs (target/debug/deps/security_chemical_exploit-8bf025c936d5b2f6)

running 1 test
test tests::test_exploit_chemical_speed_explosion ... ok

test result: ok. 1 passed; 0 failed; 0 ignored; 0 measured; 0 filtered out; finished in 0.00s

     Running tests/security_combat_panic.rs (target/debug/deps/security_combat_panic-7adb17af895118dc)

running 1 test
test test_execute_attack_does_not_panic_on_despawned_entity ... ok

test result: ok. 1 passed; 0 failed; 0 ignored; 0 measured; 0 filtered out; finished in 0.00s

     Running tests/security_crowding_overflow.rs (target/debug/deps/security_crowding_overflow-dac1efc5444c29a0)

running 1 test
test tests::test_crowding_grid_overflow_dos - should panic ... ok

test result: ok. 1 passed; 0 failed; 0 ignored; 0 measured; 0 filtered out; finished in 0.00s

     Running tests/security_explosion_overflow.rs (target/debug/deps/security_explosion_overflow-8eedadde1b323490)

running 1 test
test tests::test_explosion_overflow_exploit ... ok

test result: ok. 1 passed; 0 failed; 0 ignored; 0 measured; 0 filtered out; finished in 0.01s

     Running tests/security_inventory_overflow.rs (target/debug/deps/security_inventory_overflow-887ea5b3195ca54b)

running 1 test
test tests::test_exploit_unbounded_allocation ... ok

test result: ok. 1 passed; 0 failed; 0 ignored; 0 measured; 0 filtered out; finished in 0.00s

     Running tests/security_render_overflow.rs (target/debug/deps/security_render_overflow-80caad776e622ae8)

running 1 test
test tests::test_render_overflow ... ok

test result: ok. 1 passed; 0 failed; 0 ignored; 0 measured; 0 filtered out; finished in 0.00s

     Running tests/security_resource_exploit.rs (target/debug/deps/security_resource_exploit-cab7113779a4e660)

running 1 test
test tests::test_exploit_negative_cost ... ok

test result: ok. 1 passed; 0 failed; 0 ignored; 0 measured; 0 filtered out; finished in 0.00s

     Running tests/social_tavern.rs (target/debug/deps/social_tavern-0e69b8db6fdbc827)

running 1 test
test tests::test_social_seam_integration ... ignored, Missing layer2 event queues

test result: ok. 0 passed; 0 failed; 1 ignored; 0 measured; 0 filtered out; finished in 0.00s

     Running tests/test_exploit.rs (target/debug/deps/test_exploit-0959a276c646f675)

running 1 test
test test_exploit_transmute ... ok

test result: ok. 1 passed; 0 failed; 0 ignored; 0 measured; 0 filtered out; finished in 0.00s

     Running tests/ui_hypertile_shell.rs (target/debug/deps/ui_hypertile_shell-09ad324a6e40be6f)

running 2 tests
test invalid_shell_layout_falls_back_to_colony_ops ... ok
test persisted_shell_layout_restores_active_workspace_and_panes ... ok

test result: ok. 2 passed; 0 failed; 0 ignored; 0 measured; 0 filtered out; finished in 0.05s

   Doc-tests scale

running 182 tests
test src/gpu/context.rs - gpu::context::create_instance (line 184) ... ok
test src/layer1/access_control.rs - layer1::access_control (line 8) ... ok
test src/gpu/context.rs - gpu::context::GpuContext (line 25) ... ok
test src/layer1/access_control.rs - layer1::access_control::check_access (line 77) ... ok
test src/layer1/administration/designation.rs - layer1::administration::designation::DesignationType::as_str (line 80) ... ok
test src/layer1/ad_screen.rs - layer1::ad_screen::update_ad_screens_system (line 44) ... ok
test src/layer1/administration/admin.rs - layer1::administration::admin::calculate_admin_stats (line 98) ... ok
test src/layer1/administration/bureaucracy_of_sleep.rs - layer1::administration::bureaucracy_of_sleep::process_sleep_deprivation_system (line 74) ... ok
test src/layer1/administration/designation.rs - layer1::administration::designation::DesignationType::char (line 54) ... ok
test src/layer1/administration/designation.rs - layer1::administration::designation::clamp_area_dimensions (line 337) ... ok
test src/layer1/administration/designation.rs - layer1::administration::designation::has_component_at (line 157) ... ok
test src/layer1/administration/designation.rs - layer1::administration::designation::DesignationType::label (line 106) ... ok
test src/layer1/administration/designation.rs - layer1::administration::designation::try_designate (line 301) ... ok
test src/layer1/administration/designation.rs - layer1::administration::designation::try_designate_area (line 441) ... ok
test src/layer1/administration/edicts.rs - layer1::administration::edicts::ColonyPolicies (line 101) ... ok
test src/layer1/administration/edicts.rs - layer1::administration::edicts::ColonyPolicies (line 68) ... ok
test src/layer1/administration/edicts.rs - layer1::administration::edicts::PolicyState (line 11) ... ok
test src/layer1/administration/edicts.rs - layer1::administration::edicts::PolicyState (line 20) ... ok
test src/layer1/administration/edicts.rs - layer1::administration::edicts::PolicyState (line 29) ... ok
test src/layer1/administration/edicts.rs - layer1::administration::edicts::PolicyState (line 38) ... ok
test src/layer1/administration/edicts.rs - layer1::administration::edicts::ColonyPolicies (line 90) ... ok
test src/layer1/administration/edicts.rs - layer1::administration::edicts::ColonyPolicies (line 79) ... ok
test src/layer1/administration/edicts.rs - layer1::administration::edicts::get_hunger_decay_modifier (line 623) ... ok
test src/layer1/administration/edicts.rs - layer1::administration::edicts::get_work_speed_modifier (line 643) ... ok
test src/layer1/administration/edicts.rs - layer1::administration::edicts::handle_hack_hub_system (line 555) ... ok
test src/layer1/administration/edicts.rs - layer1::administration::edicts::handle_hack_hub_system (line 536) ... ok
test src/layer1/administration/edicts.rs - layer1::administration::edicts::handle_hack_hub_system (line 574) ... ok
test src/layer1/administration/edicts.rs - layer1::administration::edicts::handle_hack_hub_system (line 593) ... ok
test src/layer1/administration/edicts.rs - layer1::administration::edicts::handle_policy_toggle_system (line 461) ... ok
test src/layer1/administration/edicts.rs - layer1::administration::edicts::handle_policy_toggle_system (line 441) ... ok
test src/layer1/administration/edicts.rs - layer1::administration::edicts::handle_policy_toggle_system (line 481) ... ok
test src/layer1/administration/edicts.rs - layer1::administration::edicts::handle_policy_toggle_system (line 501) ... ok
test src/layer1/administration/edicts.rs - layer1::administration::edicts::handle_revoke_policy_system (line 347) ... ok
test src/layer1/administration/edicts.rs - layer1::administration::edicts::handle_revoke_policy_system (line 323) ... ok
test src/layer1/administration/edicts.rs - layer1::administration::edicts::handle_revoke_policy_system (line 371) ... ok
test src/layer1/administration/edicts.rs - layer1::administration::edicts::handle_revoke_policy_system (line 395) ... ok
test src/layer1/administration/edicts.rs - layer1::administration::edicts::update_policy_tradition_system (line 226) ... ok
test src/layer1/administration/edicts.rs - layer1::administration::edicts::update_policy_tradition_system (line 247) ... ok
test src/layer1/architecture/biomimetic.rs - layer1::architecture::biomimetic::BiomimeticShiftEvent (line 21) ... ok
test src/layer1/administration/edicts.rs - layer1::administration::edicts::update_policy_tradition_system (line 268) ... ok
test src/layer1/administration/edicts.rs - layer1::administration::edicts::update_policy_tradition_system (line 289) ... ok
test src/layer1/architecture/building.rs - layer1::architecture::building::BuildingType (line 195) ... ok
test src/layer1/architecture/building.rs - layer1::architecture::building::BuildingType::label (line 614) ... ok
test src/layer1/architecture/building.rs - layer1::architecture::building::BuildingType::next (line 1102) ... ok
test src/layer1/architecture/building.rs - layer1::architecture::building::check_tech_requirements (line 2247) ... ok
test src/layer1/architecture/mod.rs - layer1::architecture::room_quality (line 33) - compile ... ok
test src/layer1/architecture/housing.rs - layer1::architecture::housing::Housing (line 22) ... ok
test src/layer1/architecture/room_quality.rs - layer1::architecture::room_quality::calculate_room_quality (line 74) - compile ... ok
test src/layer1/architecture/housing.rs - layer1::architecture::housing::clean_dead_residents_system (line 124) ... ok
test src/layer1/architecture/parasitic_architecture.rs - layer1::architecture::parasitic_architecture::ParasiticArchitecture (line 14) ... ok
test src/layer1/architecture/symbiotic_infrastructure.rs - layer1::architecture::symbiotic_infrastructure::SymbioticNeeds (line 46) ... ok
test src/layer1/architecture/symbiotic_infrastructure.rs - layer1::architecture::symbiotic_infrastructure::EnvironmentStatus (line 64) ... ok
test src/layer1/architecture/symbiotic_infrastructure.rs - layer1::architecture::symbiotic_infrastructure::SymbioticStructure (line 19) ... ok
test src/layer1/architecture/symbiotic_infrastructure.rs - layer1::architecture::symbiotic_infrastructure::SymbioticStructure (line 30) ... ok
test src/layer1/architecture/housing.rs - layer1::architecture::housing::restore_rest_in_housing_system (line 57) ... ok
test src/layer1/beauty.rs - layer1::beauty::BeautySource (line 26) ... ok
test src/layer1/beauty.rs - layer1::beauty::BeautySource (line 35) - compile fail ... ok
test src/layer1/beauty.rs - layer1::beauty::BeautyGrid::get (line 112) ... ok
test src/layer1/beauty.rs - layer1::beauty::BeautyGrid::new (line 87) ... ok
test src/layer1/biography.rs - layer1::biography::MAX_BIOGRAPHY_EVENTS (line 47) ... ok
test src/layer1/biology/medical.rs - layer1::biology::medical::Hospital (line 77) ... ok
test src/layer1/biology/health.rs - layer1::biology::health::Health (line 25) ... ok
test src/layer1/biology/medical.rs - layer1::biology::medical::MedicalPolicy (line 31) ... ok
test src/layer1/biology/health.rs - layer1::biology::health::Health::take_damage (line 99) ... ok
test src/layer1/biology/health.rs - layer1::biology::health::Health::is_alive (line 75) ... ok
test src/layer1/biology/medical.rs - layer1::biology::medical::PatientTreated (line 53) ... ok
test src/layer1/chemical.rs - layer1::chemical::consume_chemical (line 142) ... ok
test src/layer1/combat.rs - layer1::combat::execute_attack (line 123) ... ok
test src/layer1/core/ai_core.rs - layer1::core::ai_core (line 28) ... ok
test src/layer1/core/chronicle.rs - layer1::core::chronicle::Chronicle::add_event (line 100) ... ok
test src/layer1/core/chronicle.rs - layer1::core::chronicle::EventImportance (line 33) ... ok
test src/layer1/core/map.rs - layer1::core::map::GridPosition (line 103) ... ok
test src/layer1/core/map.rs - layer1::core::map::GridPosition (line 111) ... ok
test src/layer1/core/events.rs - layer1::core::events (line 9) ... ok
test src/layer1/core/map.rs - layer1::core::map::ScreenShake (line 40) ... ok
test src/layer1/cryo.rs - layer1::cryo::CryoStasis (line 19) ... ok
test src/layer1/culture/animism.rs - layer1::culture::animism::evolve_spirits_system (line 87) ... ok
test src/layer1/culture/totems.rs - layer1::culture::totems::Totem (line 19) ... ok
test src/layer1/economy/beacon.rs - layer1::economy::beacon::process_colony_beacon_system (line 21) ... ok
test src/layer1/economy/resources.rs - layer1::economy::resources::ColonyResources (line 97) ... ok
test src/layer1/economy/resources.rs - layer1::economy::resources::ColonyResources (line 110) ... ok
test src/layer1/economy/shadow_market.rs - layer1::economy::shadow_market::can_spawn_trader (line 89) ... ok
test src/layer1/economy/shadow_market.rs - layer1::economy::shadow_market::check_spawn_conditions (line 132) ... ok
test src/layer1/economy/shadow_market.rs - layer1::economy::shadow_market::despawn_in_light_system (line 249) ... ok
test src/layer1/economy/resources.rs - layer1::economy::resources::MiningProgress (line 815) ... ok
test src/layer1/economy/shadow_market.rs - layer1::economy::shadow_market::spawn_shadow_trader_system (line 170) ... ok
test src/layer1/economy/resources.rs - layer1::economy::resources::mine_rock (line 918) ... ok
test src/layer1/economy/shadow_market.rs - layer1::economy::shadow_market::ShadowTrader (line 20) ... ok
test src/layer1/economy/shadow_market.rs - layer1::economy::shadow_market::execute_shadow_item_trade (line 36) ... ok
test src/layer1/entities/drone.rs - layer1::entities::drone::DroneState (line 22) ... ok
test src/layer1/entities/blob.rs - layer1::entities::blob::BlobNode (line 41) ... ok
test src/layer1/entities/blob.rs - layer1::entities::blob::BlobNetwork (line 19) ... ok
test src/layer1/economy/trade.rs - layer1::economy::trade::execute_trade (line 216) ... ok
test src/layer1/entities/fauna_gen.rs - layer1::entities::fauna_gen::FaunaSeed (line 16) ... ok
test src/layer1/entities/pop.rs - layer1::entities::pop::EducationLevel (line 180) ... ok
test src/layer1/entities/mascot.rs - layer1::entities::mascot::Mascot (line 26) ... ok
test src/layer1/entities/pop.rs - layer1::entities::pop::Pop (line 134) ... ok
test src/layer1/entities/pop.rs - layer1::entities::pop::Job (line 149) ... ok
test src/layer1/entities/pop.rs - layer1::entities::pop::PopName (line 67) ... ok
test src/layer1/entities/pop_doppelganger.rs - layer1::entities::pop_doppelganger::Mimic (line 24) ... ok
test src/layer1/entities/pop.rs - layer1::entities::pop::Speed (line 206) ... ok
test src/layer1/entities/pop_doppelganger.rs - layer1::entities::pop_doppelganger::replace_pop_with_mimic (line 56) ... ok
test src/layer1/entities/swarm_intelligence.rs - layer1::entities::swarm_intelligence::DroneBehavior (line 36) ... ok
test src/layer1/entities/pop_doppelganger.rs - layer1::entities::pop_doppelganger::sabotage_system (line 117) ... ok
test src/layer1/entities/swarm_intelligence.rs - layer1::entities::swarm_intelligence::IntelligenceLevel (line 15) ... ok
test src/layer1/entities/pop_doppelganger.rs - layer1::entities::pop_doppelganger::reveal_mimic (line 150) ... ok
test src/layer1/entities/the_visitor.rs - layer1::entities::the_visitor::TheVisitorState (line 19) ... ok
test src/layer1/entities/swarm_intelligence.rs - layer1::entities::swarm_intelligence::update_drone_behavior (line 125) ... ok
test src/layer1/entities/swarm_intelligence.rs - layer1::entities::swarm_intelligence::update_drone_clusters (line 63) ... ok
test src/layer1/entities/vermin.rs - layer1::entities::vermin::VerminState (line 34) ... ok
test src/layer1/environment/bio_acoustic.rs - layer1::environment::bio_acoustic (line 13) ... ok
test src/layer1/environment/orbital_tether.rs - layer1::environment::orbital_tether::OrbitalTetherAnchor (line 22) ... ok
test src/layer1/haunted_assembly_lines.rs - layer1::haunted_assembly_lines::PopDiedInAccidentEvent (line 25) ... ok
test src/layer1/local_tributes.rs - layer1::local_tributes::Leviathan (line 21) ... ok
test src/layer1/mind/mod.rs - layer1::mind::utility_eval_types (line 98) ... ignored
test src/layer1/mind/utility_ai.rs - layer1::mind::utility_ai (line 28) - compile ... ok
test src/layer1/environment/bio_acoustic_miasma.rs - layer1::environment::bio_acoustic_miasma (line 13) ... ok
test src/layer1/mind/mod.rs - layer1::mind (line 36) ... ok
test src/layer1/mind/utility_eval_types.rs - layer1::mind::utility_eval_types::evaluate_candidates (line 339) ... ignored
test src/layer1/heirloom.rs - layer1::heirloom::AncientStructure (line 28) ... ok
test src/layer1/mind/utility_ai.rs - layer1::mind::utility_ai::update_action_timer_system (line 230) ... ok
test src/layer1/mind/utility_ai.rs - layer1::mind::utility_ai::evaluate_actions_system (line 838) ... ok
test src/layer1/mind/utility_types.rs - layer1::mind::utility_types::calculate_context_score (line 436) ... ok
test src/layer1/mind/utility_types.rs - layer1::mind::utility_types::manhattan_distance (line 398) ... ok
test src/layer1/mod.rs - layer1::chemical (line 340) ... ok
test src/layer1/mind/utility_types.rs - layer1::mind::utility_types::need_response_curve (line 376) ... ok
test src/layer1/mod.rs - layer1::clutter (line 369) ... ok
test src/layer1/nature/ecology.rs - layer1::nature::ecology::EcologyConfig (line 35) ... ok
test src/layer1/mod.rs - layer1::day_night (line 215) ... ok
test src/layer1/mod.rs - layer1::defense (line 79) ... ok
test src/layer1/nature/terrain.rs - layer1::nature::terrain::TerrainGrid::get (line 132) ... ok
test src/layer1/nature/terrain.rs - layer1::nature::terrain::TerrainType::name (line 38) ... ok
test src/layer1/nature/terrain.rs - layer1::nature::terrain::TerrainType::is_walkable (line 81) ... ok
test src/layer1/pathfinding.rs - layer1::pathfinding::find_path (line 95) ... ok
test src/layer1/pathfinding.rs - layer1::pathfinding::find_path_for_pop (line 134) ... ok
test src/layer1/physics/acoustic.rs - layer1::physics::acoustic (line 18) ... ok
test src/layer1/physics/hit_stop.rs - layer1::physics::hit_stop (line 13) ... ok
test src/layer1/physics/kinetic_storage.rs - layer1::physics::kinetic_storage (line 17) ... ok
test src/layer1/physics/structural_integrity.rs - layer1::physics::structural_integrity::RoofGrid (line 26) ... ok
test src/layer1/physics/particles.rs - layer1::physics::particles (line 17) ... ok
test src/layer1/physics/pressure.rs - layer1::physics::pressure (line 15) ... ok
test src/layer1/physics/suction.rs - layer1::physics::suction (line 12) ... ok
test src/layer1/physics/vent.rs - layer1::physics::vent::calculate_vent_airflow (line 138) ... ok
test src/layer1/psychology/needs.rs - layer1::psychology::needs::Needs::get (line 105) ... ok
test src/layer1/physics/vent.rs - layer1::physics::vent (line 12) ... ok
test src/layer1/psychology/needs.rs - layer1::psychology::needs::Needs::morale (line 154) ... ok
test src/layer1/psychology/quirks.rs - layer1::psychology::quirks (line 15) ... ok
test src/layer1/psychology/quirks.rs - layer1::psychology::quirks::PlanetaryTrait::day_length_modifier (line 102) ... ok
test src/layer1/psychology/quirks.rs - layer1::psychology::quirks::PlanetaryTrait::diffusion_modifier (line 148) ... ok
test src/layer1/psychology/quirks.rs - layer1::psychology::quirks::PlanetaryTrait::power_output_modifier (line 125) ... ok
test src/layer1/psychology/quirks.rs - layer1::psychology::quirks::PlanetaryTrait::speed_modifier (line 78) ... ok
test src/layer1/religion/prophet_of_the_engine.rs - layer1::religion::prophet_of_the_engine::cult_conversion_system (line 77) ... ok
test src/layer1/religion/prophet_of_the_engine.rs - layer1::religion::prophet_of_the_engine::prophet_vision_system (line 12) ... ok
test src/layer1/religion/prophet_of_the_engine.rs - layer1::religion::prophet_of_the_engine::protest_on_dismantle_system (line 143) ... ok
test src/layer1/social/factions.rs - layer1::social::factions::Factions (line 132) ... ok
test src/layer2/events.rs - layer2::events::DetectionEvent (line 80) ... ok
test src/layer1/tech/mod.rs - layer1::tech::TechState (line 183) ... ok
test src/layer2/events.rs - layer2::events::LaunchEvent (line 21) ... ok
test src/layer2/events.rs - layer2::events::ShipDestroyedEvent (line 51) ... ok
test src/layer2/events_new/reverse_quarantine.rs - layer2::events_new::reverse_quarantine::RefugeeFleetEvent (line 36) ... ok
test src/layer2/events_new/reverse_quarantine.rs - layer2::events_new::reverse_quarantine::process_refugee_decisions_system (line 75) ... ok
test src/layer2/system.rs - layer2::system::Orbit (line 84) ... ok
test src/layer3/council.rs - layer3::council::enforce_resolutions_system (line 39) ... ok
test src/layer3/diplomacy_reflection.rs - layer3::diplomacy_reflection::apply_diplomatic_reactions (line 173) ... ok
test src/layer3/diplomacy_reflection.rs - layer3::diplomacy_reflection::aggregate_colony_stats (line 87) ... ok
test src/layer3/diplomacy_reflection.rs - layer3::diplomacy_reflection::update_diplomatic_traits (line 127) ... ok
test src/layer3/stellar_cartography.rs - layer3::stellar_cartography::decay_chart_freshness_system (line 61) ... ok
test src/layer3/stellar_cartography.rs - layer3::stellar_cartography::handle_jump_risk_system (line 105) ... ok
test src/shared/time.rs - shared::time::SimulationTime (line 32) ... ok
test src/shared/time.rs - shared::time::SimSpeed::label (line 74) ... ok
test src/ui/chronicle.rs - ui::chronicle::get_importance_color (line 72) ... ok
test src/ui/map.rs - ui::map::RenderEntity::priority (line 67) ... ok
test src/lib.rs - (line 32) ... ok
test src/ui/map.rs - ui::map::get_building_color (line 789) ... ok
test src/ui/map.rs - ui::map::get_building_char (line 717) ... ok
test src/ui/map.rs - ui::map::get_designation_char (line 869) ... ok
test src/ui/map.rs - ui::map::get_pop_display (line 966) ... ok
test src/ui/map.rs - ui::map::get_resource_char (line 896) ... ok
test src/ui/map.rs - ui::map::get_resource_color (line 928) ... ok
test src/ui/map.rs - ui::map::get_terrain_char (line 658) ... ok
test src/ui/map.rs - ui::map::get_terrain_color (line 687) ... ok
test src/ui/status.rs - ui::status::get_status_string (line 410) ... ok

test result: ok. 180 passed; 0 failed; 2 ignored; 0 measured; 0 filtered out; finished in 141.98s
